Component: ARM Compiler 5.06 update 3 (build 300) Tool: armlink [4d35c9]

==============================================================================

Section Cross References

    main.o(i.advertising_init) refers to memseta.o(.text) for __aeabi_memclr4
    main.o(i.advertising_init) refers to ble_advertising.o(i.ble_advertising_init) for ble_advertising_init
    main.o(i.advertising_init) refers to app_error.o(i.app_error_handler) for app_error_handler
    main.o(i.advertising_init) refers to main.o(.data) for .data
    main.o(i.advertising_init) refers to main.o(i.on_adv_evt) for on_adv_evt
    main.o(i.assert_nrf_callback) refers to app_error.o(i.app_error_handler) for app_error_handler
    main.o(i.ble_evt_dispatch) refers to ble_conn_params.o(i.ble_conn_params_on_ble_evt) for ble_conn_params_on_ble_evt
    main.o(i.ble_evt_dispatch) refers to ble_nus.o(i.ble_nus_on_ble_evt) for ble_nus_on_ble_evt
    main.o(i.ble_evt_dispatch) refers to main.o(i.on_ble_evt) for on_ble_evt
    main.o(i.ble_evt_dispatch) refers to ble_advertising.o(i.ble_advertising_on_ble_evt) for ble_advertising_on_ble_evt
    main.o(i.ble_evt_dispatch) refers to bsp_btn_ble.o(i.bsp_btn_ble_on_ble_evt) for bsp_btn_ble_on_ble_evt
    main.o(i.ble_evt_dispatch) refers to main.o(.bss) for .bss
    main.o(i.bsp_event_handler) refers to main.o(i.sleep_mode_enter) for sleep_mode_enter
    main.o(i.bsp_event_handler) refers to app_error.o(i.app_error_handler) for app_error_handler
    main.o(i.bsp_event_handler) refers to ble_advertising.o(i.ble_advertising_restart_without_whitelist) for ble_advertising_restart_without_whitelist
    main.o(i.bsp_event_handler) refers to main.o(.data) for .data
    main.o(i.conn_params_error_handler) refers to app_error.o(i.app_error_handler) for app_error_handler
    main.o(i.main) refers to app_timer.o(i.app_timer_init) for app_timer_init
    main.o(i.main) refers to app_error.o(i.app_error_handler) for app_error_handler
    main.o(i.main) refers to app_uart_fifo.o(i.app_uart_init) for app_uart_init
    main.o(i.main) refers to bsp.o(i.bsp_init) for bsp_init
    main.o(i.main) refers to bsp_btn_ble.o(i.bsp_btn_ble_init) for bsp_btn_ble_init
    main.o(i.main) refers to softdevice_handler.o(i.softdevice_handler_init) for softdevice_handler_init
    main.o(i.main) refers to softdevice_handler.o(i.softdevice_ble_evt_handler_set) for softdevice_ble_evt_handler_set
    main.o(i.main) refers to ble_nus.o(i.ble_nus_init) for ble_nus_init
    main.o(i.main) refers to main.o(i.advertising_init) for advertising_init
    main.o(i.main) refers to memseta.o(.text) for __aeabi_memclr4
    main.o(i.main) refers to ble_conn_params.o(i.ble_conn_params_init) for ble_conn_params_init
    main.o(i.main) refers to printf2.o(i.__0printf$2) for __2printf
    main.o(i.main) refers to ble_advertising.o(i.ble_advertising_start) for ble_advertising_start
    main.o(i.main) refers to main.o(.bss) for .bss
    main.o(i.main) refers to main.o(.constdata) for .constdata
    main.o(i.main) refers to main.o(i.uart_event_handle) for uart_event_handle
    main.o(i.main) refers to main.o(i.bsp_event_handler) for bsp_event_handler
    main.o(i.main) refers to main.o(i.ble_evt_dispatch) for ble_evt_dispatch
    main.o(i.main) refers to main.o(i.nus_data_handler) for nus_data_handler
    main.o(i.main) refers to main.o(i.on_conn_params_evt) for on_conn_params_evt
    main.o(i.main) refers to main.o(i.conn_params_error_handler) for conn_params_error_handler
    main.o(i.nus_data_handler) refers to app_uart_fifo.o(i.app_uart_put) for app_uart_put
    main.o(i.on_adv_evt) refers to bsp.o(i.bsp_indication_set) for bsp_indication_set
    main.o(i.on_adv_evt) refers to app_error.o(i.app_error_handler) for app_error_handler
    main.o(i.on_adv_evt) refers to main.o(i.sleep_mode_enter) for sleep_mode_enter
    main.o(i.on_ble_evt) refers to app_error.o(i.app_error_handler) for app_error_handler
    main.o(i.on_ble_evt) refers to bsp.o(i.bsp_indication_set) for bsp_indication_set
    main.o(i.on_ble_evt) refers to main.o(.data) for .data
    main.o(i.on_conn_params_evt) refers to app_error.o(i.app_error_handler) for app_error_handler
    main.o(i.on_conn_params_evt) refers to main.o(.data) for .data
    main.o(i.sleep_mode_enter) refers to bsp.o(i.bsp_indication_set) for bsp_indication_set
    main.o(i.sleep_mode_enter) refers to app_error.o(i.app_error_handler) for app_error_handler
    main.o(i.sleep_mode_enter) refers to bsp_btn_ble.o(i.bsp_btn_ble_sleep_mode_prepare) for bsp_btn_ble_sleep_mode_prepare
    main.o(i.uart_event_handle) refers to app_error.o(i.app_error_handler) for app_error_handler
    main.o(i.uart_event_handle) refers to app_uart_fifo.o(i.app_uart_get) for app_uart_get
    main.o(i.uart_event_handle) refers to ble_nus.o(i.ble_nus_string_send) for ble_nus_string_send
    main.o(i.uart_event_handle) refers to main.o(.bss) for .bss
    main.o(i.uart_event_handle) refers to main.o(.data) for .data
[...]
    printf7.o(i.__0snprintf$7) refers to printf7.o(i._snputc) for _snputc
    printf7.o(i.__0sprintf$7) refers to printf7.o(i._printf_core) for _printf_core
    printf7.o(i.__0sprintf$7) refers to printf7.o(i._sputc) for _sputc
    printf7.o(i.__0vfprintf$7) refers to printf7.o(i._printf_core) for _printf_core
    printf7.o(i.__0vfprintf$7) refers to retarget.o(i.fputc) for fputc
    printf7.o(i.__0vprintf$7) refers to printf7.o(i._printf_core) for _printf_core
    printf7.o(i.__0vprintf$7) refers to retarget.o(i.fputc) for fputc
    printf7.o(i.__0vprintf$7) refers to retarget.o(.data) for __stdout
    printf7.o(i.__0vsnprintf$7) refers to printf7.o(i._printf_core) for _printf_core
    printf7.o(i.__0vsnprintf$7) refers to printf7.o(i._snputc) for _snputc
    printf7.o(i.__0vsprintf$7) refers to printf7.o(i._printf_core) for _printf_core
    printf7.o(i.__0vsprintf$7) refers to printf7.o(i._sputc) for _sputc
    printf7.o(i._printf_core) refers to printf7.o(i._printf_pre_padding) for _printf_pre_padding
    printf7.o(i._printf_core) refers to printf7.o(i._printf_post_padding) for _printf_post_padding
    printf7.o(i._printf_core) refers to uldiv.o(.text) for __aeabi_uldivmod
    printf8.o(i.__0fprintf$8) refers to printf8.o(i._printf_core) for _printf_core
    printf8.o(i.__0fprintf$8) refers to retarget.o(i.fputc) for fputc
    printf8.o(i.__0printf$8) refers to printf8.o(i._printf_core) for _printf_core
    printf8.o(i.__0printf$8) refers to retarget.o(i.fputc) for fputc
    printf8.o(i.__0printf$8) refers to retarget.o(.data) for __stdout
    printf8.o(i.__0snprintf$8) refers to printf8.o(i._printf_core) for _printf_core
    printf8.o(i.__0snprintf$8) refers to printf8.o(i._snputc) for _snputc
    printf8.o(i.__0sprintf$8) refers to printf8.o(i._printf_core) for _printf_core
    printf8.o(i.__0sprintf$8) refers to printf8.o(i._sputc) for _sputc
    printf8.o(i.__0vfprintf$8) refers to printf8.o(i._printf_core) for _printf_core
    printf8.o(i.__0vfprintf$8) refers to retarget.o(i.fputc) for fputc
    printf8.o(i.__0vprintf$8) refers to printf8.o(i._printf_core) for _printf_core
    printf8.o(i.__0vprintf$8) refers to retarget.o(i.fputc) for fputc
    printf8.o(i.__0vprintf$8) refers to retarget.o(.data) for __stdout
    printf8.o(i.__0vsnprintf$8) refers to printf8.o(i._printf_core) for _printf_core
    printf8.o(i.__0vsnprintf$8) refers to printf8.o(i._snputc) for _snputc
    printf8.o(i.__0vsprintf$8) refers to printf8.o(i._printf_core) for _printf_core
    printf8.o(i.__0vsprintf$8) refers to printf8.o(i._sputc) for _sputc
    printf8.o(i._printf_core) refers to printf8.o(i._printf_pre_padding) for _printf_pre_padding
    printf8.o(i._printf_core) refers to printf8.o(i._printf_post_padding) for _printf_post_padding
    printf8.o(i._printf_core) refers to uldiv.o(.text) for __aeabi_uldivmod
    printfa.o(i.__0fprintf) refers (Special) to iusefp.o(.text) for __I$use$fp
    printfa.o(i.__0fprintf) refers to printfa.o(i._printf_core) for _printf_core
    printfa.o(i.__0fprintf) refers to retarget.o(i.fputc) for fputc
    printfa.o(i.__0printf) refers (Special) to iusefp.o(.text) for __I$use$fp
    printfa.o(i.__0printf) refers to printfa.o(i._printf_core) for _printf_core
    printfa.o(i.__0printf) refers to retarget.o(i.fputc) for fputc
    printfa.o(i.__0printf) refers to retarget.o(.data) for __stdout
    printfa.o(i.__0snprintf) refers (Special) to iusefp.o(.text) for __I$use$fp
    printfa.o(i.__0snprintf) refers to printfa.o(i._printf_core) for _printf_core
    printfa.o(i.__0snprintf) refers to printfa.o(i._snputc) for _snputc
    printfa.o(i.__0sprintf) refers (Special) to iusefp.o(.text) for __I$use$fp
    printfa.o(i.__0sprintf) refers to printfa.o(i._printf_core) for _printf_core
    printfa.o(i.__0sprintf) refers to printfa.o(i._sputc) for _sputc
    printfa.o(i.__0vfprintf) refers (Special) to iusefp.o(.text) for __I$use$fp
    printfa.o(i.__0vfprintf) refers to printfa.o(i._printf_core) for _printf_core
    printfa.o(i.__0vfprintf) refers to retarget.o(i.fputc) for fputc
    printfa.o(i.__0vprintf) refers (Special) to iusefp.o(.text) for __I$use$fp
    printfa.o(i.__0vprintf) refers to printfa.o(i._printf_core) for _printf_core
    printfa.o(i.__0vprintf) refers to retarget.o(i.fputc) for fputc
    printfa.o(i.__0vprintf) refers to retarget.o(.data) for __stdout
    printfa.o(i.__0vsnprintf) refers (Special) to iusefp.o(.text) for __I$use$fp
    printfa.o(i.__0vsnprintf) refers to printfa.o(i._printf_core) for _printf_core
    printfa.o(i.__0vsnprintf) refers to printfa.o(i._snputc) for _snputc
    printfa.o(i.__0vsprintf) refers (Special) to iusefp.o(.text) for __I$use$fp
    printfa.o(i.__0vsprintf) refers to printfa.o(i._printf_core) for _printf_core
    printfa.o(i.__0vsprintf) refers to printfa.o(i._sputc) for _sputc
    printfa.o(i._fp_digits) refers (Special) to iusefp.o(.text) for __I$use$fp
    printfa.o(i._fp_digits) refers to dmul.o(.text) for __aeabi_dmul
    printfa.o(i._fp_digits) refers to ddiv.o(.text) for __aeabi_ddiv
    printfa.o(i._fp_digits) refers to cdrcmple.o(.text) for __aeabi_cdrcmple
    printfa.o(i._fp_digits) refers to dadd.o(.text) for __aeabi_dadd
    printfa.o(i._fp_digits) refers to dfixul.o(.text) for __aeabi_d2ulz
    printfa.o(i._fp_digits) refers to uldiv.o(.text) for __aeabi_uldivmod
    printfa.o(i._printf_core) refers (Special) to iusefp.o(.text) for __I$use$fp
    printfa.o(i._printf_core) refers to printfa.o(i._printf_pre_padding) for _printf_pre_padding
    printfa.o(i._printf_core) refers to uldiv.o(.text) for __aeabi_uldivmod
    printfa.o(i._printf_core) refers to printfa.o(i._printf_post_padding) for _printf_post_padding
    printfa.o(i._printf_core) refers to printfa.o(i._fp_digits) for _fp_digits
    printfa.o(i._printf_core) refers to uidiv.o(.text) for __aeabi_uidivmod
    printfa.o(i._printf_post_padding) refers (Special) to iusefp.o(.text) for __I$use$fp
    printfa.o(i._printf_pre_padding) refers (Special) to iusefp.o(.text) for __I$use$fp
    printfa.o(i._snputc) refers (Special) to iusefp.o(.text) for __I$use$fp
    printfa.o(i._sputc) refers (Special) to iusefp.o(.text) for __I$use$fp
    entry2.o(.ARM.Collect$$$$00000001) refers to entry2.o(.ARM.Collect$$$$00002712) for __lit__00000000
    entry2.o(.ARM.Collect$$$$00002712) refers to arm_startup_nrf51.o(STACK) for __initial_sp
    entry2.o(__vectab_stack_and_reset_area) refers to arm_startup_nrf51.o(STACK) for __initial_sp
    entry2.o(__vectab_stack_and_reset_area) refers to entry.o(.ARM.Collect$$$$00000000) for __main
    entry5.o(.ARM.Collect$$$$00000004) refers to init.o(.text) for __scatterload
    entry9a.o(.ARM.Collect$$$$0000000B) refers to main.o(i.main) for main
    entry9b.o(.ARM.Collect$$$$0000000C) refers to main.o(i.main) for main
    uldiv.o(.text) refers to llushr.o(.text) for __aeabi_llsr
    uldiv.o(.text) refers to llshl.o(.text) for __aeabi_llsl
    dadd.o(.text) refers to llshl.o(.text) for __aeabi_llsl
    dadd.o(.text) refers to llsshr.o(.text) for __aeabi_lasr
    dadd.o(.text) refers to depilogue.o(.text) for _double_epilogue
    dmul.o(.text) refers to depilogue.o(.text) for _double_epilogue
    ddiv.o(.text) refers to depilogue.o(.text) for _double_round
    dfixul.o(.text) refers to llushr.o(.text) for __aeabi_llsr
    dfixul.o(.text) refers to llshl.o(.text) for __aeabi_llsl
    init.o(.text) refers to entry5.o(.ARM.Collect$$$$00000004) for __main_after_scatterload
    depilogue.o(.text) refers to depilogue.o(i.__ARM_clz) for __ARM_clz
    depilogue.o(.text) refers to llshl.o(.text) for __aeabi_llsl
    depilogue.o(.text) refers to llushr.o(.text) for __aeabi_llsr


==============================================================================

Removing Unused input sections from the image.

    Removing main.o(.rev16_text), (4 bytes).
    Removing main.o(.revsh_text), (4 bytes).
    Removing main.o(i.assert_nrf_callback), (20 bytes).
    Removing bsp.o(.rev16_text), (4 bytes).
    Removing bsp.o(.revsh_text), (4 bytes).
    Removing bsp.o(i.bsp_buttons_disable), (8 bytes).
    Removing bsp.o(i.bsp_buttons_enable), (8 bytes).
    Removing bsp.o(i.bsp_buttons_state_get), (60 bytes).
    Removing bsp.o(i.bsp_indication_text_set), (8 bytes).
    Removing bsp_btn_ble.o(.rev16_text), (4 bytes).
    Removing bsp_btn_ble.o(.revsh_text), (4 bytes).
    Removing arm_startup_nrf51.o(HEAP), (2048 bytes).
    Removing system_nrf51.o(.rev16_text), (4 bytes).
    Removing system_nrf51.o(.revsh_text), (4 bytes).
    Removing system_nrf51.o(i.SystemCoreClockUpdate), (16 bytes).
    Removing ble_advertising.o(.rev16_text), (4 bytes).
    Removing ble_advertising.o(.revsh_text), (4 bytes).
    Removing ble_advertising.o(i.ble_advertising_on_sys_evt), (48 bytes).
    Removing ble_advertising.o(i.ble_advertising_peer_addr_reply), (48 bytes).
    Removing ble_advertising.o(i.ble_advertising_whitelist_reply), (84 bytes).
    Removing ble_conn_params.o(i.ble_conn_params_change_conn_params), (80 bytes).
    Removing ble_conn_params.o(i.ble_conn_params_stop), (16 bytes).
    Removing ble_srv_common.o(i.ble_srv_ascii_to_utf8), (18 bytes).
    Removing ble_srv_common.o(i.ble_srv_report_ref_encode), (12 bytes).
    Removing ble_srv_common.o(i.characteristic_add), (264 bytes).
    Removing ble_srv_common.o(i.set_security_req), (52 bytes).
    Removing app_uart_fifo.o(.rev16_text), (4 bytes).
    Removing app_uart_fifo.o(.revsh_text), (4 bytes).
    Removing app_uart_fifo.o(i.app_uart_close), (36 bytes).
    Removing app_uart_fifo.o(i.app_uart_flush), (28 bytes).
    Removing app_uart_fifo.o(i.app_uart_get_connection_state), (20 bytes).
    Removing nrf_delay.o(.rev16_text), (4 bytes).
    Removing nrf_delay.o(.revsh_text), (4 bytes).
    Removing nrf_delay.o(.emb_text), (30 bytes).
    Removing nrf_delay.o(i.nrf_delay_ms), (28 bytes).
    Removing nrf_drv_common.o(.rev16_text), (4 bytes).
    Removing nrf_drv_common.o(.revsh_text), (4 bytes).
    Removing nrf_drv_gpiote.o(.rev16_text), (4 bytes).
    Removing nrf_drv_gpiote.o(.revsh_text), (4 bytes).
    Removing nrf_drv_gpiote.o(i.nrf_drv_gpiote_in_event_addr_get), (24 bytes).
    Removing nrf_drv_gpiote.o(i.nrf_drv_gpiote_in_event_disable), (84 bytes).
    Removing nrf_drv_gpiote.o(i.nrf_drv_gpiote_in_uninit), (84 bytes).
    Removing nrf_drv_gpiote.o(i.nrf_drv_gpiote_out_clear), (16 bytes).
    Removing nrf_drv_gpiote.o(i.nrf_drv_gpiote_out_set), (16 bytes).
    Removing nrf_drv_gpiote.o(i.nrf_drv_gpiote_out_task_addr_get), (20 bytes).
    Removing nrf_drv_gpiote.o(i.nrf_drv_gpiote_out_task_disable), (32 bytes).
    Removing nrf_drv_gpiote.o(i.nrf_drv_gpiote_out_task_enable), (48 bytes).
    Removing nrf_drv_gpiote.o(i.nrf_drv_gpiote_out_task_force), (48 bytes).
    Removing nrf_drv_gpiote.o(i.nrf_drv_gpiote_out_task_trigger), (24 bytes).
    Removing nrf_drv_gpiote.o(i.nrf_drv_gpiote_out_toggle), (28 bytes).
    Removing nrf_drv_gpiote.o(i.nrf_drv_gpiote_out_uninit), (52 bytes).
    Removing nrf_drv_gpiote.o(i.nrf_drv_gpiote_uninit), (56 bytes).
    Removing pstorage.o(.rev16_text), (4 bytes).
    Removing pstorage.o(.revsh_text), (4 bytes).
    Removing pstorage.o(i.app_notify), (44 bytes).
    Removing pstorage.o(i.app_notify_error_state_transit), (32 bytes).
    Removing pstorage.o(i.clear_operation_execute), (260 bytes).
    Removing pstorage.o(i.clear_post_processing_run), (36 bytes).
    Removing pstorage.o(i.cmd_process), (56 bytes).
    Removing pstorage.o(i.cmd_queue_element_init), (32 bytes).
    Removing pstorage.o(i.cmd_queue_enqueue), (76 bytes).
    Removing pstorage.o(i.command_end_procedure_run), (60 bytes).
    Removing pstorage.o(i.data_page_erase_state_run), (84 bytes).
    Removing pstorage.o(i.data_to_swap_write_state_run), (40 bytes).
    Removing pstorage.o(i.flash_api_err_code_process), (32 bytes).
    Removing pstorage.o(i.flash_operation_success_run), (128 bytes).
    Removing pstorage.o(i.flash_page_erase), (10 bytes).
    Removing pstorage.o(i.flash_write), (10 bytes).
    Removing pstorage.o(i.head_restore_state_run), (120 bytes).
    Removing pstorage.o(i.is_page_erase_required), (68 bytes).
    Removing pstorage.o(i.is_word_aligned), (12 bytes).
    Removing pstorage.o(i.main_state_err_busy_process), (24 bytes).
    Removing pstorage.o(i.pstorage_block_identifier_get), (84 bytes).
    Removing pstorage.o(i.pstorage_clear), (164 bytes).
    Removing pstorage.o(i.pstorage_flash_page_end), (36 bytes).
    Removing pstorage.o(i.pstorage_flash_page_size), (10 bytes).
    Removing pstorage.o(i.pstorage_init), (76 bytes).
    Removing pstorage.o(i.pstorage_load), (168 bytes).
    Removing pstorage.o(i.pstorage_register), (180 bytes).
    Removing pstorage.o(i.pstorage_store), (144 bytes).
    Removing pstorage.o(i.pstorage_sys_event_handler), (76 bytes).
    Removing pstorage.o(i.pstorage_update), (144 bytes).
    Removing pstorage.o(i.sm_state_change), (72 bytes).
    Removing pstorage.o(i.state_data_erase_swap_entry_run), (100 bytes).
    Removing pstorage.o(i.state_erase_data_page_entry_run), (16 bytes).
    Removing pstorage.o(i.state_restore_head_entry_run), (40 bytes).
    Removing pstorage.o(i.state_restore_tail_entry_run), (76 bytes).
    Removing pstorage.o(i.state_swap_erase_entry_run), (32 bytes).
    Removing pstorage.o(i.state_write_data_swap_entry_run), (48 bytes).
    Removing pstorage.o(i.store_cmd_flash_write_execute), (92 bytes).
    Removing pstorage.o(i.swap_erase_state_run), (28 bytes).
    Removing pstorage.o(i.swap_sub_state_err_busy_process), (24 bytes).
    Removing pstorage.o(i.swap_sub_state_state_change), (20 bytes).
    Removing pstorage.o(i.tail_restore_state_run), (28 bytes).
    Removing pstorage.o(.constdata), (40 bytes).
    Removing app_button.o(.rev16_text), (4 bytes).
    Removing app_button.o(.revsh_text), (4 bytes).
    Removing app_button.o(i.app_button_disable), (40 bytes).
    Removing app_button.o(i.app_button_is_pushed), (44 bytes).
    Removing app_error.o(.rev16_text), (4 bytes).
    Removing app_error.o(.revsh_text), (4 bytes).
    Removing app_fifo.o(i.app_fifo_flush), (8 bytes).
    Removing app_timer.o(.rev16_text), (4 bytes).
    Removing app_timer.o(.revsh_text), (4 bytes).
    Removing app_timer.o(i.app_timer_cnt_diff_compute), (12 bytes).
    Removing app_timer.o(i.app_timer_cnt_get), (16 bytes).
    Removing app_timer.o(i.app_timer_stop_all), (68 bytes).
    Removing retarget.o(.rev16_text), (4 bytes).
    Removing retarget.o(.revsh_text), (4 bytes).
    Removing retarget.o(i.fgetc), (18 bytes).
    Removing retarget.o(.data), (4 bytes).
    Removing softdevice_handler.o(.rev16_text), (4 bytes).
    Removing softdevice_handler.o(.revsh_text), (4 bytes).
    Removing softdevice_handler.o(i.softdevice_handler_sd_disable), (24 bytes).
    Removing softdevice_handler.o(i.softdevice_sys_evt_handler_set), (20 bytes).
    Removing dadd.o(.text), (356 bytes).
    Removing dmul.o(.text), (208 bytes).
    Removing ddiv.o(.text), (240 bytes).
    Removing dfixul.o(.text), (64 bytes).
    Removing cdrcmple.o(.text), (40 bytes).
    Removing depilogue.o(.text), (190 bytes).
    Removing depilogue.o(i.__ARM_clz), (46 bytes).

122 unused section(s) (total 7804 bytes) removed from the image.

==============================================================================

Image Symbol Table

    Local Symbols

    Symbol Name                              Value     Ov Type        Size  Object(Section)

    ../clib/microlib/division.c              0x00000000   Number         0  uidiv.o ABSOLUTE
    ../clib/microlib/division.c              0x00000000   Number         0  idiv.o ABSOLUTE
    ../clib/microlib/division.c              0x00000000   Number         0  uldiv.o ABSOLUTE
    ../clib/microlib/init/entry.s            0x00000000   Number         0  entry8b.o ABSOLUTE
    ../clib/microlib/init/entry.s            0x00000000   Number         0  entry9a.o ABSOLUTE
    ../clib/microlib/init/entry.s            0x00000000   Number         0  entry9b.o ABSOLUTE
    ../clib/microlib/init/entry.s            0x00000000   Number         0  entry10a.o ABSOLUTE
    ../clib/microlib/init/entry.s            0x00000000   Number         0  entry7b.o ABSOLUTE
    ../clib/microlib/init/entry.s            0x00000000   Number         0  entry7a.o ABSOLUTE
    ../clib/microlib/init/entry.s            0x00000000   Number         0  entry.o ABSOLUTE
    ../clib/microlib/init/entry.s            0x00000000   Number         0  entry10b.o ABSOLUTE
    ../clib/microlib/init/entry.s            0x00000000   Number         0  entry5.o ABSOLUTE
    ../clib/microlib/init/entry.s            0x00000000   Number         0  entry11b.o ABSOLUTE
    ../clib/microlib/init/entry.s            0x00000000   Number         0  entry11a.o ABSOLUTE
    ../clib/microlib/init/entry.s            0x00000000   Number         0  entry2.o ABSOLUTE
    ../clib/microlib/init/entry.s            0x00000000   Number         0  entry8a.o ABSOLUTE
    ../clib/microlib/longlong.c              0x00000000   Number         0  llushr.o ABSOLUTE
    ../clib/microlib/longlong.c              0x00000000   Number         0  llshl.o ABSOLUTE
    ../clib/microlib/longlong.c              0x00000000   Number         0  llsshr.o ABSOLUTE
    ../clib/microlib/printf/printf.c         0x00000000   Number         0  printf2.o ABSOLUTE
    ../clib/microlib/printf/printf.c         0x00000000   Number         0  printf1.o ABSOLUTE
    ../clib/microlib/printf/printf.c         0x00000000   Number         0  printf3.o ABSOLUTE
    ../clib/microlib/printf/printf.c         0x00000000   Number         0  printf4.o ABSOLUTE
    ../clib/microlib/printf/printf.c         0x00000000   Number         0  printf0.o ABSOLUTE
    ../clib/microlib/printf/printf.c         0x00000000   Number         0  printfb.o ABSOLUTE
    ../clib/microlib/printf/printf.c         0x00000000   Number         0  printf6.o ABSOLUTE
    ../clib/microlib/printf/printf.c         0x00000000   Number         0  printf7.o ABSOLUTE
    ../clib/microlib/printf/printf.c         0x00000000   Number         0  printfa.o ABSOLUTE
    ../clib/microlib/printf/printf.c         0x00000000   Number         0  printf8.o ABSOLUTE
    ../clib/microlib/printf/printf.c         0x00000000   Number         0  printf5.o ABSOLUTE
    ../clib/microlib/printf/stubs.s          0x00000000   Number         0  stubs.o ABSOLUTE
    ../clib/microlib/string/memcpy.c         0x00000000   Number         0  memcpyb.o ABSOLUTE
    ../clib/microlib/string/memcpy.c         0x00000000   Number         0  memcpya.o ABSOLUTE
    ../clib/microlib/string/memset.c         0x00000000   Number         0  memseta.o ABSOLUTE
    ../clib/microlib/string/strlen.c         0x00000000   Number         0  strlen.o ABSOLUTE
    ../clib/microlib/stubs.s                 0x00000000   Number         0  iusefp.o ABSOLUTE
    ../fplib/microlib/fpadd.c                0x00000000   Number         0  dadd.o ABSOLUTE
    ../fplib/microlib/fpdiv.c                0x00000000   Number         0  ddiv.o ABSOLUTE
    ../fplib/microlib/fpepilogue.c           0x00000000   Number         0  depilogue.o ABSOLUTE
    ../fplib/microlib/fpfix.c                0x00000000   Number         0  dfixul.o ABSOLUTE
    ../fplib/microlib/fpmul.c                0x00000000   Number         0  dmul.o ABSOLUTE
    ..\..\..\..\..\..\components\ble\ble_advertising\ble_advertising.c 0x00000000   Number         0  ble_advertising.o ABSOLUTE
    ..\..\..\..\..\..\components\ble\ble_services\ble_nus\ble_nus.c 0x00000000   Number         0  ble_nus.o ABSOLUTE
    ..\..\..\..\..\..\components\ble\common\ble_advdata.c 0x00000000   Number         0  ble_advdata.o ABSOLUTE
    ..\..\..\..\..\..\components\ble\common\ble_conn_params.c 0x00000000   Number         0  ble_conn_params.o ABSOLUTE
    ..\..\..\..\..\..\components\ble\common\ble_srv_common.c 0x00000000   Number         0  ble_srv_common.o ABSOLUTE
    ..\..\..\..\..\..\components\drivers_nrf\common\nrf_drv_common.c 0x00000000   Number         0  nrf_drv_common.o ABSOLUTE
    ..\..\..\..\..\..\components\drivers_nrf\gpiote\nrf_drv_gpiote.c 0x00000000   Number         0  nrf_drv_gpiote.o ABSOLUTE
    ..\..\..\..\..\..\components\drivers_nrf\hal\nrf_delay.c 0x00000000   Number         0  nrf_delay.o ABSOLUTE
    ..\..\..\..\..\..\components\drivers_nrf\pstorage\pstorage.c 0x00000000   Number         0  pstorage.o ABSOLUTE
    ..\..\..\..\..\..\components\drivers_nrf\uart\app_uart_fifo.c 0x00000000   Number         0  app_uart_fifo.o ABSOLUTE
    ..\..\..\..\..\..\components\libraries\button\app_button.c 0x00000000   Number         0  app_button.o ABSOLUTE
    ..\..\..\..\..\..\components\libraries\fifo\app_fifo.c 0x00000000   Number         0  app_fifo.o ABSOLUTE
    ..\..\..\..\..\..\components\libraries\timer\app_timer.c 0x00000000   Number         0  app_timer.o ABSOLUTE
    ..\..\..\..\..\..\components\libraries\trace\app_trace.c 0x00000000   Number         0  app_trace.o ABSOLUTE
    ..\..\..\..\..\..\components\libraries\uart\retarget.c 0x00000000   Number         0  retarget.o ABSOLUTE
    ..\..\..\..\..\..\components\libraries\util\app_error.c 0x00000000   Number         0  app_error.o ABSOLUTE
    ..\..\..\..\..\..\components\libraries\util\nrf_assert.c 0x00000000   Number         0  nrf_assert.o ABSOLUTE
    ..\..\..\..\..\..\components\softdevice\common\softdevice_handler\softdevice_handler.c 0x00000000   Number         0  softdevice_handler.o ABSOLUTE
    ..\..\..\..\..\..\components\toolchain\arm\arm_startup_nrf51.s 0x00000000   Number         0  arm_startup_nrf51.o ABSOLUTE
    ..\..\..\..\..\..\components\toolchain\system_nrf51.c 0x00000000   Number         0  system_nrf51.o ABSOLUTE
    ..\..\..\..\..\bsp\bsp.c                 0x00000000   Number         0  bsp.o ABSOLUTE
    ..\..\..\..\..\bsp\bsp_btn_ble.c         0x00000000   Number         0  bsp_btn_ble.o ABSOLUTE
    ..\..\..\main.c                          0x00000000   Number         0  main.o ABSOLUTE
    ..\\..\\..\\..\\..\\..\\components\\ble\\ble_advertising\\ble_advertising.c 0x00000000   Number         0  ble_advertising.o ABSOLUTE
    ..\\..\\..\\..\\..\\..\\components\\drivers_nrf\\common\\nrf_drv_common.c 0x00000000   Number         0  nrf_drv_common.o ABSOLUTE
    ..\\..\\..\\..\\..\\..\\components\\drivers_nrf\\gpiote\\nrf_drv_gpiote.c 0x00000000   Number         0  nrf_drv_gpiote.o ABSOLUTE
    ..\\..\\..\\..\\..\\..\\components\\drivers_nrf\\hal\\nrf_delay.c 0x00000000   Number         0  nrf_delay.o ABSOLUTE
    ..\\..\\..\\..\\..\\..\\components\\drivers_nrf\\pstorage\\pstorage.c 0x00000000   Number         0  pstorage.o ABSOLUTE
    ..\\..\\..\\..\\..\\..\\components\\drivers_nrf\\uart\\app_uart_fifo.c 0x00000000   Number         0  app_uart_fifo.o ABSOLUTE
    ..\\..\\..\\..\\..\\..\\components\\libraries\\button\\app_button.c 0x00000000   Number         0  app_button.o ABSOLUTE
    ..\\..\\..\\..\\..\\..\\components\\libraries\\timer\\app_timer.c 0x00000000   Number         0  app_timer.o ABSOLUTE
    ..\\..\\..\\..\\..\\..\\components\\libraries\\uart\\retarget.c 0x00000000   Number         0  retarget.o ABSOLUTE
    ..\\..\\..\\..\\..\\..\\components\\libraries\\util\\app_error.c 0x00000000   Number         0  app_error.o ABSOLUTE
    ..\\..\\..\\..\\..\\..\\components\\softdevice\\common\\softdevice_handler\\softdevice_handler.c 0x00000000   Number         0  softdevice_handler.o ABSOLUTE
    ..\\..\\..\\..\\..\\..\\components\\toolchain\\system_nrf51.c 0x00000000   Number         0  system_nrf51.o ABSOLUTE
    ..\\..\\..\\..\\..\\bsp\\bsp.c           0x00000000   Number         0  bsp.o ABSOLUTE
    ..\\..\\..\\..\\..\\bsp\\bsp_btn_ble.c   0x00000000   Number         0  bsp_btn_ble.o ABSOLUTE
    ..\\..\\..\\main.c                       0x00000000   Number         0  main.o ABSOLUTE
    cdrcmple.s                               0x00000000   Number         0  cdrcmple.o ABSOLUTE
    dc.s                                     0x00000000   Number         0  dc.o ABSOLUTE
    handlers.s                               0x00000000   Number         0  handlers.o ABSOLUTE
    init.s                                   0x00000000   Number         0  init.o ABSOLUTE
    RESET                                    0x0001c000   Section      192  arm_startup_nrf51.o(RESET)
    .ARM.Collect$$$$00000000                 0x0001c0c0   Section        0  entry.o(.ARM.Collect$$$$00000000)
    .ARM.Collect$$$$00000001                 0x0001c0c0   Section        4  entry2.o(.ARM.Collect$$$$00000001)
    .ARM.Collect$$$$00000004                 0x0001c0c4   Section        4  entry5.o(.ARM.Collect$$$$00000004)
    .ARM.Collect$$$$00000008                 0x0001c0c8   Section        0  entry7b.o(.ARM.Collect$$$$00000008)
    .ARM.Collect$$$$0000000A                 0x0001c0c8   Section        0  entry8b.o(.ARM.Collect$$$$0000000A)
    .ARM.Collect$$$$0000000B                 0x0001c0c8   Section        8  entry9a.o(.ARM.Collect$$$$0000000B)
    .ARM.Collect$$$$0000000D                 0x0001c0d0   Section        0  entry10a.o(.ARM.Collect$$$$0000000D)
    .ARM.Collect$$$$0000000F                 0x0001c0d0   Section        0  entry11a.o(.ARM.Collect$$$$0000000F)
    .ARM.Collect$$$$00002712                 0x0001c0d0   Section        4  entry2.o(.ARM.Collect$$$$00002712)
    __lit__00000000                          0x0001c0d0   Data           4  entry2.o(.ARM.Collect$$$$00002712)
    .emb_text                                0x0001c0d4   Section       30  app_timer.o(.emb_text)
    .text                                    0x0001c0f4   Section       56  arm_startup_nrf51.o(.text)
    .text                                    0x0001c12c   Section        0  uidiv.o(.text)
    .text                                    0x0001c158   Section        0  memcpya.o(.text)
    .text                                    0x0001c17c   Section        0  memseta.o(.text)
    .text                                    0x0001c1a0   Section       36  init.o(.text)
    i.GPIOTE_IRQHandler                      0x0001c1c4   Section        0  nrf_drv_gpiote.o(i.GPIOTE_IRQHandler)
    i.NVIC_SetPriority                       0x0001c2cc   Section        0  app_timer.o(i.NVIC_SetPriority)
    NVIC_SetPriority                         0x0001c2cd   Thumb Code    60  app_timer.o(i.NVIC_SetPriority)
    i.RTC1_IRQHandler                        0x0001c310   Section        0  app_timer.o(i.RTC1_IRQHandler)
    i.SWI0_IRQHandler                        0x0001c330   Section        0  app_timer.o(i.SWI0_IRQHandler)
    i.SWI2_IRQHandler                        0x0001c384   Section        0  softdevice_handler.o(i.SWI2_IRQHandler)
    i.SystemInit                             0x0001c3a8   Section        0  system_nrf51.o(i.SystemInit)
    i.UART0_IRQHandler                       0x0001c3fc   Section        0  app_uart_fifo.o(i.UART0_IRQHandler)
    i.__0printf$2                            0x0001c47c   Section        0  printf2.o(i.__0printf$2)
    i.__ARM_common_switch8                   0x0001c49c   Section        0  bsp.o(i.__ARM_common_switch8)
    i.__scatterload_copy                     0x0001c4b6   Section       14  handlers.o(i.__scatterload_copy)
    i.__scatterload_null                     0x0001c4c4   Section        2  handlers.o(i.__scatterload_null)
    i.__scatterload_zeroinit                 0x0001c4c6   Section       14  handlers.o(i.__scatterload_zeroinit)
    i._printf_core                           0x0001c4d4   Section        0  printf2.o(i._printf_core)
    _printf_core                             0x0001c4d5   Thumb Code   210  printf2.o(i._printf_core)
    i.action_tx_send                         0x0001c5a8   Section        0  app_uart_fifo.o(i.action_tx_send)
    action_tx_send                           0x0001c5a9   Thumb Code    56  app_uart_fifo.o(i.action_tx_send)
    i.action_tx_stop                         0x0001c5f4   Section        0  app_uart_fifo.o(i.action_tx_stop)
    i.action_uart_deactivate                 0x0001c618   Section        0  app_uart_fifo.o(i.action_uart_deactivate)
    action_uart_deactivate                   0x0001c619   Thumb Code    20  app_uart_fifo.o(i.action_uart_deactivate)
    i.adv_data_encode                        0x0001c638   Section        0  ble_advdata.o(i.adv_data_encode)
    adv_data_encode                          0x0001c639   Thumb Code   330  ble_advdata.o(i.adv_data_encode)
    i.advertising_buttons_configure          0x0001c782   Section        0  bsp_btn_ble.o(i.advertising_buttons_configure)
    advertising_buttons_configure            0x0001c783   Thumb Code    60  bsp_btn_ble.o(i.advertising_buttons_configure)
    i.advertising_init                       0x0001c7c0   Section        0  main.o(i.advertising_init)
    advertising_init                         0x0001c7c1   Thumb Code    94  main.o(i.advertising_init)
    i.alert_timer_handler                    0x0001c828   Section        0  bsp.o(i.alert_timer_handler)
    alert_timer_handler                      0x0001c829   Thumb Code    20  bsp.o(i.alert_timer_handler)
    i.app_button_enable                      0x0001c840   Section        0  app_button.o(i.app_button_enable)
    i.app_button_init                        0x0001c864   Section        0  app_button.o(i.app_button_init)
    i.app_error_handler                      0x0001c8dc   Section        0  app_error.o(i.app_error_handler)
    i.app_fifo_get                           0x0001c8f4   Section        0  app_fifo.o(i.app_fifo_get)
    i.app_fifo_init                          0x0001c916   Section        0  app_fifo.o(i.app_fifo_init)
    i.app_fifo_put                           0x0001c93a   Section        0  app_fifo.o(i.app_fifo_put)
    i.app_timer_create                       0x0001c95c   Section        0  app_timer.o(i.app_timer_create)
    i.app_timer_init                         0x0001c9a8   Section        0  app_timer.o(i.app_timer_init)
    i.app_timer_start                        0x0001ca5c   Section        0  app_timer.o(i.app_timer_start)
    i.app_timer_stop                         0x0001cae0   Section        0  app_timer.o(i.app_timer_stop)
    i.app_uart_get                           0x0001cb38   Section        0  app_uart_fifo.o(i.app_uart_get)
    i.app_uart_init                          0x0001cb48   Section        0  app_uart_fifo.o(i.app_uart_init)
    i.app_uart_put                           0x0001ccdc   Section        0  app_uart_fifo.o(i.app_uart_put)
    i.ble_advdata_set                        0x0001ccf8   Section        0  ble_advdata.o(i.ble_advdata_set)
    i.ble_advertising_init                   0x0001cd54   Section        0  ble_advertising.o(i.ble_advertising_init)
    i.ble_advertising_on_ble_evt             0x0001ce78   Section        0  ble_advertising.o(i.ble_advertising_on_ble_evt)
    i.ble_advertising_peer_address_clear     0x0001cef4   Section        0  ble_advertising.o(i.ble_advertising_peer_address_clear)
    ble_advertising_peer_address_clear       0x0001cef5   Thumb Code    12  ble_advertising.o(i.ble_advertising_peer_address_clear)
    i.ble_advertising_restart_without_whitelist 0x0001cf04   Section        0  ble_advertising.o(i.ble_advertising_restart_without_whitelist)
    i.ble_advertising_start                  0x0001cf44   Section        0  ble_advertising.o(i.ble_advertising_start)
    i.ble_conn_params_init                   0x0001d124   Section        0  ble_conn_params.o(i.ble_conn_params_init)
    i.ble_conn_params_on_ble_evt             0x0001d178   Section        0  ble_conn_params.o(i.ble_conn_params_on_ble_evt)
    i.ble_evt_dispatch                       0x0001d208   Section        0  main.o(i.ble_evt_dispatch)
    ble_evt_dispatch                         0x0001d209   Thumb Code    36  main.o(i.ble_evt_dispatch)
    i.ble_nus_init                           0x0001d230   Section        0  ble_nus.o(i.ble_nus_init)
    i.ble_nus_on_ble_evt                     0x0001d298   Section        0  ble_nus.o(i.ble_nus_on_ble_evt)
    i.ble_nus_string_send                    0x0001d2f0   Section        0  ble_nus.o(i.ble_nus_string_send)
    i.bsp_btn_ble_init                       0x0001d344   Section        0  bsp_btn_ble.o(i.bsp_btn_ble_init)
    i.bsp_btn_ble_on_ble_evt                 0x0001d398   Section        0  bsp_btn_ble.o(i.bsp_btn_ble_on_ble_evt)
    i.bsp_btn_ble_sleep_mode_prepare         0x0001d410   Section        0  bsp_btn_ble.o(i.bsp_btn_ble_sleep_mode_prepare)
    i.bsp_button_event_handler               0x0001d424   Section        0  bsp.o(i.bsp_button_event_handler)
    bsp_button_event_handler                 0x0001d425   Thumb Code   144  bsp.o(i.bsp_button_event_handler)
    i.bsp_button_is_pressed                  0x0001d4c0   Section        0  bsp.o(i.bsp_button_is_pressed)
    i.bsp_event_handler                      0x0001d4ec   Section        0  main.o(i.bsp_event_handler)
    i.bsp_event_to_button_action_assign      0x0001d528   Section        0  bsp.o(i.bsp_event_to_button_action_assign)
    i.bsp_indication_set                     0x0001d570   Section        0  bsp.o(i.bsp_indication_set)
    i.bsp_init                               0x0001d58c   Section        0  bsp.o(i.bsp_init)
    i.bsp_led_indication                     0x0001d62c   Section        0  bsp.o(i.bsp_led_indication)
    bsp_led_indication                       0x0001d62d   Thumb Code   482  bsp.o(i.bsp_led_indication)
    i.bsp_wakeup_buttons_set                 0x0001d81c   Section        0  bsp.o(i.bsp_wakeup_buttons_set)
    i.button_timer_handler                   0x0001d858   Section        0  bsp.o(i.button_timer_handler)
    button_timer_handler                     0x0001d859   Thumb Code    12  bsp.o(i.button_timer_handler)
    i.channel_free                           0x0001d864   Section        0  nrf_drv_gpiote.o(i.channel_free)
    channel_free                             0x0001d865   Thumb Code    22  nrf_drv_gpiote.o(i.channel_free)
    i.channel_port_alloc                     0x0001d880   Section        0  nrf_drv_gpiote.o(i.channel_port_alloc)
    channel_port_alloc                       0x0001d881   Thumb Code    66  nrf_drv_gpiote.o(i.channel_port_alloc)
    i.channel_port_get                       0x0001d8c8   Section        0  nrf_drv_gpiote.o(i.channel_port_get)
    channel_port_get                         0x0001d8c9   Thumb Code    10  nrf_drv_gpiote.o(i.channel_port_get)
    i.compare_reg_update                     0x0001d8d8   Section        0  app_timer.o(i.compare_reg_update)
    compare_reg_update                       0x0001d8d9   Thumb Code   140  app_timer.o(i.compare_reg_update)
    i.conn_int_encode                        0x0001d97c   Section        0  ble_advdata.o(i.conn_int_encode)
    conn_int_encode                          0x0001d97d   Thumb Code   126  ble_advdata.o(i.conn_int_encode)
    i.conn_params_error_handler              0x0001da00   Section        0  main.o(i.conn_params_error_handler)
    conn_params_error_handler                0x0001da01   Thumb Code    12  main.o(i.conn_params_error_handler)
    i.conn_params_negotiation                0x0001da0c   Section        0  ble_conn_params.o(i.conn_params_negotiation)
    conn_params_negotiation                  0x0001da0d   Thumb Code    90  ble_conn_params.o(i.conn_params_negotiation)
    i.detection_delay_timeout_handler        0x0001da70   Section        0  app_button.o(i.detection_delay_timeout_handler)
    detection_delay_timeout_handler          0x0001da71   Thumb Code    90  app_button.o(i.detection_delay_timeout_handler)
    i.elapsed_ticks_acquire                  0x0001dad0   Section        0  app_timer.o(i.elapsed_ticks_acquire)
    elapsed_ticks_acquire                    0x0001dad1   Thumb Code    58  app_timer.o(i.elapsed_ticks_acquire)
    i.expired_timers_handler                 0x0001db10   Section        0  app_timer.o(i.expired_timers_handler)
    expired_timers_handler                   0x0001db11   Thumb Code    82  app_timer.o(i.expired_timers_handler)
    i.fputc                                  0x0001db68   Section        0  retarget.o(i.fputc)
    i.gpiote_event_handler                   0x0001db78   Section        0  app_button.o(i.gpiote_event_handler)
    gpiote_event_handler                     0x0001db79   Thumb Code    70  app_button.o(i.gpiote_event_handler)
    i.gpiote_uart_event_handler              0x0001dbc4   Section        0  app_uart_fifo.o(i.gpiote_uart_event_handler)
    gpiote_uart_event_handler                0x0001dbc5   Thumb Code    22  app_uart_fifo.o(i.gpiote_uart_event_handler)
    i.intern_softdevice_events_execute       0x0001dbdc   Section        0  softdevice_handler.o(i.intern_softdevice_events_execute)
    i.is_conn_params_ok                      0x0001dc5c   Section        0  ble_conn_params.o(i.is_conn_params_ok)
    is_conn_params_ok                        0x0001dc5d   Thumb Code    24  ble_conn_params.o(i.is_conn_params_ok)
    i.is_manual_peripheral_setup_needed      0x0001dc78   Section        0  system_nrf51.o(i.is_manual_peripheral_setup_needed)
    is_manual_peripheral_setup_needed        0x0001dc79   Thumb Code    66  system_nrf51.o(i.is_manual_peripheral_setup_needed)
    i.leds_timer_handler                     0x0001dcc0   Section        0  bsp.o(i.leds_timer_handler)
    leds_timer_handler                       0x0001dcc1   Thumb Code    18  bsp.o(i.leds_timer_handler)
    i.list_deletions_handler                 0x0001dcd8   Section        0  app_timer.o(i.list_deletions_handler)
    list_deletions_handler                   0x0001dcd9   Thumb Code   144  app_timer.o(i.list_deletions_handler)
    i.list_insertions_handler                0x0001dd6c   Section        0  app_timer.o(i.list_insertions_handler)
    list_insertions_handler                  0x0001dd6d   Thumb Code   230  app_timer.o(i.list_insertions_handler)
    i.main                                   0x0001de5c   Section        0  main.o(i.main)
    i.manuf_specific_data_encode             0x0001e040   Section        0  ble_advdata.o(i.manuf_specific_data_encode)
    manuf_specific_data_encode               0x0001e041   Thumb Code   100  ble_advdata.o(i.manuf_specific_data_encode)
    i.name_encode                            0x0001e0a4   Section        0  ble_advdata.o(i.name_encode)
    name_encode                              0x0001e0a5   Thumb Code   106  ble_advdata.o(i.name_encode)
    i.nrf_drv_common_irq_enable              0x0001e110   Section        0  nrf_drv_common.o(i.nrf_drv_common_irq_enable)
    i.nrf_drv_gpiote_in_event_enable         0x0001e170   Section        0  nrf_drv_gpiote.o(i.nrf_drv_gpiote_in_event_enable)
    i.nrf_drv_gpiote_in_init                 0x0001e210   Section        0  nrf_drv_gpiote.o(i.nrf_drv_gpiote_in_init)
    i.nrf_drv_gpiote_in_is_set               0x0001e2a4   Section        0  nrf_drv_gpiote.o(i.nrf_drv_gpiote_in_is_set)
    i.nrf_drv_gpiote_init                    0x0001e2b8   Section        0  nrf_drv_gpiote.o(i.nrf_drv_gpiote_init)
    i.nrf_drv_gpiote_is_init                 0x0001e30c   Section        0  nrf_drv_gpiote.o(i.nrf_drv_gpiote_is_init)
    i.nrf_drv_gpiote_out_init                0x0001e31c   Section        0  nrf_drv_gpiote.o(i.nrf_drv_gpiote_out_init)
    i.nrf_gpio_cfg_sense_set                 0x0001e3b4   Section        0  nrf_drv_gpiote.o(i.nrf_gpio_cfg_sense_set)
    nrf_gpio_cfg_sense_set                   0x0001e3b5   Thumb Code    26  nrf_drv_gpiote.o(i.nrf_gpio_cfg_sense_set)
    i.nrf_gpiote_event_is_set                0x0001e3d4   Section        0  nrf_drv_gpiote.o(i.nrf_gpiote_event_is_set)
    nrf_gpiote_event_is_set                  0x0001e3d5   Thumb Code    14  nrf_drv_gpiote.o(i.nrf_gpiote_event_is_set)
    i.nus_data_handler                       0x0001e3e8   Section        0  main.o(i.nus_data_handler)
    nus_data_handler                         0x0001e3e9   Thumb Code    38  main.o(i.nus_data_handler)
    i.on_adv_evt                             0x0001e40e   Section        0  main.o(i.on_adv_evt)
    on_adv_evt                               0x0001e40f   Thumb Code    36  main.o(i.on_adv_evt)
    i.on_ble_evt                             0x0001e434   Section        0  main.o(i.on_ble_evt)
    on_ble_evt                               0x0001e435   Thumb Code   108  main.o(i.on_ble_evt)
    i.on_conn_params_evt                     0x0001e4a4   Section        0  main.o(i.on_conn_params_evt)
    on_conn_params_evt                       0x0001e4a5   Thumb Code    30  main.o(i.on_conn_params_evt)
    i.on_uart_event                          0x0001e4c8   Section        0  app_uart_fifo.o(i.on_uart_event)
    on_uart_event                            0x0001e4c9   Thumb Code   118  app_uart_fifo.o(i.on_uart_event)
    i.peer_address_exists                    0x0001e550   Section        0  ble_advertising.o(i.peer_address_exists)
    peer_address_exists                      0x0001e551   Thumb Code    22  ble_advertising.o(i.peer_address_exists)
    i.pin_in_use_by_port                     0x0001e568   Section        0  nrf_drv_gpiote.o(i.pin_in_use_by_port)
    pin_in_use_by_port                       0x0001e569   Thumb Code    20  nrf_drv_gpiote.o(i.pin_in_use_by_port)
    i.pin_in_use_by_te                       0x0001e580   Section        0  nrf_drv_gpiote.o(i.pin_in_use_by_te)
    pin_in_use_by_te                         0x0001e581   Thumb Code    20  nrf_drv_gpiote.o(i.pin_in_use_by_te)
    i.pstorage_access_status_get             0x0001e598   Section        0  pstorage.o(i.pstorage_access_status_get)
    i.rtc1_stop                              0x0001e5c0   Section        0  app_timer.o(i.rtc1_stop)
    rtc1_stop                                0x0001e5c1   Thumb Code    50  app_timer.o(i.rtc1_stop)
    i.rx_char_add                            0x0001e604   Section        0  ble_nus.o(i.rx_char_add)
    rx_char_add                              0x0001e605   Thumb Code   158  ble_nus.o(i.rx_char_add)
    i.service_data_encode                    0x0001e6a2   Section        0  ble_advdata.o(i.service_data_encode)
    service_data_encode                      0x0001e6a3   Thumb Code   124  ble_advdata.o(i.service_data_encode)
    i.sleep_mode_enter                       0x0001e71e   Section        0  main.o(i.sleep_mode_enter)
    sleep_mode_enter                         0x0001e71f   Thumb Code    52  main.o(i.sleep_mode_enter)
    i.softdevice_assertion_handler           0x0001e752   Section        0  softdevice_handler.o(i.softdevice_assertion_handler)
    i.softdevice_ble_evt_handler_set         0x0001e760   Section        0  softdevice_handler.o(i.softdevice_ble_evt_handler_set)
    i.softdevice_handler_init                0x0001e774   Section        0  softdevice_handler.o(i.softdevice_handler_init)
    i.timer_list_handler_sched               0x0001e7a4   Section        0  app_timer.o(i.timer_list_handler_sched)
    timer_list_handler_sched                 0x0001e7a5   Thumb Code    10  app_timer.o(i.timer_list_handler_sched)
    i.timer_list_insert                      0x0001e7b4   Section        0  app_timer.o(i.timer_list_insert)
    timer_list_insert                        0x0001e7b5   Thumb Code    94  app_timer.o(i.timer_list_insert)
    i.timer_list_remove                      0x0001e818   Section        0  app_timer.o(i.timer_list_remove)
    timer_list_remove                        0x0001e819   Thumb Code   104  app_timer.o(i.timer_list_remove)
    i.timer_timeouts_check                   0x0001e888   Section        0  app_timer.o(i.timer_timeouts_check)
    timer_timeouts_check                     0x0001e889   Thumb Code   120  app_timer.o(i.timer_timeouts_check)
    i.tx_char_add                            0x0001e908   Section        0  ble_nus.o(i.tx_char_add)
    tx_char_add                              0x0001e909   Thumb Code   128  ble_nus.o(i.tx_char_add)
    i.uart_event_handle                      0x0001e988   Section        0  main.o(i.uart_event_handle)
    i.uint16_encode                          0x0001e9f0   Section        0  ble_advdata.o(i.uint16_encode)
    uint16_encode                            0x0001e9f1   Thumb Code    10  ble_advdata.o(i.uint16_encode)
    i.update_timeout_handler                 0x0001e9fc   Section        0  ble_conn_params.o(i.update_timeout_handler)
    update_timeout_handler                   0x0001e9fd   Thumb Code    86  ble_conn_params.o(i.update_timeout_handler)
    i.user_id_get                            0x0001ea60   Section        0  app_timer.o(i.user_id_get)
    user_id_get                              0x0001ea61   Thumb Code    74  app_timer.o(i.user_id_get)
    i.user_op_alloc                          0x0001eab4   Section        0  app_timer.o(i.user_op_alloc)
    user_op_alloc                            0x0001eab5   Thumb Code    36  app_timer.o(i.user_op_alloc)
    i.uuid_list_encode                       0x0001ead8   Section        0  ble_advdata.o(i.uuid_list_encode)
    uuid_list_encode                         0x0001ead9   Thumb Code    38  ble_advdata.o(i.uuid_list_encode)
    i.uuid_list_sized_encode                 0x0001eafe   Section        0  ble_advdata.o(i.uuid_list_sized_encode)
    uuid_list_sized_encode                   0x0001eaff   Thumb Code   162  ble_advdata.o(i.uuid_list_sized_encode)
    i.whitelist_has_entries                  0x0001eba0   Section        0  ble_advertising.o(i.whitelist_has_entries)
    whitelist_has_entries                    0x0001eba1   Thumb Code    16  ble_advertising.o(i.whitelist_has_entries)
    .constdata                               0x0001ebb0   Section       12  main.o(.constdata)
    .constdata                               0x0001ebbc   Section       48  bsp.o(.constdata)
    m_buttons_list                           0x0001ebbc   Data          16  bsp.o(.constdata)
    app_buttons                              0x0001ebcc   Data          32  bsp.o(.constdata)
    .constdata                               0x0001ebec   Section       16  ble_nus.o(.constdata)
    .constdata                               0x0001ebfc   Section        8  app_uart_fifo.o(.constdata)
    .constdata                               0x0001ec04   Section        4  app_button.o(.constdata)
    .data                                    0x20002800   Section        8  main.o(.data)
    index                                    0x20002800   Data           1  main.o(.data)
    m_conn_handle                            0x20002802   Data           2  main.o(.data)
    m_adv_uuids                              0x20002804   Data           4  main.o(.data)
    .data                                    0x20002808   Section       32  bsp.o(.data)
    m_stable_state                           0x20002808   Data           1  bsp.o(.data)
    current_long_push_pin_no                 0x20002809   Data           1  bsp.o(.data)
    m_app_ticks_per_100ms                    0x2000280c   Data           4  bsp.o(.data)
    m_indication_type                        0x20002810   Data           4  bsp.o(.data)
    m_registered_callback                    0x20002814   Data           4  bsp.o(.data)
    release_event_at_push                    0x20002818   Data           4  bsp.o(.data)
    m_leds_timer_id                          0x2000281c   Data           4  bsp.o(.data)
    m_alert_timer_id                         0x20002820   Data           4  bsp.o(.data)
    m_button_timer_id                        0x20002824   Data           4  bsp.o(.data)
    .data                                    0x20002828   Section        8  bsp_btn_ble.o(.data)
    m_error_handler                          0x20002828   Data           4  bsp_btn_ble.o(.data)
    m_num_connections                        0x2000282c   Data           4  bsp_btn_ble.o(.data)
    .data                                    0x20002830   Section        4  system_nrf51.o(.data)
    __tagsym$$used                           0x20002830   Number         0  system_nrf51.o(.data)
    .data                                    0x20002834   Section       31  ble_advertising.o(.data)
    m_advertising_start_pending              0x20002834   Data           1  ble_advertising.o(.data)
    m_whitelist_temporarily_disabled         0x20002835   Data           1  ble_advertising.o(.data)
    m_whitelist_reply_expected               0x20002836   Data           1  ble_advertising.o(.data)
    m_peer_addr_reply_expected               0x20002837   Data           1  ble_advertising.o(.data)
    m_adv_evt                                0x20002838   Data           1  ble_advertising.o(.data)
    m_adv_mode_current                       0x20002839   Data           1  ble_advertising.o(.data)
    m_tx_power_level                         0x2000283a   Data           1  ble_advertising.o(.data)
    current_slave_link_conn_handle           0x2000283c   Data           2  ble_advertising.o(.data)
    m_evt_handler                            0x20002840   Data           4  ble_advertising.o(.data)
    m_error_handler                          0x20002844   Data           4  ble_advertising.o(.data)
    m_slave_conn_int                         0x20002848   Data           4  ble_advertising.o(.data)
    m_peer_address                           0x2000284c   Data           7  ble_advertising.o(.data)
    .data                                    0x20002854   Section       24  ble_conn_params.o(.data)
    m_change_param                           0x20002854   Data           1  ble_conn_params.o(.data)
    m_update_count                           0x20002855   Data           1  ble_conn_params.o(.data)
    m_conn_handle                            0x20002856   Data           2  ble_conn_params.o(.data)
    m_conn_params_timer_id                   0x20002858   Data           4  ble_conn_params.o(.data)
    m_preferred_conn_params                  0x2000285c   Data           8  ble_conn_params.o(.data)
    m_current_conn_params                    0x20002864   Data           8  ble_conn_params.o(.data)
    .data                                    0x2000286c   Section        8  app_uart_fifo.o(.data)
    m_instance_counter                       0x2000286c   Data           1  app_uart_fifo.o(.data)
    m_current_state                          0x2000286d   Data           1  app_uart_fifo.o(.data)
    m_event_handler                          0x20002870   Data           4  app_uart_fifo.o(.data)
    .data                                    0x20002874   Section       36  pstorage.o(.data)
    m_state                                  0x20002874   Data           1  pstorage.o(.data)
    m_swap_sub_state                         0x20002875   Data           1  pstorage.o(.data)
    m_next_app_instance                      0x20002876   Data           2  pstorage.o(.data)
    m_flags                                  0x20002878   Data           4  pstorage.o(.data)
    m_next_page_addr                         0x2000287c   Data           4  pstorage.o(.data)
    m_head_word_size                         0x20002880   Data           4  pstorage.o(.data)
    m_tail_word_size                         0x20002884   Data           4  pstorage.o(.data)
    m_current_page_id                        0x20002888   Data           4  pstorage.o(.data)
    m_num_of_command_retries                 0x2000288c   Data           4  pstorage.o(.data)
    m_num_of_bytes_written                   0x20002890   Data           4  pstorage.o(.data)
    m_app_data_size                          0x20002894   Data           4  pstorage.o(.data)
    .data                                    0x20002898   Section       24  app_button.o(.data)
    m_button_count                           0x20002898   Data           1  app_button.o(.data)
    mp_buttons                               0x2000289c   Data           4  app_button.o(.data)
    m_detection_delay                        0x200028a0   Data           4  app_button.o(.data)
    m_detection_delay_timer_id               0x200028a4   Data           4  app_button.o(.data)
    m_pin_state                              0x200028a8   Data           4  app_button.o(.data)
    m_pin_transition                         0x200028ac   Data           4  app_button.o(.data)
    .data                                    0x200028b0   Section       36  app_timer.o(.data)
    m_node_array_size                        0x200028b0   Data           1  app_timer.o(.data)
    m_user_array_size                        0x200028b1   Data           1  app_timer.o(.data)
    m_ticks_elapsed_q_read_ind               0x200028b2   Data           1  app_timer.o(.data)
    m_ticks_elapsed_q_write_ind              0x200028b3   Data           1  app_timer.o(.data)
    m_rtc1_running                           0x200028b4   Data           1  app_timer.o(.data)
    m_rtc1_reset                             0x200028b5   Data           1  app_timer.o(.data)
    mp_nodes                                 0x200028b8   Data           4  app_timer.o(.data)
    mp_users                                 0x200028bc   Data           4  app_timer.o(.data)
    m_timer_id_head                          0x200028c0   Data           4  app_timer.o(.data)
    m_ticks_latest                           0x200028c4   Data           4  app_timer.o(.data)
    m_evt_schedule_func                      0x200028c8   Data           4  app_timer.o(.data)
    m_ticks_elapsed                          0x200028cc   Data           8  app_timer.o(.data)
    .data                                    0x200028d4   Section        4  retarget.o(.data)
    .data                                    0x200028d8   Section       20  softdevice_handler.o(.data)
    m_softdevice_enabled                     0x200028d8   Data           1  softdevice_handler.o(.data)
    m_ble_evt_buffer_size                    0x200028da   Data           2  softdevice_handler.o(.data)
    m_evt_schedule_func                      0x200028dc   Data           4  softdevice_handler.o(.data)
    mp_ble_evt_buffer                        0x200028e0   Data           4  softdevice_handler.o(.data)
    m_ble_evt_handler                        0x200028e4   Data           4  softdevice_handler.o(.data)
    m_sys_evt_handler                        0x200028e8   Data           4  softdevice_handler.o(.data)
    .bss                                     0x200028ec   Section     1288  main.o(.bss)
    BLE_EVT_BUFFER                           0x200028ec   Data          72  main.o(.bss)
    data_array                               0x20002934   Data          20  main.o(.bss)
    rx_buf                                   0x20002948   Data         256  main.o(.bss)
    tx_buf                                   0x20002a48   Data         256  main.o(.bss)
    APP_TIMER_BUF                            0x20002b48   Data         656  main.o(.bss)
    m_nus                                    0x20002dd8   Data          28  main.o(.bss)
    .bss                                     0x20002df4   Section       12  bsp.o(.bss)
    m_events_list                            0x20002df4   Data          12  bsp.o(.bss)
    .bss                                     0x20002e00   Section      251  ble_advertising.o(.bss)
    m_advdata                                0x20002e00   Data          48  ble_advertising.o(.bss)
    m_adv_modes_config                       0x20002e30   Data          36  ble_advertising.o(.bss)
    m_whitelist                              0x20002e54   Data          16  ble_advertising.o(.bss)
    mp_whitelist_addr                        0x20002e64   Data          32  ble_advertising.o(.bss)
    mp_whitelist_irk                         0x20002e84   Data          32  ble_advertising.o(.bss)
    m_manuf_specific_data                    0x20002ea4   Data          12  ble_advertising.o(.bss)
    m_manuf_data_array                       0x20002eb0   Data          31  ble_advertising.o(.bss)
    m_service_data                           0x20002ed0   Data          12  ble_advertising.o(.bss)
    m_service_data_array                     0x20002edc   Data          31  ble_advertising.o(.bss)
    .bss                                     0x20002efc   Section       28  ble_conn_params.o(.bss)
    m_conn_params_config                     0x20002efc   Data          28  ble_conn_params.o(.bss)
    .bss                                     0x20002f18   Section       32  app_uart_fifo.o(.bss)
    m_rx_fifo                                0x20002f18   Data          16  app_uart_fifo.o(.bss)
    m_tx_fifo                                0x20002f28   Data          16  app_uart_fifo.o(.bss)
    .bss                                     0x20002f38   Section       80  nrf_drv_gpiote.o(.bss)
    m_cb                                     0x20002f38   Data          80  nrf_drv_gpiote.o(.bss)
    .bss                                     0x20002f88   Section      216  pstorage.o(.bss)
    m_cmd_queue                              0x20002f88   Data         204  pstorage.o(.bss)
    m_app_table                              0x20003054   Data          12  pstorage.o(.bss)
    STACK                                    0x20003060   Section     2048  arm_startup_nrf51.o(STACK)

    Global Symbols

    Symbol Name                              Value     Ov Type        Size  Object(Section)

    BuildAttributes$$THM_ISAv3M$S$PE$A:L22$X:L11$S22$IEEE1$IW$USESV6$~STKCKD$USESV7$~SHL$OSPACE$ROPI$EBA8$MICROLIB$REQ8$PRES8$EABIv2 0x00000000   Number         0  anon$$obj.o ABSOLUTE
    __ARM_use_no_argv                        0x00000000   Number         0  main.o ABSOLUTE
    _printf_a                                0x00000000   Number         0  stubs.o ABSOLUTE
    _printf_c                                0x00000000   Number         0  stubs.o ABSOLUTE
    _printf_charcount                        0x00000000   Number         0  stubs.o ABSOLUTE
    _printf_d                                0x00000000   Number         0  stubs.o ABSOLUTE
    _printf_e                                0x00000000   Number         0  stubs.o ABSOLUTE
    _printf_f                                0x00000000   Number         0  stubs.o ABSOLUTE
    _printf_flags                            0x00000000   Number         0  stubs.o ABSOLUTE
    _printf_fp_dec                           0x00000000   Number         0  stubs.o ABSOLUTE
    _printf_fp_hex                           0x00000000   Number         0  stubs.o ABSOLUTE
    _printf_g                                0x00000000   Number         0  stubs.o ABSOLUTE
    _printf_i                                0x00000000   Number         0  stubs.o ABSOLUTE
    _printf_int_dec                          0x00000000   Number         0  stubs.o ABSOLUTE
    _printf_l                                0x00000000   Number         0  stubs.o ABSOLUTE
    _printf_lc                               0x00000000   Number         0  stubs.o ABSOLUTE
    _printf_ll                               0x00000000   Number         0  stubs.o ABSOLUTE
    _printf_lld                              0x00000000   Number         0  stubs.o ABSOLUTE
    _printf_lli                              0x00000000   Number         0  stubs.o ABSOLUTE
    _printf_llo                              0x00000000   Number         0  stubs.o ABSOLUTE
    _printf_llu                              0x00000000   Number         0  stubs.o ABSOLUTE
    _printf_llx                              0x00000000   Number         0  stubs.o ABSOLUTE
    _printf_longlong_dec                     0x00000000   Number         0  stubs.o ABSOLUTE
    _printf_longlong_hex                     0x00000000   Number         0  stubs.o ABSOLUTE
    _printf_longlong_oct                     0x00000000   Number         0  stubs.o ABSOLUTE
    _printf_ls                               0x00000000   Number         0  stubs.o ABSOLUTE
    _printf_mbtowc                           0x00000000   Number         0  stubs.o ABSOLUTE
    _printf_n                                0x00000000   Number         0  stubs.o ABSOLUTE
    _printf_o                                0x00000000   Number         0  stubs.o ABSOLUTE
    _printf_p                                0x00000000   Number         0  stubs.o ABSOLUTE
    _printf_percent                          0x00000000   Number         0  stubs.o ABSOLUTE
    _printf_pre_padding                      0x00000000   Number         0  stubs.o ABSOLUTE
    _printf_return_value                     0x00000000   Number         0  stubs.o ABSOLUTE
    _printf_s                                0x00000000   Number         0  stubs.o ABSOLUTE
    _printf_sizespec                         0x00000000   Number         0  stubs.o ABSOLUTE
    _printf_str                              0x00000000   Number         0  stubs.o ABSOLUTE
    _printf_truncate_signed                  0x00000000   Number         0  stubs.o ABSOLUTE
    _printf_truncate_unsigned                0x00000000   Number         0  stubs.o ABSOLUTE
    _printf_u                                0x00000000   Number         0  stubs.o ABSOLUTE
    _printf_wc                               0x00000000   Number         0  stubs.o ABSOLUTE
    _printf_wctomb                           0x00000000   Number         0  stubs.o ABSOLUTE
    _printf_widthprec                        0x00000000   Number         0  stubs.o ABSOLUTE
    _printf_x                                0x00000000   Number         0  stubs.o ABSOLUTE
    __cpp_initialize__aeabi_                  - Undefined Weak Reference
    __cxa_finalize                            - Undefined Weak Reference
    __decompress                              - Undefined Weak Reference
    _clock_init                               - Undefined Weak Reference
    _microlib_exit                            - Undefined Weak Reference
    __Vectors_Size                           0x000000c0   Number         0  arm_startup_nrf51.o ABSOLUTE
    __Vectors                                0x0001c000   Data           4  arm_startup_nrf51.o(RESET)
    __Vectors_End                            0x0001c0c0   Data           0  arm_startup_nrf51.o(RESET)
    __main                                   0x0001c0c1   Thumb Code     0  entry.o(.ARM.Collect$$$$00000000)
    _main_stk                                0x0001c0c1   Thumb Code     0  entry2.o(.ARM.Collect$$$$00000001)
    _main_scatterload                        0x0001c0c5   Thumb Code     0  entry5.o(.ARM.Collect$$$$00000004)
    __main_after_scatterload                 0x0001c0c9   Thumb Code     0  entry5.o(.ARM.Collect$$$$00000004)
    _main_clock                              0x0001c0c9   Thumb Code     0  entry7b.o(.ARM.Collect$$$$00000008)
    _main_cpp_init                           0x0001c0c9   Thumb Code     0  entry8b.o(.ARM.Collect$$$$0000000A)
    _main_init                               0x0001c0c9   Thumb Code     0  entry9a.o(.ARM.Collect$$$$0000000B)
    __rt_final_cpp                           0x0001c0d1   Thumb Code     0  entry10a.o(.ARM.Collect$$$$0000000D)
    __rt_final_exit                          0x0001c0d1   Thumb Code     0  entry11a.o(.ARM.Collect$$$$0000000F)
    __asm___11_app_timer_c_cd27f9c3__nrf_delay_us 0x0001c0d5   Thumb Code    30  app_timer.o(.emb_text)
    Reset_Handler                            0x0001c0f5   Thumb Code    26  arm_startup_nrf51.o(.text)
    NMI_Handler                              0x0001c10f   Thumb Code     2  arm_startup_nrf51.o(.text)
    HardFault_Handler                        0x0001c111   Thumb Code     2  arm_startup_nrf51.o(.text)
    SVC_Handler                              0x0001c113   Thumb Code     2  arm_startup_nrf51.o(.text)
    PendSV_Handler                           0x0001c115   Thumb Code     2  arm_startup_nrf51.o(.text)
    SysTick_Handler                          0x0001c117   Thumb Code     2  arm_startup_nrf51.o(.text)
    ADC_IRQHandler                           0x0001c119   Thumb Code     0  arm_startup_nrf51.o(.text)
    CCM_AAR_IRQHandler                       0x0001c119   Thumb Code     0  arm_startup_nrf51.o(.text)
    ECB_IRQHandler                           0x0001c119   Thumb Code     0  arm_startup_nrf51.o(.text)
    LPCOMP_IRQHandler                        0x0001c119   Thumb Code     0  arm_startup_nrf51.o(.text)
    POWER_CLOCK_IRQHandler                   0x0001c119   Thumb Code     0  arm_startup_nrf51.o(.text)
    QDEC_IRQHandler                          0x0001c119   Thumb Code     0  arm_startup_nrf51.o(.text)
    RADIO_IRQHandler                         0x0001c119   Thumb Code     0  arm_startup_nrf51.o(.text)
    RNG_IRQHandler                           0x0001c119   Thumb Code     0  arm_startup_nrf51.o(.text)
    RTC0_IRQHandler                          0x0001c119   Thumb Code     0  arm_startup_nrf51.o(.text)
    SPI0_TWI0_IRQHandler                     0x0001c119   Thumb Code     0  arm_startup_nrf51.o(.text)
    SPI1_TWI1_IRQHandler                     0x0001c119   Thumb Code     0  arm_startup_nrf51.o(.text)
    SWI1_IRQHandler                          0x0001c119   Thumb Code     0  arm_startup_nrf51.o(.text)
    SWI3_IRQHandler                          0x0001c119   Thumb Code     0  arm_startup_nrf51.o(.text)
    SWI4_IRQHandler                          0x0001c119   Thumb Code     0  arm_startup_nrf51.o(.text)
    SWI5_IRQHandler                          0x0001c119   Thumb Code     0  arm_startup_nrf51.o(.text)
    TEMP_IRQHandler                          0x0001c119   Thumb Code     0  arm_startup_nrf51.o(.text)
    TIMER0_IRQHandler                        0x0001c119   Thumb Code     0  arm_startup_nrf51.o(.text)
    TIMER1_IRQHandler                        0x0001c119   Thumb Code     0  arm_startup_nrf51.o(.text)
    TIMER2_IRQHandler                        0x0001c119   Thumb Code     0  arm_startup_nrf51.o(.text)
    WDT_IRQHandler                           0x0001c119   Thumb Code     0  arm_startup_nrf51.o(.text)
    __aeabi_uidiv                            0x0001c12d   Thumb Code     0  uidiv.o(.text)
    __aeabi_uidivmod                         0x0001c12d   Thumb Code    44  uidiv.o(.text)
    __aeabi_memcpy                           0x0001c159   Thumb Code    36  memcpya.o(.text)
    __aeabi_memcpy4                          0x0001c159   Thumb Code     0  memcpya.o(.text)
    __aeabi_memcpy8                          0x0001c159   Thumb Code     0  memcpya.o(.text)
    __aeabi_memset                           0x0001c17d   Thumb Code    14  memseta.o(.text)
    __aeabi_memset4                          0x0001c17d   Thumb Code     0  memseta.o(.text)
    __aeabi_memset8                          0x0001c17d   Thumb Code     0  memseta.o(.text)
    __aeabi_memclr                           0x0001c18b   Thumb Code     4  memseta.o(.text)
    __aeabi_memclr4                          0x0001c18b   Thumb Code     0  memseta.o(.text)
    __aeabi_memclr8                          0x0001c18b   Thumb Code     0  memseta.o(.text)
    _memset$wrapper                          0x0001c18f   Thumb Code    18  memseta.o(.text)
    __scatterload                            0x0001c1a1   Thumb Code    28  init.o(.text)
    __scatterload_rt2                        0x0001c1a1   Thumb Code     0  init.o(.text)
    GPIOTE_IRQHandler                        0x0001c1c5   Thumb Code   234  nrf_drv_gpiote.o(i.GPIOTE_IRQHandler)
    RTC1_IRQHandler                          0x0001c311   Thumb Code    28  app_timer.o(i.RTC1_IRQHandler)
    SWI0_IRQHandler                          0x0001c331   Thumb Code    78  app_timer.o(i.SWI0_IRQHandler)
    SWI2_IRQHandler                          0x0001c385   Thumb Code    32  softdevice_handler.o(i.SWI2_IRQHandler)
    SystemInit                               0x0001c3a9   Thumb Code    64  system_nrf51.o(i.SystemInit)
    UART0_IRQHandler                         0x0001c3fd   Thumb Code   110  app_uart_fifo.o(i.UART0_IRQHandler)
    __0printf$2                              0x0001c47d   Thumb Code    24  printf2.o(i.__0printf$2)
    __1printf$2                              0x0001c47d   Thumb Code     0  printf2.o(i.__0printf$2)
    __2printf                                0x0001c47d   Thumb Code     0  printf2.o(i.__0printf$2)
    __ARM_common_switch8                     0x0001c49d   Thumb Code    26  bsp.o(i.__ARM_common_switch8)
    __scatterload_copy                       0x0001c4b7   Thumb Code    14  handlers.o(i.__scatterload_copy)
    __scatterload_null                       0x0001c4c5   Thumb Code     2  handlers.o(i.__scatterload_null)
    __scatterload_zeroinit                   0x0001c4c7   Thumb Code    14  handlers.o(i.__scatterload_zeroinit)
    action_tx_stop                           0x0001c5f5   Thumb Code    26  app_uart_fifo.o(i.action_tx_stop)
    app_button_enable                        0x0001c841   Thumb Code    32  app_button.o(i.app_button_enable)
    app_button_init                          0x0001c865   Thumb Code   102  app_button.o(i.app_button_init)
    app_error_handler                        0x0001c8dd   Thumb Code    16  app_error.o(i.app_error_handler)
    app_fifo_get                             0x0001c8f5   Thumb Code    34  app_fifo.o(i.app_fifo_get)
    app_fifo_init                            0x0001c917   Thumb Code    36  app_fifo.o(i.app_fifo_init)
    app_fifo_put                             0x0001c93b   Thumb Code    34  app_fifo.o(i.app_fifo_put)
    app_timer_create                         0x0001c95d   Thumb Code    72  app_timer.o(i.app_timer_create)
    app_timer_init                           0x0001c9a9   Thumb Code   164  app_timer.o(i.app_timer_init)
    app_timer_start                          0x0001ca5d   Thumb Code   122  app_timer.o(i.app_timer_start)
    app_timer_stop                           0x0001cae1   Thumb Code    82  app_timer.o(i.app_timer_stop)
    app_uart_get                             0x0001cb39   Thumb Code    12  app_uart_fifo.o(i.app_uart_get)
    app_uart_init                            0x0001cb49   Thumb Code   354  app_uart_fifo.o(i.app_uart_init)
    app_uart_put                             0x0001ccdd   Thumb Code    22  app_uart_fifo.o(i.app_uart_put)
    ble_advdata_set                          0x0001ccf9   Thumb Code    90  ble_advdata.o(i.ble_advdata_set)
    ble_advertising_init                     0x0001cd55   Thumb Code   284  ble_advertising.o(i.ble_advertising_init)
    ble_advertising_on_ble_evt               0x0001ce79   Thumb Code   118  ble_advertising.o(i.ble_advertising_on_ble_evt)
    ble_advertising_restart_without_whitelist 0x0001cf05   Thumb Code    56  ble_advertising.o(i.ble_advertising_restart_without_whitelist)
    ble_advertising_start                    0x0001cf45   Thumb Code   470  ble_advertising.o(i.ble_advertising_start)
    ble_conn_params_init                     0x0001d125   Thumb Code    72  ble_conn_params.o(i.ble_conn_params_init)
    ble_conn_params_on_ble_evt               0x0001d179   Thumb Code   134  ble_conn_params.o(i.ble_conn_params_on_ble_evt)
    ble_nus_init                             0x0001d231   Thumb Code    98  ble_nus.o(i.ble_nus_init)
    ble_nus_on_ble_evt                       0x0001d299   Thumb Code    88  ble_nus.o(i.ble_nus_on_ble_evt)
    ble_nus_string_send                      0x0001d2f1   Thumb Code    78  ble_nus.o(i.ble_nus_string_send)
    bsp_btn_ble_init                         0x0001d345   Thumb Code    80  bsp_btn_ble.o(i.bsp_btn_ble_init)
    bsp_btn_ble_on_ble_evt                   0x0001d399   Thumb Code   114  bsp_btn_ble.o(i.bsp_btn_ble_on_ble_evt)
    bsp_btn_ble_sleep_mode_prepare           0x0001d411   Thumb Code    20  bsp_btn_ble.o(i.bsp_btn_ble_sleep_mode_prepare)
    bsp_button_is_pressed                    0x0001d4c1   Thumb Code    34  bsp.o(i.bsp_button_is_pressed)
    bsp_event_handler                        0x0001d4ed   Thumb Code    54  main.o(i.bsp_event_handler)
    bsp_event_to_button_action_assign        0x0001d529   Thumb Code    66  bsp.o(i.bsp_event_to_button_action_assign)
    bsp_indication_set                       0x0001d571   Thumb Code    22  bsp.o(i.bsp_indication_set)
    bsp_init                                 0x0001d58d   Thumb Code   134  bsp.o(i.bsp_init)
    bsp_wakeup_buttons_set                   0x0001d81d   Thumb Code    50  bsp.o(i.bsp_wakeup_buttons_set)
    fputc                                    0x0001db69   Thumb Code    14  retarget.o(i.fputc)
    intern_softdevice_events_execute         0x0001dbdd   Thumb Code   124  softdevice_handler.o(i.intern_softdevice_events_execute)
    main                                     0x0001de5d   Thumb Code   410  main.o(i.main)
    nrf_drv_common_irq_enable                0x0001e111   Thumb Code    78  nrf_drv_common.o(i.nrf_drv_common_irq_enable)
    nrf_drv_gpiote_in_event_enable           0x0001e171   Thumb Code   138  nrf_drv_gpiote.o(i.nrf_drv_gpiote_in_event_enable)
    nrf_drv_gpiote_in_init                   0x0001e211   Thumb Code   130  nrf_drv_gpiote.o(i.nrf_drv_gpiote_in_init)
    nrf_drv_gpiote_in_is_set                 0x0001e2a5   Thumb Code    16  nrf_drv_gpiote.o(i.nrf_drv_gpiote_in_is_set)
    nrf_drv_gpiote_init                      0x0001e2b9   Thumb Code    76  nrf_drv_gpiote.o(i.nrf_drv_gpiote_init)
    nrf_drv_gpiote_is_init                   0x0001e30d   Thumb Code    12  nrf_drv_gpiote.o(i.nrf_drv_gpiote_is_init)
    nrf_drv_gpiote_out_init                  0x0001e31d   Thumb Code   130  nrf_drv_gpiote.o(i.nrf_drv_gpiote_out_init)
    pstorage_access_status_get               0x0001e599   Thumb Code    30  pstorage.o(i.pstorage_access_status_get)
    softdevice_assertion_handler             0x0001e753   Thumb Code    12  softdevice_handler.o(i.softdevice_assertion_handler)
    softdevice_ble_evt_handler_set           0x0001e761   Thumb Code    16  softdevice_handler.o(i.softdevice_ble_evt_handler_set)
    softdevice_handler_init                  0x0001e775   Thumb Code    40  softdevice_handler.o(i.softdevice_handler_init)
    uart_event_handle                        0x0001e989   Thumb Code    92  main.o(i.uart_event_handle)
    Region$$Table$$Base                      0x0001ec08   Number         0  anon$$obj.o(Region$$Table)
    Region$$Table$$Limit                     0x0001ec28   Number         0  anon$$obj.o(Region$$Table)
    SystemCoreClock                          0x20002830   Data           4  system_nrf51.o(.data)
    __stdout                                 0x200028d4   Data           4  retarget.o(.data)
    __initial_sp                             0x20003860   Data           0  arm_startup_nrf51.o(STACK)



==============================================================================

Memory Map of the image

  Image Entry point : 0x0001c0c1

  Load Region LR_IROM1 (Base: 0x0001c000, Size: 0x00002d14, Max: 0x00024000, ABSOLUTE)

    Execution Region ER_IROM1 (Base: 0x0001c000, Size: 0x00002c28, Max: 0x00024000, ABSOLUTE)

    Base Addr    Size         Type   Attr      Idx    E Section Name        Object

    0x0001c000   0x000000c0   Data   RO          385    RESET               arm_startup_nrf51.o
    0x0001c0c0   0x00000000   Code   RO         1659  * .ARM.Collect$$$$00000000  mc_p.l(entry.o)
    0x0001c0c0   0x00000004   Code   RO         1935    .ARM.Collect$$$$00000001  mc_p.l(entry2.o)
    0x0001c0c4   0x00000004   Code   RO         1938    .ARM.Collect$$$$00000004  mc_p.l(entry5.o)
    0x0001c0c8   0x00000000   Code   RO         1940    .ARM.Collect$$$$00000008  mc_p.l(entry7b.o)
    0x0001c0c8   0x00000000   Code   RO         1942    .ARM.Collect$$$$0000000A  mc_p.l(entry8b.o)
    0x0001c0c8   0x00000008   Code   RO         1943    .ARM.Collect$$$$0000000B  mc_p.l(entry9a.o)
    0x0001c0d0   0x00000000   Code   RO         1945    .ARM.Collect$$$$0000000D  mc_p.l(entry10a.o)
    0x0001c0d0   0x00000000   Code   RO         1947    .ARM.Collect$$$$0000000F  mc_p.l(entry11a.o)
    0x0001c0d0   0x00000004   Code   RO         1936    .ARM.Collect$$$$00002712  mc_p.l(entry2.o)
    0x0001c0d4   0x0000001e   Code   RO         1399    .emb_text           app_timer.o
    0x0001c0f2   0x00000002   PAD
    0x0001c0f4   0x00000038   Code   RO          386    .text               arm_startup_nrf51.o
    0x0001c12c   0x0000002c   Code   RO         1662    .text               mc_p.l(uidiv.o)
    0x0001c158   0x00000024   Code   RO         1666    .text               mc_p.l(memcpya.o)
    0x0001c17c   0x00000024   Code   RO         1668    .text               mc_p.l(memseta.o)
    0x0001c1a0   0x00000024   Code   RO         1962    .text               mc_p.l(init.o)
    0x0001c1c4   0x00000108   Code   RO          865    i.GPIOTE_IRQHandler  nrf_drv_gpiote.o
    0x0001c2cc   0x00000044   Code   RO         1400    i.NVIC_SetPriority  app_timer.o
    0x0001c310   0x00000020   Code   RO         1401    i.RTC1_IRQHandler   app_timer.o
    0x0001c330   0x00000054   Code   RO         1402    i.SWI0_IRQHandler   app_timer.o
    0x0001c384   0x00000024   Code   RO         1603    i.SWI2_IRQHandler   softdevice_handler.o
    0x0001c3a8   0x00000054   Code   RO          393    i.SystemInit        system_nrf51.o
    0x0001c3fc   0x00000080   Code   RO          698    i.UART0_IRQHandler  app_uart_fifo.o
    0x0001c47c   0x00000020   Code   RO         1741    i.__0printf$2       mc_p.l(printf2.o)
    0x0001c49c   0x0000001a   Code   RO          331    i.__ARM_common_switch8  bsp.o
    0x0001c4b6   0x0000000e   Code   RO         1976    i.__scatterload_copy  mc_p.l(handlers.o)
    0x0001c4c4   0x00000002   Code   RO         1977    i.__scatterload_null  mc_p.l(handlers.o)
    0x0001c4c6   0x0000000e   Code   RO         1978    i.__scatterload_zeroinit  mc_p.l(handlers.o)
    0x0001c4d4   0x000000d2   Code   RO         1748    i._printf_core      mc_p.l(printf2.o)
    0x0001c5a6   0x00000002   PAD
    0x0001c5a8   0x0000004c   Code   RO          699    i.action_tx_send    app_uart_fifo.o
    0x0001c5f4   0x00000024   Code   RO          700    i.action_tx_stop    app_uart_fifo.o
    0x0001c618   0x00000020   Code   RO          701    i.action_uart_deactivate  app_uart_fifo.o
    0x0001c638   0x0000014a   Code   RO          427    i.adv_data_encode   ble_advdata.o
    0x0001c782   0x0000003c   Code   RO          346    i.advertising_buttons_configure  bsp_btn_ble.o
    0x0001c7be   0x00000002   PAD
    0x0001c7c0   0x00000068   Code   RO            3    i.advertising_init  main.o
    0x0001c828   0x00000018   Code   RO          240    i.alert_timer_handler  bsp.o
    0x0001c840   0x00000024   Code   RO         1290    i.app_button_enable  app_button.o
    0x0001c864   0x00000078   Code   RO         1291    i.app_button_init   app_button.o
    0x0001c8dc   0x00000018   Code   RO         1346    i.app_error_handler  app_error.o
    0x0001c8f4   0x00000022   Code   RO         1368    i.app_fifo_get      app_fifo.o
    0x0001c916   0x00000024   Code   RO         1369    i.app_fifo_init     app_fifo.o
    0x0001c93a   0x00000022   Code   RO         1370    i.app_fifo_put      app_fifo.o
    0x0001c95c   0x0000004c   Code   RO         1405    i.app_timer_create  app_timer.o
    0x0001c9a8   0x000000b4   Code   RO         1406    i.app_timer_init    app_timer.o
    0x0001ca5c   0x00000084   Code   RO         1407    i.app_timer_start   app_timer.o
    0x0001cae0   0x00000058   Code   RO         1408    i.app_timer_stop    app_timer.o
    0x0001cb38   0x00000010   Code   RO          704    i.app_uart_get      app_uart_fifo.o
    0x0001cb48   0x00000194   Code   RO          706    i.app_uart_init     app_uart_fifo.o
    0x0001ccdc   0x0000001c   Code   RO          707    i.app_uart_put      app_uart_fifo.o
    0x0001ccf8   0x0000005a   Code   RO          428    i.ble_advdata_set   ble_advdata.o
    0x0001cd52   0x00000002   PAD
    0x0001cd54   0x00000124   Code   RO          490    i.ble_advertising_init  ble_advertising.o
    0x0001ce78   0x0000007c   Code   RO          491    i.ble_advertising_on_ble_evt  ble_advertising.o
    0x0001cef4   0x00000010   Code   RO          494    i.ble_advertising_peer_address_clear  ble_advertising.o
    0x0001cf04   0x00000040   Code   RO          495    i.ble_advertising_restart_without_whitelist  ble_advertising.o
    0x0001cf44   0x000001e0   Code   RO          496    i.ble_advertising_start  ble_advertising.o
    0x0001d124   0x00000054   Code   RO          572    i.ble_conn_params_init  ble_conn_params.o
    0x0001d178   0x00000090   Code   RO          573    i.ble_conn_params_on_ble_evt  ble_conn_params.o
    0x0001d208   0x00000028   Code   RO            5    i.ble_evt_dispatch  main.o
    0x0001d230   0x00000068   Code   RO          632    i.ble_nus_init      ble_nus.o
    0x0001d298   0x00000058   Code   RO          633    i.ble_nus_on_ble_evt  ble_nus.o
    0x0001d2f0   0x00000054   Code   RO          634    i.ble_nus_string_send  ble_nus.o
    0x0001d344   0x00000054   Code   RO          347    i.bsp_btn_ble_init  bsp_btn_ble.o
    0x0001d398   0x00000078   Code   RO          348    i.bsp_btn_ble_on_ble_evt  bsp_btn_ble.o
    0x0001d410   0x00000014   Code   RO          349    i.bsp_btn_ble_sleep_mode_prepare  bsp_btn_ble.o
    0x0001d424   0x0000009c   Code   RO          241    i.bsp_button_event_handler  bsp.o
    0x0001d4c0   0x0000002c   Code   RO          242    i.bsp_button_is_pressed  bsp.o
    0x0001d4ec   0x0000003c   Code   RO            6    i.bsp_event_handler  main.o
    0x0001d528   0x00000048   Code   RO          246    i.bsp_event_to_button_action_assign  bsp.o
    0x0001d570   0x0000001c   Code   RO          247    i.bsp_indication_set  bsp.o
    0x0001d58c   0x000000a0   Code   RO          249    i.bsp_init          bsp.o
    0x0001d62c   0x000001f0   Code   RO          250    i.bsp_led_indication  bsp.o
    0x0001d81c   0x0000003c   Code   RO          251    i.bsp_wakeup_buttons_set  bsp.o
    0x0001d858   0x0000000c   Code   RO          252    i.button_timer_handler  bsp.o
    0x0001d864   0x0000001c   Code   RO          866    i.channel_free      nrf_drv_gpiote.o
    0x0001d880   0x00000048   Code   RO          867    i.channel_port_alloc  nrf_drv_gpiote.o
    0x0001d8c8   0x00000010   Code   RO          868    i.channel_port_get  nrf_drv_gpiote.o
    0x0001d8d8   0x000000a4   Code   RO         1410    i.compare_reg_update  app_timer.o
    0x0001d97c   0x00000084   Code   RO          429    i.conn_int_encode   ble_advdata.o
    0x0001da00   0x0000000c   Code   RO            7    i.conn_params_error_handler  main.o
    0x0001da0c   0x00000064   Code   RO          575    i.conn_params_negotiation  ble_conn_params.o
    0x0001da70   0x00000060   Code   RO         1293    i.detection_delay_timeout_handler  app_button.o
    0x0001dad0   0x00000040   Code   RO         1411    i.elapsed_ticks_acquire  app_timer.o
    0x0001db10   0x00000058   Code   RO         1412    i.expired_timers_handler  app_timer.o
    0x0001db68   0x0000000e   Code   RO         1570    i.fputc             retarget.o
    0x0001db76   0x00000002   PAD
    0x0001db78   0x0000004c   Code   RO         1294    i.gpiote_event_handler  app_button.o
    0x0001dbc4   0x00000016   Code   RO          708    i.gpiote_uart_event_handler  app_uart_fifo.o
    0x0001dbda   0x00000002   PAD
    0x0001dbdc   0x00000080   Code   RO         1604    i.intern_softdevice_events_execute  softdevice_handler.o
    0x0001dc5c   0x0000001c   Code   RO          576    i.is_conn_params_ok  ble_conn_params.o
    0x0001dc78   0x00000048   Code   RO          394    i.is_manual_peripheral_setup_needed  system_nrf51.o
    0x0001dcc0   0x00000018   Code   RO          253    i.leds_timer_handler  bsp.o
    0x0001dcd8   0x00000094   Code   RO         1413    i.list_deletions_handler  app_timer.o
    0x0001dd6c   0x000000f0   Code   RO         1414    i.list_insertions_handler  app_timer.o
    0x0001de5c   0x000001e4   Code   RO            8    i.main              main.o
    0x0001e040   0x00000064   Code   RO          430    i.manuf_specific_data_encode  ble_advdata.o
    0x0001e0a4   0x0000006a   Code   RO          431    i.name_encode       ble_advdata.o
    0x0001e10e   0x00000002   PAD
    0x0001e110   0x00000060   Code   RO          839    i.nrf_drv_common_irq_enable  nrf_drv_common.o
    0x0001e170   0x000000a0   Code   RO          871    i.nrf_drv_gpiote_in_event_enable  nrf_drv_gpiote.o
    0x0001e210   0x00000094   Code   RO          872    i.nrf_drv_gpiote_in_init  nrf_drv_gpiote.o
    0x0001e2a4   0x00000014   Code   RO          873    i.nrf_drv_gpiote_in_is_set  nrf_drv_gpiote.o
    0x0001e2b8   0x00000054   Code   RO          875    i.nrf_drv_gpiote_init  nrf_drv_gpiote.o
    0x0001e30c   0x00000010   Code   RO          876    i.nrf_drv_gpiote_is_init  nrf_drv_gpiote.o
    0x0001e31c   0x00000098   Code   RO          878    i.nrf_drv_gpiote_out_init  nrf_drv_gpiote.o
    0x0001e3b4   0x00000020   Code   RO          888    i.nrf_gpio_cfg_sense_set  nrf_drv_gpiote.o
    0x0001e3d4   0x00000014   Code   RO          889    i.nrf_gpiote_event_is_set  nrf_drv_gpiote.o
    0x0001e3e8   0x00000026   Code   RO            9    i.nus_data_handler  main.o
    0x0001e40e   0x00000024   Code   RO           10    i.on_adv_evt        main.o
    0x0001e432   0x00000002   PAD
    0x0001e434   0x00000070   Code   RO           11    i.on_ble_evt        main.o
    0x0001e4a4   0x00000024   Code   RO           12    i.on_conn_params_evt  main.o
    0x0001e4c8   0x00000088   Code   RO          709    i.on_uart_event     app_uart_fifo.o
    0x0001e550   0x00000016   Code   RO          498    i.peer_address_exists  ble_advertising.o
    0x0001e566   0x00000002   PAD
    0x0001e568   0x00000018   Code   RO          890    i.pin_in_use_by_port  nrf_drv_gpiote.o
    0x0001e580   0x00000018   Code   RO          891    i.pin_in_use_by_te  nrf_drv_gpiote.o
    0x0001e598   0x00000028   Code   RO         1063    i.pstorage_access_status_get  pstorage.o
    0x0001e5c0   0x00000044   Code   RO         1415    i.rtc1_stop         app_timer.o
    0x0001e604   0x0000009e   Code   RO          635    i.rx_char_add       ble_nus.o
    0x0001e6a2   0x0000007c   Code   RO          432    i.service_data_encode  ble_advdata.o
    0x0001e71e   0x00000034   Code   RO           13    i.sleep_mode_enter  main.o
    0x0001e752   0x0000000c   Code   RO         1605    i.softdevice_assertion_handler  softdevice_handler.o
    0x0001e75e   0x00000002   PAD
    0x0001e760   0x00000014   Code   RO         1606    i.softdevice_ble_evt_handler_set  softdevice_handler.o
    0x0001e774   0x00000030   Code   RO         1607    i.softdevice_handler_init  softdevice_handler.o
    0x0001e7a4   0x00000010   Code   RO         1416    i.timer_list_handler_sched  app_timer.o
    0x0001e7b4   0x00000064   Code   RO         1417    i.timer_list_insert  app_timer.o
    0x0001e818   0x00000070   Code   RO         1418    i.timer_list_remove  app_timer.o
    0x0001e888   0x00000080   Code   RO         1419    i.timer_timeouts_check  app_timer.o
    0x0001e908   0x00000080   Code   RO          636    i.tx_char_add       ble_nus.o
    0x0001e988   0x00000068   Code   RO           14    i.uart_event_handle  main.o
    0x0001e9f0   0x0000000a   Code   RO          433    i.uint16_encode     ble_advdata.o
    0x0001e9fa   0x00000002   PAD
    0x0001e9fc   0x00000064   Code   RO          577    i.update_timeout_handler  ble_conn_params.o
    0x0001ea60   0x00000054   Code   RO         1420    i.user_id_get       app_timer.o
    0x0001eab4   0x00000024   Code   RO         1421    i.user_op_alloc     app_timer.o
    0x0001ead8   0x00000026   Code   RO          434    i.uuid_list_encode  ble_advdata.o
    0x0001eafe   0x000000a2   Code   RO          435    i.uuid_list_sized_encode  ble_advdata.o
    0x0001eba0   0x00000010   Code   RO          499    i.whitelist_has_entries  ble_advertising.o
    0x0001ebb0   0x0000000c   Data   RO           16    .constdata          main.o
    0x0001ebbc   0x00000030   Data   RO          255    .constdata          bsp.o
    0x0001ebec   0x00000010   Data   RO          637    .constdata          ble_nus.o
    0x0001ebfc   0x00000008   Data   RO          711    .constdata          app_uart_fifo.o
    0x0001ec04   0x00000004   Data   RO         1295    .constdata          app_button.o
    0x0001ec08   0x00000020   Data   RO         1974    Region$$Table       anon$$obj.o


    Execution Region RW_IRAM1 (Base: 0x20002800, Size: 0x00001060, Max: 0x00005800, ABSOLUTE)

    Base Addr    Size         Type   Attr      Idx    E Section Name        Object

    0x20002800   0x00000008   Data   RW           17    .data               main.o
    0x20002808   0x00000020   Data   RW          256    .data               bsp.o
    0x20002828   0x00000008   Data   RW          350    .data               bsp_btn_ble.o
    0x20002830   0x00000004   Data   RW          395    .data               system_nrf51.o
    0x20002834   0x0000001f   Data   RW          501    .data               ble_advertising.o
    0x20002853   0x00000001   PAD
    0x20002854   0x00000018   Data   RW          579    .data               ble_conn_params.o
    0x2000286c   0x00000008   Data   RW          712    .data               app_uart_fifo.o
    0x20002874   0x00000024   Data   RW         1088    .data               pstorage.o
    0x20002898   0x00000018   Data   RW         1296    .data               app_button.o
    0x200028b0   0x00000024   Data   RW         1422    .data               app_timer.o
    0x200028d4   0x00000004   Data   RW         1571    .data               retarget.o
    0x200028d8   0x00000014   Data   RW         1610    .data               softdevice_handler.o
    0x200028ec   0x00000508   Zero   RW           15    .bss                main.o
    0x20002df4   0x0000000c   Zero   RW          254    .bss                bsp.o
    0x20002e00   0x000000fb   Zero   RW          500    .bss                ble_advertising.o
    0x20002efb   0x00000001   PAD
    0x20002efc   0x0000001c   Zero   RW          578    .bss                ble_conn_params.o
    0x20002f18   0x00000020   Zero   RW          710    .bss                app_uart_fifo.o
    0x20002f38   0x00000050   Zero   RW          892    .bss                nrf_drv_gpiote.o
    0x20002f88   0x000000d8   Zero   RW         1086    .bss                pstorage.o
    0x20003060   0x00000800   Zero   RW          383    STACK               arm_startup_nrf51.o


==============================================================================

Image component sizes


      Code (inc. data)   RO Data    RW Data    ZI Data      Debug   Object Name

       328         34          4         24          0       6738   app_button.o
        24          8          0          0          0       6980   app_error.o
       104          0          0          0          0       3082   app_fifo.o
      1938        160          0         36          0      29695   app_timer.o
       878        146          8          8         32      24358   app_uart_fifo.o
        56         18        192          0       2048        772   arm_startup_nrf51.o
      1092          6          0          0          0      13606   ble_advdata.o
      1014         36          0         31        251       8196   ble_advertising.o
       456         50          0         24         28      12432   ble_conn_params.o
       562         12         16          0          0       5854   ble_nus.o
      1102        120         48         32         12      10101   bsp.o
       284         10          0          8          0       4809   bsp_btn_ble.o
      1078        116         12          8       1288      93039   main.o
        96         18          0          0          0       1728   nrf_drv_common.o
      1060        146          0          0         80      22554   nrf_drv_gpiote.o
        40         10          0         36        216       9473   pstorage.o
        14          0          0          4          0       2954   retarget.o
       244         20          0         20          0       5931   softdevice_handler.o
       156         26          0          4          0       2379   system_nrf51.o

    ----------------------------------------------------------------------
     10546        936        312        236       3956     264681   Object Totals
         0          0         32          0          0          0   (incl. Generated)
        20          0          0          1          1          0   (incl. Padding)

    ----------------------------------------------------------------------

      Code (inc. data)   RO Data    RW Data    ZI Data      Debug   Library Member Name

         0          0          0          0          0          0   entry.o
         0          0          0          0          0          0   entry10a.o
         0          0          0          0          0          0   entry11a.o
         8          4          0          0          0          0   entry2.o
         4          0          0          0          0          0   entry5.o
         0          0          0          0          0          0   entry7b.o
         0          0          0          0          0          0   entry8b.o
         8          4          0          0          0          0   entry9a.o
        30          0          0          0          0          0   handlers.o
        36          8          0          0          0         68   init.o
        36          0          0          0          0         60   memcpya.o
        36          0          0          0          0        100   memseta.o
       242          8          0          0          0        168   printf2.o
        44          0          0          0          0         72   uidiv.o

    ----------------------------------------------------------------------
       446         24          0          0          0        468   Library Totals
         2          0          0          0          0          0   (incl. Padding)

    ----------------------------------------------------------------------

      Code (inc. data)   RO Data    RW Data    ZI Data      Debug   Library Name

       444         24          0          0          0        468   mc_p.l

    ----------------------------------------------------------------------
       446         24          0          0          0        468   Library Totals

    ----------------------------------------------------------------------

==============================================================================


      Code (inc. data)   RO Data    RW Data    ZI Data      Debug   

     10992        960        312        236       3956     260277   Grand Totals
     10992        960        312        236       3956     260277   ELF Image Totals
     10992        960        312        236          0          0   ROM Totals

==============================================================================

    Total RO  Size (Code + RO Data)                11304 (  11.04kB)
    Total RW  Size (RW Data + ZI Data)              4192 (   4.09kB)
    Total ROM Size (Code + RO Data + RW Data)      11540 (  11.27kB)

==============================================================================

