<html>
<body>
<pre>
<h1>礦ision Build Log</h1>
<h2>Tool Versions:</h2>
IDE-Version: μVision V5.21.1.0
Copyright (C) 2016 ARM Ltd and ARM Germany GmbH. All rights reserved.
License Information: pavut Microsoft, Microsoft, LIC=KIVNN-YB35W-SG37K-Z5LHB-DJACY-096VZ
 
Tool Versions:
Toolchain:       MDK-ARM Professional  Version: 5.21a
Toolchain Path:  E:\Program Files (x86)\Keil_v5\ARM\ARMCC\Bin
C Compiler:      Armcc.exe V5.06 update 3 (build 300)
Assembler:       Armasm.exe V5.06 update 3 (build 300)
Linker/Locator:  ArmLink.exe V5.06 update 3 (build 300)
Library Manager: ArmAr.exe V5.06 update 3 (build 300)
Hex Converter:   FromElf.exe V5.06 update 3 (build 300)
CPU DLL:         
Dialog DLL:      
Target DLL:      Segger\JL2CM3.dll V2.99.23.0
Dialog DLL:      TARMCM1.DLL V1.10.0.0
 
<h2>Project:</h2>
D:\Users\wangfeng\蓝牙资料\Nordic\nRF_SDK\9.0.0\nRF51_SDK_9.0.0_2e23562_1\examples\peripheral\uart\pca10028\arm5_no_packs\uart_pca10028.uvprojx
Project File Date:  07/10/2015

<h2>Output:</h2>
*** Using Compiler 'V5.06 update 3 (build 300)', folder: 'E:\Program Files (x86)\Keil_v5\ARM\ARMCC\Bin'
Build target 'nrf51422_xxac'
compiling main.c...
E:\Program Files (x86)\Keil_v5\ARM\PACK\ARM\CMSIS\5.0.0-Beta4\CMSIS\Include\core_cm0.h(86): warning:  #47-D: incompatible redefinition of macro "__WEAK" (declared at line 46 of "..\..\..\..\..\components\device\compiler_abstraction.h")
    #define __WEAK                    __attribute__((weak))
..\..\main.c: 1 warning, 0 errors
compiling app_uart_fifo.c...
E:\Program Files (x86)\Keil_v5\ARM\PACK\ARM\CMSIS\5.0.0-Beta4\CMSIS\Include\core_cm0.h(86): warning:  #47-D: incompatible redefinition of macro "__WEAK" (declared at line 46 of "..\..\..\..\..\components\device\compiler_abstraction.h")
    #define __WEAK                    __attribute__((weak))
..\..\..\..\..\components\drivers_nrf\uart\app_uart_fifo.c: 1 warning, 0 errors
compiling nrf_delay.c...
E:\Program Files (x86)\Keil_v5\ARM\PACK\ARM\CMSIS\5.0.0-Beta4\CMSIS\Include\core_cm0.h(86): warning:  #47-D: incompatible redefinition of macro "__WEAK" (declared at line 46 of "..\..\..\..\..\components\device\compiler_abstraction.h")
    #define __WEAK                    __attribute__((weak))
..\..\..\..\..\components\drivers_nrf\hal\nrf_delay.c: 1 warning, 0 errors
compiling app_error.c...
compiling nrf_drv_common.c...
compiling app_fifo.c...
compiling app_util_platform.c...
E:\Program Files (x86)\Keil_v5\ARM\PACK\ARM\CMSIS\5.0.0-Beta4\CMSIS\Include\core_cm0.h(86): warning:  #47-D: incompatible redefinition of macro "__WEAK" (declared at line 46 of "..\..\..\..\..\components\device\compiler_abstraction.h")
    #define __WEAK                    __attribute__((weak))
..\..\..\..\..\components\libraries\util\app_util_platform.c: 1 warning, 0 errors
compiling nrf_assert.c...
compiling nrf_drv_gpiote.c...
assembling arm_startup_nrf51.s...
compiling retarget.c...
E:\Program Files (x86)\Keil_v5\ARM\PACK\ARM\CMSIS\5.0.0-Beta4\CMSIS\Include\core_cm0.h(86): warning:  #47-D: incompatible redefinition of macro "__WEAK" (declared at line 46 of "..\..\..\..\..\components\device\compiler_abstraction.h")
    #define __WEAK                    __attribute__((weak))
..\..\..\..\..\components\libraries\uart\retarget.c: 1 warning, 0 errors
compiling system_nrf51.c...
linking...
Program Size: Code=2856 RO-data=244 RW-data=20 ZI-data=2396  
FromELF: creating hex file...
".\_build\nrf51422_xxac.axf" - 0 Error(s), 5 Warning(s).

<h2>Software Packages used:</h2>

Package Vendor: ARM
                http://www.keil.com/pack/ARM.CMSIS.5.0.0-Beta4.pack
                ARM::CMSIS:CORE:5.0.0
                CMSIS (Cortex Microcontroller Software Interface Standard)
   * Component: CORE Version: 5.0.0

Package Vendor: NordicSemiconductor
                http://developer.nordicsemi.com/nRF5_SDK/pieces/nRF_DeviceFamilyPack/NordicSemiconductor.nRF_DeviceFamilyPack.8.7.1.pack
                NordicSemiconductor::Device:Startup:8.7.1
                Nordic Semiconductor nRF ARM devices Device Family Pack.
   * Component: Startup Version: 8.7.1

<h2>Collection of Component include folders:</h2>
  D:\Users\wangfeng\蓝牙资料\Nordic\nRF_SDK\9.0.0\nRF51_SDK_9.0.0_2e23562_1\examples\peripheral\uart\pca10028\arm5_no_packs\RTE
  E:\Program Files (x86)\Keil_v5\ARM\PACK\ARM\CMSIS\5.0.0-Beta4\CMSIS\Include
  E:\Program Files (x86)\Keil_v5\ARM\PACK\NordicSemiconductor\nRF_DeviceFamilyPack\8.7.1\Device\Include

<h2>Collection of Component Files used:</h2>

   * Component: ARM::CMSIS:CORE:5.0.0

   * Component: NordicSemiconductor::Device:Startup:8.7.1
      Source file:   Device\Source\arm\arm_startup_nrf51.s
      Source file:   Device\Source\system_nrf51.c
      Include file:  Device\Include\system_nrf51.h
Build Time Elapsed:  00:00:04
</pre>
</body>
</html>
