<html>
<body>
<pre>
<h1>µVision Build Log</h1>
<h2>Tool Versions:</h2>
IDE-Version: ¦ÌVision V5.21.1.0
Copyright (C) 2016 ARM Ltd and ARM Germany GmbH. All rights reserved.
License Information: pavut Microsoft, Microsoft, LIC=KIVNN-YB35W-SG37K-Z5LHB-DJACY-096VZ
 
Tool Versions:
Toolchain:       MDK-ARM Professional  Version: 5.21a
Toolchain Path:  E:\Program Files (x86)\Keil_v5\ARM\ARMCC\Bin
C Compiler:      Armcc.exe V5.06 update 3 (build 300)
Assembler:       Armasm.exe V5.06 update 3 (build 300)
Linker/Locator:  ArmLink.exe V5.06 update 3 (build 300)
Library Manager: ArmAr.exe V5.06 update 3 (build 300)
Hex Converter:   FromElf.exe V5.06 update 3 (build 300)
CPU DLL:         
Dialog DLL:      
Target DLL:      Segger\JL2CM3.dll V2.99.23.0
Dialog DLL:      TARMCM1.DLL V1.10.0.0
 
<h2>Project:</h2>
D:\Users\pavut.wong\WorkSpace\nRF51_SDK_9.0.0_2e23562_1\examples\ble_peripheral\ble_app_template\pca10028\s110\arm4\ble_app_template_s110_pca10028.uvproj
Project File Date:  07/10/2015

<h2>Output:</h2>
*** Using Compiler 'V5.06 update 3 (build 300)', folder: 'E:\Program Files (x86)\Keil_v5\ARM\ARMCC\Bin'
Build Project 'ble_app_template_s110_pca10028' - Target 'nrf51422_xxac_s110'
compiling bsp_btn_ble.c...
compiling bsp.c...
compiling main.c...
assembling arm_startup_nrf51.s...
compiling ble_advdata.c...
compiling ble_conn_params.c...
compiling system_nrf51.c...
compiling ble_srv_common.c...
compiling ble_advertising.c...
compiling nrf_delay.c...
compiling app_uart.c...
compiling nrf_drv_common.c...
compiling device_manager_peripheral.c...
compiling nrf_drv_gpiote.c...
compiling pstorage.c...
compiling app_button.c...
compiling app_error.c...
compiling nrf_assert.c...
compiling app_trace.c...
compiling app_timer.c...
compiling retarget.c...
compiling softdevice_handler.c...
linking...
Program Size: Code=14916 RO-data=368 RW-data=260 ZI-data=3868  
FromELF: creating hex file...
".\_build\nrf51422_xxac_s110.axf" - 0 Error(s), 0 Warning(s).
Build Time Elapsed:  00:00:03
</pre>
</body>
</html>
