Component: ARM Compiler 5.06 update 3 (build 300) Tool: armlink [4d35c9]

==============================================================================

Section Cross References

    main.o(i.assert_nrf_callback) refers to app_error.o(i.app_error_handler) for app_error_handler
    main.o(i.ble_evt_dispatch) refers to device_manager_peripheral.o(i.dm_ble_evt_handler) for dm_ble_evt_handler
    main.o(i.ble_evt_dispatch) refers to ble_conn_params.o(i.ble_conn_params_on_ble_evt) for ble_conn_params_on_ble_evt
    main.o(i.ble_evt_dispatch) refers to bsp_btn_ble.o(i.bsp_btn_ble_on_ble_evt) for bsp_btn_ble_on_ble_evt
    main.o(i.ble_evt_dispatch) refers to bsp.o(i.bsp_indication_set) for bsp_indication_set
    main.o(i.ble_evt_dispatch) refers to app_error.o(i.app_error_handler) for app_error_handler
    main.o(i.ble_evt_dispatch) refers to ble_advertising.o(i.ble_advertising_on_ble_evt) for ble_advertising_on_ble_evt
    main.o(i.ble_evt_dispatch) refers to main.o(.data) for .data
    main.o(i.ble_stack_init) refers to softdevice_handler.o(i.softdevice_handler_init) for softdevice_handler_init
    main.o(i.ble_stack_init) refers to app_error.o(i.app_error_handler) for app_error_handler
    main.o(i.ble_stack_init) refers to softdevice_handler.o(i.softdevice_ble_evt_handler_set) for softdevice_ble_evt_handler_set
    main.o(i.ble_stack_init) refers to softdevice_handler.o(i.softdevice_sys_evt_handler_set) for softdevice_sys_evt_handler_set
    main.o(i.ble_stack_init) refers to main.o(.bss) for .bss
    main.o(i.ble_stack_init) refers to main.o(i.ble_evt_dispatch) for ble_evt_dispatch
    main.o(i.ble_stack_init) refers to main.o(i.sys_evt_dispatch) for sys_evt_dispatch
    main.o(i.bsp_event_handler) refers to main.o(i.sleep_mode_enter) for sleep_mode_enter
    main.o(i.bsp_event_handler) refers to app_error.o(i.app_error_handler) for app_error_handler
    main.o(i.bsp_event_handler) refers to ble_advertising.o(i.ble_advertising_restart_without_whitelist) for ble_advertising_restart_without_whitelist
    main.o(i.bsp_event_handler) refers to main.o(.data) for .data
    main.o(i.conn_params_error_handler) refers to app_error.o(i.app_error_handler) for app_error_handler
    main.o(i.device_manager_evt_handler) refers to app_error.o(i.app_error_handler) for app_error_handler
    main.o(i.device_manager_init) refers to pstorage.o(i.pstorage_init) for pstorage_init
    main.o(i.device_manager_init) refers to app_error.o(i.app_error_handler) for app_error_handler
    main.o(i.device_manager_init) refers to device_manager_peripheral.o(i.dm_init) for dm_init
    main.o(i.device_manager_init) refers to memseta.o(.text) for __aeabi_memclr
    main.o(i.device_manager_init) refers to device_manager_peripheral.o(i.dm_register) for dm_register
    main.o(i.device_manager_init) refers to main.o(i.device_manager_evt_handler) for device_manager_evt_handler
    main.o(i.device_manager_init) refers to main.o(.data) for .data
    main.o(i.main) refers to app_timer.o(i.app_timer_init) for app_timer_init
    main.o(i.main) refers to app_error.o(i.app_error_handler) for app_error_handler
    main.o(i.main) refers to bsp.o(i.bsp_init) for bsp_init
    main.o(i.main) refers to bsp_btn_ble.o(i.bsp_btn_ble_init) for bsp_btn_ble_init
    main.o(i.main) refers to main.o(i.ble_stack_init) for ble_stack_init
    main.o(i.main) refers to main.o(i.device_manager_init) for device_manager_init
    main.o(i.main) refers to memseta.o(.text) for __aeabi_memclr4
    main.o(i.main) refers to ble_advertising.o(i.ble_advertising_init) for ble_advertising_init
    main.o(i.main) refers to ble_conn_params.o(i.ble_conn_params_init) for ble_conn_params_init
    main.o(i.main) refers to ble_advertising.o(i.ble_advertising_start) for ble_advertising_start
    main.o(i.main) refers to main.o(.bss) for .bss
    main.o(i.main) refers to main.o(i.bsp_event_handler) for bsp_event_handler
    main.o(i.main) refers to main.o(.data) for .data
    main.o(i.main) refers to main.o(i.on_adv_evt) for on_adv_evt
    main.o(i.main) refers to main.o(i.on_conn_params_evt) for on_conn_params_evt
    main.o(i.main) refers to main.o(i.conn_params_error_handler) for conn_params_error_handler
    main.o(i.on_adv_evt) refers to bsp.o(i.bsp_indication_set) for bsp_indication_set
    main.o(i.on_adv_evt) refers to app_error.o(i.app_error_handler) for app_error_handler
    main.o(i.on_adv_evt) refers to main.o(i.sleep_mode_enter) for sleep_mode_enter
    main.o(i.on_conn_params_evt) refers to app_error.o(i.app_error_handler) for app_error_handler
    main.o(i.on_conn_params_evt) refers to main.o(.data) for .data
    main.o(i.sleep_mode_enter) refers to bsp.o(i.bsp_indication_set) for bsp_indication_set
    main.o(i.sleep_mode_enter) refers to app_error.o(i.app_error_handler) for app_error_handler
    main.o(i.sleep_mode_enter) refers to bsp_btn_ble.o(i.bsp_btn_ble_sleep_mode_prepare) for bsp_btn_ble_sleep_mode_prepare
[...]
    Removing app_error.o(.revsh_text), (4 bytes).
    Removing app_timer.o(.rev16_text), (4 bytes).
    Removing app_timer.o(.revsh_text), (4 bytes).
    Removing app_timer.o(i.app_timer_cnt_diff_compute), (12 bytes).
    Removing app_timer.o(i.app_timer_cnt_get), (16 bytes).
    Removing app_timer.o(i.app_timer_stop_all), (68 bytes).
    Removing retarget.o(.rev16_text), (4 bytes).
    Removing retarget.o(.revsh_text), (4 bytes).
    Removing retarget.o(i.fgetc), (18 bytes).
    Removing retarget.o(i.fputc), (14 bytes).
    Removing retarget.o(.data), (4 bytes).
    Removing retarget.o(.data), (4 bytes).
    Removing softdevice_handler.o(.rev16_text), (4 bytes).
    Removing softdevice_handler.o(.revsh_text), (4 bytes).
    Removing softdevice_handler.o(i.softdevice_handler_sd_disable), (24 bytes).

98 unused section(s) (total 6522 bytes) removed from the image.

==============================================================================

Image Symbol Table

    Local Symbols

    Symbol Name                              Value     Ov Type        Size  Object(Section)

    ../clib/microlib/division.c              0x00000000   Number         0  uidiv.o ABSOLUTE
    ../clib/microlib/division.c              0x00000000   Number         0  idiv.o ABSOLUTE
    ../clib/microlib/init/entry.s            0x00000000   Number         0  entry10a.o ABSOLUTE
    ../clib/microlib/init/entry.s            0x00000000   Number         0  entry5.o ABSOLUTE
    ../clib/microlib/init/entry.s            0x00000000   Number         0  entry7a.o ABSOLUTE
    ../clib/microlib/init/entry.s            0x00000000   Number         0  entry11b.o ABSOLUTE
    ../clib/microlib/init/entry.s            0x00000000   Number         0  entry9a.o ABSOLUTE
    ../clib/microlib/init/entry.s            0x00000000   Number         0  entry7b.o ABSOLUTE
    ../clib/microlib/init/entry.s            0x00000000   Number         0  entry.o ABSOLUTE
    ../clib/microlib/init/entry.s            0x00000000   Number         0  entry8b.o ABSOLUTE
    ../clib/microlib/init/entry.s            0x00000000   Number         0  entry11a.o ABSOLUTE
    ../clib/microlib/init/entry.s            0x00000000   Number         0  entry10b.o ABSOLUTE
    ../clib/microlib/init/entry.s            0x00000000   Number         0  entry2.o ABSOLUTE
    ../clib/microlib/init/entry.s            0x00000000   Number         0  entry9b.o ABSOLUTE
    ../clib/microlib/init/entry.s            0x00000000   Number         0  entry8a.o ABSOLUTE
    ../clib/microlib/string/memcmp.c         0x00000000   Number         0  memcmp.o ABSOLUTE
    ../clib/microlib/string/memcpy.c         0x00000000   Number         0  memcpya.o ABSOLUTE
    ../clib/microlib/string/memcpy.c         0x00000000   Number         0  memcpyb.o ABSOLUTE
    ../clib/microlib/string/memset.c         0x00000000   Number         0  memseta.o ABSOLUTE
    ../clib/microlib/string/strlen.c         0x00000000   Number         0  strlen.o ABSOLUTE
    ..\..\..\..\..\..\components\ble\ble_advertising\ble_advertising.c 0x00000000   Number         0  ble_advertising.o ABSOLUTE
    ..\..\..\..\..\..\components\ble\common\ble_advdata.c 0x00000000   Number         0  ble_advdata.o ABSOLUTE
    ..\..\..\..\..\..\components\ble\common\ble_conn_params.c 0x00000000   Number         0  ble_conn_params.o ABSOLUTE
    ..\..\..\..\..\..\components\ble\common\ble_srv_common.c 0x00000000   Number         0  ble_srv_common.o ABSOLUTE
    ..\..\..\..\..\..\components\ble\device_manager\device_manager_peripheral.c 0x00000000   Number         0  device_manager_peripheral.o ABSOLUTE
    ..\..\..\..\..\..\components\drivers_nrf\common\nrf_drv_common.c 0x00000000   Number         0  nrf_drv_common.o ABSOLUTE
    ..\..\..\..\..\..\components\drivers_nrf\gpiote\nrf_drv_gpiote.c 0x00000000   Number         0  nrf_drv_gpiote.o ABSOLUTE
    ..\..\..\..\..\..\components\drivers_nrf\hal\nrf_delay.c 0x00000000   Number         0  nrf_delay.o ABSOLUTE
    ..\..\..\..\..\..\components\drivers_nrf\pstorage\pstorage.c 0x00000000   Number         0  pstorage.o ABSOLUTE
    ..\..\..\..\..\..\components\drivers_nrf\uart\app_uart.c 0x00000000   Number         0  app_uart.o ABSOLUTE
    ..\..\..\..\..\..\components\libraries\button\app_button.c 0x00000000   Number         0  app_button.o ABSOLUTE
    ..\..\..\..\..\..\components\libraries\timer\app_timer.c 0x00000000   Number         0  app_timer.o ABSOLUTE
    ..\..\..\..\..\..\components\libraries\trace\app_trace.c 0x00000000   Number         0  app_trace.o ABSOLUTE
    ..\..\..\..\..\..\components\libraries\uart\retarget.c 0x00000000   Number         0  retarget.o ABSOLUTE
    ..\..\..\..\..\..\components\libraries\util\app_error.c 0x00000000   Number         0  app_error.o ABSOLUTE
    ..\..\..\..\..\..\components\libraries\util\nrf_assert.c 0x00000000   Number         0  nrf_assert.o ABSOLUTE
    ..\..\..\..\..\..\components\softdevice\common\softdevice_handler\softdevice_handler.c 0x00000000   Number         0  softdevice_handler.o ABSOLUTE
    ..\..\..\..\..\..\components\toolchain\arm\arm_startup_nrf51.s 0x00000000   Number         0  arm_startup_nrf51.o ABSOLUTE
    ..\..\..\..\..\..\components\toolchain\system_nrf51.c 0x00000000   Number         0  system_nrf51.o ABSOLUTE
    ..\..\..\..\..\bsp\bsp.c                 0x00000000   Number         0  bsp.o ABSOLUTE
    ..\..\..\..\..\bsp\bsp_btn_ble.c         0x00000000   Number         0  bsp_btn_ble.o ABSOLUTE
    ..\..\..\main.c                          0x00000000   Number         0  main.o ABSOLUTE
    ..\\..\\..\\..\\..\\..\\components\\ble\\ble_advertising\\ble_advertising.c 0x00000000   Number         0  ble_advertising.o ABSOLUTE
    ..\\..\\..\\..\\..\\..\\components\\ble\\device_manager\\device_manager_peripheral.c 0x00000000   Number         0  device_manager_peripheral.o ABSOLUTE
    ..\\..\\..\\..\\..\\..\\components\\drivers_nrf\\common\\nrf_drv_common.c 0x00000000   Number         0  nrf_drv_common.o ABSOLUTE
    ..\\..\\..\\..\\..\\..\\components\\drivers_nrf\\gpiote\\nrf_drv_gpiote.c 0x00000000   Number         0  nrf_drv_gpiote.o ABSOLUTE
    ..\\..\\..\\..\\..\\..\\components\\drivers_nrf\\hal\\nrf_delay.c 0x00000000   Number         0  nrf_delay.o ABSOLUTE
    ..\\..\\..\\..\\..\\..\\components\\drivers_nrf\\pstorage\\pstorage.c 0x00000000   Number         0  pstorage.o ABSOLUTE
    ..\\..\\..\\..\\..\\..\\components\\drivers_nrf\\uart\\app_uart.c 0x00000000   Number         0  app_uart.o ABSOLUTE
    ..\\..\\..\\..\\..\\..\\components\\libraries\\button\\app_button.c 0x00000000   Number         0  app_button.o ABSOLUTE
    ..\\..\\..\\..\\..\\..\\components\\libraries\\timer\\app_timer.c 0x00000000   Number         0  app_timer.o ABSOLUTE
    ..\\..\\..\\..\\..\\..\\components\\libraries\\uart\\retarget.c 0x00000000   Number         0  retarget.o ABSOLUTE
    ..\\..\\..\\..\\..\\..\\components\\libraries\\util\\app_error.c 0x00000000   Number         0  app_error.o ABSOLUTE
    ..\\..\\..\\..\\..\\..\\components\\softdevice\\common\\softdevice_handler\\softdevice_handler.c 0x00000000   Number         0  softdevice_handler.o ABSOLUTE
    ..\\..\\..\\..\\..\\..\\components\\toolchain\\system_nrf51.c 0x00000000   Number         0  system_nrf51.o ABSOLUTE
    ..\\..\\..\\..\\..\\bsp\\bsp.c           0x00000000   Number         0  bsp.o ABSOLUTE
    ..\\..\\..\\..\\..\\bsp\\bsp_btn_ble.c   0x00000000   Number         0  bsp_btn_ble.o ABSOLUTE
    ..\\..\\..\\main.c                       0x00000000   Number         0  main.o ABSOLUTE
    dc.s                                     0x00000000   Number         0  dc.o ABSOLUTE
    handlers.s                               0x00000000   Number         0  handlers.o ABSOLUTE
    init.s                                   0x00000000   Number         0  init.o ABSOLUTE
    RESET                                    0x00018000   Section      192  arm_startup_nrf51.o(RESET)
    .ARM.Collect$$$$00000000                 0x000180c0   Section        0  entry.o(.ARM.Collect$$$$00000000)
    .ARM.Collect$$$$00000001                 0x000180c0   Section        4  entry2.o(.ARM.Collect$$$$00000001)
    .ARM.Collect$$$$00000004                 0x000180c4   Section        4  entry5.o(.ARM.Collect$$$$00000004)
    .ARM.Collect$$$$00000008                 0x000180c8   Section        0  entry7b.o(.ARM.Collect$$$$00000008)
    .ARM.Collect$$$$0000000A                 0x000180c8   Section        0  entry8b.o(.ARM.Collect$$$$0000000A)
    .ARM.Collect$$$$0000000B                 0x000180c8   Section        8  entry9a.o(.ARM.Collect$$$$0000000B)
    .ARM.Collect$$$$0000000D                 0x000180d0   Section        0  entry10a.o(.ARM.Collect$$$$0000000D)
    .ARM.Collect$$$$0000000F                 0x000180d0   Section        0  entry11a.o(.ARM.Collect$$$$0000000F)
    .ARM.Collect$$$$00002712                 0x000180d0   Section        4  entry2.o(.ARM.Collect$$$$00002712)
    __lit__00000000                          0x000180d0   Data           4  entry2.o(.ARM.Collect$$$$00002712)
    .emb_text                                0x000180d4   Section       30  app_timer.o(.emb_text)
    .text                                    0x000180f4   Section       56  arm_startup_nrf51.o(.text)
    .text                                    0x0001812c   Section        0  uidiv.o(.text)
    .text                                    0x00018158   Section        0  idiv.o(.text)
    .text                                    0x00018180   Section        0  memcpya.o(.text)
    .text                                    0x000181a4   Section        0  memseta.o(.text)
    .text                                    0x000181c8   Section        0  memcmp.o(.text)
    .text                                    0x000181e4   Section       36  init.o(.text)
    i.GPIOTE_IRQHandler                      0x00018208   Section        0  nrf_drv_gpiote.o(i.GPIOTE_IRQHandler)
    i.NVIC_SetPriority                       0x00018310   Section        0  app_timer.o(i.NVIC_SetPriority)
    NVIC_SetPriority                         0x00018311   Thumb Code    60  app_timer.o(i.NVIC_SetPriority)
    i.RTC1_IRQHandler                        0x00018354   Section        0  app_timer.o(i.RTC1_IRQHandler)
    i.SWI0_IRQHandler                        0x00018374   Section        0  app_timer.o(i.SWI0_IRQHandler)
    i.SWI2_IRQHandler                        0x000183c8   Section        0  softdevice_handler.o(i.SWI2_IRQHandler)
    i.SystemInit                             0x000183ec   Section        0  system_nrf51.o(i.SystemInit)
    i.UART0_IRQHandler                       0x00018440   Section        0  app_uart.o(i.UART0_IRQHandler)
    i.__ARM_common_switch8                   0x000184b8   Section        0  bsp.o(i.__ARM_common_switch8)
    i.__scatterload_copy                     0x000184d2   Section       14  handlers.o(i.__scatterload_copy)
    i.__scatterload_null                     0x000184e0   Section        2  handlers.o(i.__scatterload_null)
    i.__scatterload_zeroinit                 0x000184e2   Section       14  handlers.o(i.__scatterload_zeroinit)
    i.action_tx_stop                         0x000184f0   Section        0  app_uart.o(i.action_tx_stop)
    i.action_uart_deactivate                 0x00018514   Section        0  app_uart.o(i.action_uart_deactivate)
    action_uart_deactivate                   0x00018515   Thumb Code    20  app_uart.o(i.action_uart_deactivate)
    i.adv_data_encode                        0x00018534   Section        0  ble_advdata.o(i.adv_data_encode)
    adv_data_encode                          0x00018535   Thumb Code   330  ble_advdata.o(i.adv_data_encode)
    i.advertising_buttons_configure          0x0001867e   Section        0  bsp_btn_ble.o(i.advertising_buttons_configure)
    advertising_buttons_configure            0x0001867f   Thumb Code    60  bsp_btn_ble.o(i.advertising_buttons_configure)
    i.alert_timer_handler                    0x000186bc   Section        0  bsp.o(i.alert_timer_handler)
    alert_timer_handler                      0x000186bd   Thumb Code    20  bsp.o(i.alert_timer_handler)
    i.app_button_enable                      0x000186d4   Section        0  app_button.o(i.app_button_enable)
    i.app_button_init                        0x000186f8   Section        0  app_button.o(i.app_button_init)
    i.app_error_handler                      0x00018770   Section        0  app_error.o(i.app_error_handler)
    i.app_evt_notify                         0x00018788   Section        0  device_manager_peripheral.o(i.app_evt_notify)
    app_evt_notify                           0x00018789   Thumb Code     6  device_manager_peripheral.o(i.app_evt_notify)
    i.app_notify                             0x00018794   Section        0  pstorage.o(i.app_notify)
    app_notify                               0x00018795   Thumb Code    34  pstorage.o(i.app_notify)
    i.app_notify_error_state_transit         0x000187c0   Section        0  pstorage.o(i.app_notify_error_state_transit)
    app_notify_error_state_transit           0x000187c1   Thumb Code    26  pstorage.o(i.app_notify_error_state_transit)
    i.app_timer_create                       0x000187e0   Section        0  app_timer.o(i.app_timer_create)
    i.app_timer_init                         0x0001882c   Section        0  app_timer.o(i.app_timer_init)
    i.app_timer_start                        0x000188e0   Section        0  app_timer.o(i.app_timer_start)
    i.app_timer_stop                         0x00018964   Section        0  app_timer.o(i.app_timer_stop)
    i.ble_advdata_set                        0x000189bc   Section        0  ble_advdata.o(i.ble_advdata_set)
    i.ble_advertising_init                   0x00018a18   Section        0  ble_advertising.o(i.ble_advertising_init)
    i.ble_advertising_on_ble_evt             0x00018b3c   Section        0  ble_advertising.o(i.ble_advertising_on_ble_evt)
    i.ble_advertising_on_sys_evt             0x00018bb0   Section        0  ble_advertising.o(i.ble_advertising_on_sys_evt)
    i.ble_advertising_peer_address_clear     0x00018be0   Section        0  ble_advertising.o(i.ble_advertising_peer_address_clear)
    ble_advertising_peer_address_clear       0x00018be1   Thumb Code    12  ble_advertising.o(i.ble_advertising_peer_address_clear)
    i.ble_advertising_restart_without_whitelist 0x00018bf0   Section        0  ble_advertising.o(i.ble_advertising_restart_without_whitelist)
    i.ble_advertising_start                  0x00018c30   Section        0  ble_advertising.o(i.ble_advertising_start)
    i.ble_conn_params_init                   0x00018e10   Section        0  ble_conn_params.o(i.ble_conn_params_init)
    i.ble_conn_params_on_ble_evt             0x00018e64   Section        0  ble_conn_params.o(i.ble_conn_params_on_ble_evt)
    i.ble_evt_dispatch                       0x00018ef4   Section        0  main.o(i.ble_evt_dispatch)
    ble_evt_dispatch                         0x00018ef5   Thumb Code    70  main.o(i.ble_evt_dispatch)
    i.ble_stack_init                         0x00018f40   Section        0  main.o(i.ble_stack_init)
    ble_stack_init                           0x00018f41   Thumb Code    92  main.o(i.ble_stack_init)
    i.bond_data_load                         0x00018fa8   Section        0  device_manager_peripheral.o(i.bond_data_load)
    i.bsp_btn_ble_init                       0x00018ff0   Section        0  bsp_btn_ble.o(i.bsp_btn_ble_init)
    i.bsp_btn_ble_on_ble_evt                 0x00019044   Section        0  bsp_btn_ble.o(i.bsp_btn_ble_on_ble_evt)
    i.bsp_btn_ble_sleep_mode_prepare         0x000190bc   Section        0  bsp_btn_ble.o(i.bsp_btn_ble_sleep_mode_prepare)
    i.bsp_button_event_handler               0x000190d0   Section        0  bsp.o(i.bsp_button_event_handler)
    bsp_button_event_handler                 0x000190d1   Thumb Code   144  bsp.o(i.bsp_button_event_handler)
    i.bsp_button_is_pressed                  0x0001916c   Section        0  bsp.o(i.bsp_button_is_pressed)
    i.bsp_event_handler                      0x00019198   Section        0  main.o(i.bsp_event_handler)
    i.bsp_event_to_button_action_assign      0x000191d4   Section        0  bsp.o(i.bsp_event_to_button_action_assign)
    i.bsp_indication_set                     0x0001921c   Section        0  bsp.o(i.bsp_indication_set)
    i.bsp_init                               0x00019238   Section        0  bsp.o(i.bsp_init)
    i.bsp_led_indication                     0x000192d8   Section        0  bsp.o(i.bsp_led_indication)
    bsp_led_indication                       0x000192d9   Thumb Code   482  bsp.o(i.bsp_led_indication)
    i.bsp_wakeup_buttons_set                 0x000194c8   Section        0  bsp.o(i.bsp_wakeup_buttons_set)
    i.button_timer_handler                   0x00019504   Section        0  bsp.o(i.button_timer_handler)
    button_timer_handler                     0x00019505   Thumb Code    12  bsp.o(i.button_timer_handler)
    i.channel_free                           0x00019510   Section        0  nrf_drv_gpiote.o(i.channel_free)
    channel_free                             0x00019511   Thumb Code    22  nrf_drv_gpiote.o(i.channel_free)
    i.channel_port_alloc                     0x0001952c   Section        0  nrf_drv_gpiote.o(i.channel_port_alloc)
    channel_port_alloc                       0x0001952d   Thumb Code    66  nrf_drv_gpiote.o(i.channel_port_alloc)
    i.channel_port_get                       0x00019574   Section        0  nrf_drv_gpiote.o(i.channel_port_get)
    channel_port_get                         0x00019575   Thumb Code    10  nrf_drv_gpiote.o(i.channel_port_get)
    i.clear_operation_execute                0x00019584   Section        0  pstorage.o(i.clear_operation_execute)
    clear_operation_execute                  0x00019585   Thumb Code   252  pstorage.o(i.clear_operation_execute)
    i.clear_post_processing_run              0x00019688   Section        0  pstorage.o(i.clear_post_processing_run)
    clear_post_processing_run                0x00019689   Thumb Code    32  pstorage.o(i.clear_post_processing_run)
    i.cmd_process                            0x000196ac   Section        0  pstorage.o(i.cmd_process)
    cmd_process                              0x000196ad   Thumb Code    46  pstorage.o(i.cmd_process)
    i.cmd_queue_element_init                 0x000196e4   Section        0  pstorage.o(i.cmd_queue_element_init)
    cmd_queue_element_init                   0x000196e5   Thumb Code    26  pstorage.o(i.cmd_queue_element_init)
    i.cmd_queue_enqueue                      0x00019704   Section        0  pstorage.o(i.cmd_queue_enqueue)
    cmd_queue_enqueue                        0x00019705   Thumb Code    68  pstorage.o(i.cmd_queue_enqueue)
    i.command_end_procedure_run              0x00019750   Section        0  pstorage.o(i.command_end_procedure_run)
    command_end_procedure_run                0x00019751   Thumb Code    56  pstorage.o(i.command_end_procedure_run)
    i.compare_reg_update                     0x0001978c   Section        0  app_timer.o(i.compare_reg_update)
    compare_reg_update                       0x0001978d   Thumb Code   140  app_timer.o(i.compare_reg_update)
    i.conn_int_encode                        0x00019830   Section        0  ble_advdata.o(i.conn_int_encode)
    conn_int_encode                          0x00019831   Thumb Code   126  ble_advdata.o(i.conn_int_encode)
    i.conn_params_error_handler              0x000198b4   Section        0  main.o(i.conn_params_error_handler)
    conn_params_error_handler                0x000198b5   Thumb Code    12  main.o(i.conn_params_error_handler)
    i.conn_params_negotiation                0x000198c0   Section        0  ble_conn_params.o(i.conn_params_negotiation)
    conn_params_negotiation                  0x000198c1   Thumb Code    90  ble_conn_params.o(i.conn_params_negotiation)
    i.connection_instance_find               0x00019924   Section        0  device_manager_peripheral.o(i.connection_instance_find)
    connection_instance_find                 0x00019925   Thumb Code    38  device_manager_peripheral.o(i.connection_instance_find)
    i.connection_instance_init               0x00019954   Section        0  device_manager_peripheral.o(i.connection_instance_init)
    connection_instance_init                 0x00019955   Thumb Code    30  device_manager_peripheral.o(i.connection_instance_init)
    i.data_page_erase_state_run              0x00019978   Section        0  pstorage.o(i.data_page_erase_state_run)
    data_page_erase_state_run                0x00019979   Thumb Code    80  pstorage.o(i.data_page_erase_state_run)
    i.data_to_swap_write_state_run           0x000199cc   Section        0  pstorage.o(i.data_to_swap_write_state_run)
    data_to_swap_write_state_run             0x000199cd   Thumb Code    34  pstorage.o(i.data_to_swap_write_state_run)
    i.detection_delay_timeout_handler        0x000199f4   Section        0  app_button.o(i.detection_delay_timeout_handler)
    detection_delay_timeout_handler          0x000199f5   Thumb Code    90  app_button.o(i.detection_delay_timeout_handler)
    i.device_context_store                   0x00019a54   Section        0  device_manager_peripheral.o(i.device_context_store)
    device_context_store                     0x00019a55   Thumb Code   150  device_manager_peripheral.o(i.device_context_store)
    i.device_instance_allocate               0x00019b08   Section        0  device_manager_peripheral.o(i.device_instance_allocate)
    device_instance_allocate                 0x00019b09   Thumb Code    74  device_manager_peripheral.o(i.device_instance_allocate)
    i.device_instance_find                   0x00019b5c   Section        0  device_manager_peripheral.o(i.device_instance_find)
    device_instance_find                     0x00019b5d   Thumb Code    68  device_manager_peripheral.o(i.device_instance_find)
    i.device_instance_free                   0x00019ba4   Section        0  device_manager_peripheral.o(i.device_instance_free)
    device_instance_free                     0x00019ba5   Thumb Code    40  device_manager_peripheral.o(i.device_instance_free)
    i.device_manager_evt_handler             0x00019bd0   Section        0  main.o(i.device_manager_evt_handler)
    device_manager_evt_handler               0x00019bd1   Thumb Code    18  main.o(i.device_manager_evt_handler)
    i.device_manager_init                    0x00019be4   Section        0  main.o(i.device_manager_init)
    device_manager_init                      0x00019be5   Thumb Code   106  main.o(i.device_manager_init)
    i.dm_ble_evt_handler                     0x00019c58   Section        0  device_manager_peripheral.o(i.dm_ble_evt_handler)
    i.dm_handle_initialize                   0x0001a030   Section        0  device_manager_peripheral.o(i.dm_handle_initialize)
    i.dm_init                                0x0001a04c   Section        0  device_manager_peripheral.o(i.dm_init)
    i.dm_pstorage_cb_handler                 0x0001a110   Section        0  device_manager_peripheral.o(i.dm_pstorage_cb_handler)
    dm_pstorage_cb_handler                   0x0001a111   Thumb Code   376  device_manager_peripheral.o(i.dm_pstorage_cb_handler)
    i.dm_register                            0x0001a29c   Section        0  device_manager_peripheral.o(i.dm_register)
    i.elapsed_ticks_acquire                  0x0001a310   Section        0  app_timer.o(i.elapsed_ticks_acquire)
    elapsed_ticks_acquire                    0x0001a311   Thumb Code    58  app_timer.o(i.elapsed_ticks_acquire)
    i.expired_timers_handler                 0x0001a350   Section        0  app_timer.o(i.expired_timers_handler)
    expired_timers_handler                   0x0001a351   Thumb Code    82  app_timer.o(i.expired_timers_handler)
    i.flash_api_err_code_process             0x0001a3a8   Section        0  pstorage.o(i.flash_api_err_code_process)
    flash_api_err_code_process               0x0001a3a9   Thumb Code    28  pstorage.o(i.flash_api_err_code_process)
    i.flash_operation_success_run            0x0001a3c8   Section        0  pstorage.o(i.flash_operation_success_run)
    flash_operation_success_run              0x0001a3c9   Thumb Code   114  pstorage.o(i.flash_operation_success_run)
    i.flash_page_erase                       0x0001a448   Section        0  pstorage.o(i.flash_page_erase)
    flash_page_erase                         0x0001a449   Thumb Code    10  pstorage.o(i.flash_page_erase)
    i.flash_write                            0x0001a452   Section        0  pstorage.o(i.flash_write)
    flash_write                              0x0001a453   Thumb Code    10  pstorage.o(i.flash_write)
    i.gattc_context_apply                    0x0001a45c   Section        0  device_manager_peripheral.o(i.gattc_context_apply)
    gattc_context_apply                      0x0001a45d   Thumb Code     4  device_manager_peripheral.o(i.gattc_context_apply)
    i.gattc_context_load                     0x0001a460   Section        0  device_manager_peripheral.o(i.gattc_context_load)
    gattc_context_load                       0x0001a461   Thumb Code     4  device_manager_peripheral.o(i.gattc_context_load)
    i.gattc_context_store                    0x0001a464   Section        0  device_manager_peripheral.o(i.gattc_context_store)
    gattc_context_store                      0x0001a465   Thumb Code     4  device_manager_peripheral.o(i.gattc_context_store)
    i.gatts_context_apply                    0x0001a468   Section        0  device_manager_peripheral.o(i.gatts_context_apply)
    gatts_context_apply                      0x0001a469   Thumb Code   160  device_manager_peripheral.o(i.gatts_context_apply)
    i.gatts_context_load                     0x0001a518   Section        0  device_manager_peripheral.o(i.gatts_context_load)
    gatts_context_load                       0x0001a519   Thumb Code    44  device_manager_peripheral.o(i.gatts_context_load)
    i.gatts_context_store                    0x0001a548   Section        0  device_manager_peripheral.o(i.gatts_context_store)
    gatts_context_store                      0x0001a549   Thumb Code   158  device_manager_peripheral.o(i.gatts_context_store)
    i.gattsc_context_apply                   0x0001a5f4   Section        0  device_manager_peripheral.o(i.gattsc_context_apply)
    gattsc_context_apply                     0x0001a5f5   Thumb Code     8  device_manager_peripheral.o(i.gattsc_context_apply)
    i.gattsc_context_load                    0x0001a5fc   Section        0  device_manager_peripheral.o(i.gattsc_context_load)
    gattsc_context_load                      0x0001a5fd   Thumb Code     8  device_manager_peripheral.o(i.gattsc_context_load)
    i.gattsc_context_store                   0x0001a604   Section        0  device_manager_peripheral.o(i.gattsc_context_store)
    gattsc_context_store                     0x0001a605   Thumb Code     8  device_manager_peripheral.o(i.gattsc_context_store)
    i.gpiote_event_handler                   0x0001a60c   Section        0  app_button.o(i.gpiote_event_handler)
    gpiote_event_handler                     0x0001a60d   Thumb Code    70  app_button.o(i.gpiote_event_handler)
    i.head_restore_state_run                 0x0001a658   Section        0  pstorage.o(i.head_restore_state_run)
    head_restore_state_run                   0x0001a659   Thumb Code   110  pstorage.o(i.head_restore_state_run)
    i.intern_softdevice_events_execute       0x0001a6d0   Section        0  softdevice_handler.o(i.intern_softdevice_events_execute)
    i.is_conn_params_ok                      0x0001a750   Section        0  ble_conn_params.o(i.is_conn_params_ok)
    is_conn_params_ok                        0x0001a751   Thumb Code    24  ble_conn_params.o(i.is_conn_params_ok)
    i.is_manual_peripheral_setup_needed      0x0001a76c   Section        0  system_nrf51.o(i.is_manual_peripheral_setup_needed)
    is_manual_peripheral_setup_needed        0x0001a76d   Thumb Code    66  system_nrf51.o(i.is_manual_peripheral_setup_needed)
    i.is_page_erase_required                 0x0001a7b4   Section        0  pstorage.o(i.is_page_erase_required)
    is_page_erase_required                   0x0001a7b5   Thumb Code    60  pstorage.o(i.is_page_erase_required)
    i.is_word_aligned                        0x0001a7f8   Section        0  pstorage.o(i.is_word_aligned)
    is_word_aligned                          0x0001a7f9   Thumb Code    12  pstorage.o(i.is_word_aligned)
    i.leds_timer_handler                     0x0001a804   Section        0  bsp.o(i.leds_timer_handler)
    leds_timer_handler                       0x0001a805   Thumb Code    18  bsp.o(i.leds_timer_handler)
    i.list_deletions_handler                 0x0001a81c   Section        0  app_timer.o(i.list_deletions_handler)
    list_deletions_handler                   0x0001a81d   Thumb Code   144  app_timer.o(i.list_deletions_handler)
    i.list_insertions_handler                0x0001a8b0   Section        0  app_timer.o(i.list_insertions_handler)
    list_insertions_handler                  0x0001a8b1   Thumb Code   230  app_timer.o(i.list_insertions_handler)
    i.main                                   0x0001a9a0   Section        0  main.o(i.main)
    i.main_state_err_busy_process            0x0001ab14   Section        0  pstorage.o(i.main_state_err_busy_process)
    main_state_err_busy_process              0x0001ab15   Thumb Code    20  pstorage.o(i.main_state_err_busy_process)
    i.manuf_specific_data_encode             0x0001ab2c   Section        0  ble_advdata.o(i.manuf_specific_data_encode)
    manuf_specific_data_encode               0x0001ab2d   Thumb Code   100  ble_advdata.o(i.manuf_specific_data_encode)
    i.name_encode                            0x0001ab90   Section        0  ble_advdata.o(i.name_encode)
    name_encode                              0x0001ab91   Thumb Code   106  ble_advdata.o(i.name_encode)
    i.no_service_context_apply               0x0001abfa   Section        0  device_manager_peripheral.o(i.no_service_context_apply)
    no_service_context_apply                 0x0001abfb   Thumb Code     4  device_manager_peripheral.o(i.no_service_context_apply)
    i.no_service_context_load                0x0001abfe   Section        0  device_manager_peripheral.o(i.no_service_context_load)
    no_service_context_load                  0x0001abff   Thumb Code     4  device_manager_peripheral.o(i.no_service_context_load)
    i.no_service_context_store               0x0001ac02   Section        0  device_manager_peripheral.o(i.no_service_context_store)
    no_service_context_store                 0x0001ac03   Thumb Code     4  device_manager_peripheral.o(i.no_service_context_store)
    i.nrf_drv_common_irq_enable              0x0001ac08   Section        0  nrf_drv_common.o(i.nrf_drv_common_irq_enable)
    i.nrf_drv_gpiote_in_event_enable         0x0001ac68   Section        0  nrf_drv_gpiote.o(i.nrf_drv_gpiote_in_event_enable)
    i.nrf_drv_gpiote_in_init                 0x0001ad08   Section        0  nrf_drv_gpiote.o(i.nrf_drv_gpiote_in_init)
    i.nrf_drv_gpiote_in_is_set               0x0001ad9c   Section        0  nrf_drv_gpiote.o(i.nrf_drv_gpiote_in_is_set)
    i.nrf_drv_gpiote_init                    0x0001adb0   Section        0  nrf_drv_gpiote.o(i.nrf_drv_gpiote_init)
    i.nrf_drv_gpiote_is_init                 0x0001ae04   Section        0  nrf_drv_gpiote.o(i.nrf_drv_gpiote_is_init)
    i.nrf_gpio_cfg_sense_set                 0x0001ae14   Section        0  nrf_drv_gpiote.o(i.nrf_gpio_cfg_sense_set)
    nrf_gpio_cfg_sense_set                   0x0001ae15   Thumb Code    26  nrf_drv_gpiote.o(i.nrf_gpio_cfg_sense_set)
    i.nrf_gpiote_event_is_set                0x0001ae34   Section        0  nrf_drv_gpiote.o(i.nrf_gpiote_event_is_set)
    nrf_gpiote_event_is_set                  0x0001ae35   Thumb Code    14  nrf_drv_gpiote.o(i.nrf_gpiote_event_is_set)
    i.on_adv_evt                             0x0001ae48   Section        0  main.o(i.on_adv_evt)
    on_adv_evt                               0x0001ae49   Thumb Code    36  main.o(i.on_adv_evt)
    i.on_conn_params_evt                     0x0001ae6c   Section        0  main.o(i.on_conn_params_evt)
    on_conn_params_evt                       0x0001ae6d   Thumb Code    30  main.o(i.on_conn_params_evt)
    i.on_uart_event                          0x0001ae90   Section        0  app_uart.o(i.on_uart_event)
    on_uart_event                            0x0001ae91   Thumb Code   114  app_uart.o(i.on_uart_event)
    i.peer_address_exists                    0x0001af10   Section        0  ble_advertising.o(i.peer_address_exists)
    peer_address_exists                      0x0001af11   Thumb Code    22  ble_advertising.o(i.peer_address_exists)
    i.peer_instance_init                     0x0001af28   Section        0  device_manager_peripheral.o(i.peer_instance_init)
    peer_instance_init                       0x0001af29   Thumb Code    60  device_manager_peripheral.o(i.peer_instance_init)
    i.pin_in_use_by_port                     0x0001af68   Section        0  nrf_drv_gpiote.o(i.pin_in_use_by_port)
    pin_in_use_by_port                       0x0001af69   Thumb Code    20  nrf_drv_gpiote.o(i.pin_in_use_by_port)
    i.pin_in_use_by_te                       0x0001af80   Section        0  nrf_drv_gpiote.o(i.pin_in_use_by_te)
    pin_in_use_by_te                         0x0001af81   Thumb Code    20  nrf_drv_gpiote.o(i.pin_in_use_by_te)
    i.pstorage_access_status_get             0x0001af98   Section        0  pstorage.o(i.pstorage_access_status_get)
    i.pstorage_block_identifier_get          0x0001afc0   Section        0  pstorage.o(i.pstorage_block_identifier_get)
    i.pstorage_clear                         0x0001b018   Section        0  pstorage.o(i.pstorage_clear)
    i.pstorage_flash_page_end                0x0001b0c0   Section        0  pstorage.o(i.pstorage_flash_page_end)
    pstorage_flash_page_end                  0x0001b0c1   Thumb Code    32  pstorage.o(i.pstorage_flash_page_end)
    i.pstorage_flash_page_size               0x0001b0e4   Section        0  pstorage.o(i.pstorage_flash_page_size)
    pstorage_flash_page_size                 0x0001b0e5   Thumb Code    10  pstorage.o(i.pstorage_flash_page_size)
    i.pstorage_init                          0x0001b0f0   Section        0  pstorage.o(i.pstorage_init)
    i.pstorage_load                          0x0001b14c   Section        0  pstorage.o(i.pstorage_load)
    i.pstorage_register                      0x0001b1f8   Section        0  pstorage.o(i.pstorage_register)
    i.pstorage_store                         0x0001b2ac   Section        0  pstorage.o(i.pstorage_store)
    i.pstorage_sys_event_handler             0x0001b340   Section        0  pstorage.o(i.pstorage_sys_event_handler)
    i.pstorage_update                        0x0001b38c   Section        0  pstorage.o(i.pstorage_update)
    i.rtc1_stop                              0x0001b420   Section        0  app_timer.o(i.rtc1_stop)
    rtc1_stop                                0x0001b421   Thumb Code    50  app_timer.o(i.rtc1_stop)
    i.service_data_encode                    0x0001b464   Section        0  ble_advdata.o(i.service_data_encode)
    service_data_encode                      0x0001b465   Thumb Code   124  ble_advdata.o(i.service_data_encode)
    i.sleep_mode_enter                       0x0001b4e0   Section        0  main.o(i.sleep_mode_enter)
    sleep_mode_enter                         0x0001b4e1   Thumb Code    52  main.o(i.sleep_mode_enter)
    i.sm_state_change                        0x0001b514   Section        0  pstorage.o(i.sm_state_change)
    sm_state_change                          0x0001b515   Thumb Code    62  pstorage.o(i.sm_state_change)
    i.softdevice_assertion_handler           0x0001b55c   Section        0  softdevice_handler.o(i.softdevice_assertion_handler)
    i.softdevice_ble_evt_handler_set         0x0001b568   Section        0  softdevice_handler.o(i.softdevice_ble_evt_handler_set)
    i.softdevice_handler_init                0x0001b57c   Section        0  softdevice_handler.o(i.softdevice_handler_init)
    i.softdevice_sys_evt_handler_set         0x0001b5ac   Section        0  softdevice_handler.o(i.softdevice_sys_evt_handler_set)
    i.state_data_erase_swap_entry_run        0x0001b5c0   Section        0  pstorage.o(i.state_data_erase_swap_entry_run)
    state_data_erase_swap_entry_run          0x0001b5c1   Thumb Code    92  pstorage.o(i.state_data_erase_swap_entry_run)
    i.state_erase_data_page_entry_run        0x0001b624   Section        0  pstorage.o(i.state_erase_data_page_entry_run)
    state_erase_data_page_entry_run          0x0001b625   Thumb Code    12  pstorage.o(i.state_erase_data_page_entry_run)
    i.state_restore_head_entry_run           0x0001b634   Section        0  pstorage.o(i.state_restore_head_entry_run)
    state_restore_head_entry_run             0x0001b635   Thumb Code    36  pstorage.o(i.state_restore_head_entry_run)
    i.state_restore_tail_entry_run           0x0001b65c   Section        0  pstorage.o(i.state_restore_tail_entry_run)
    state_restore_tail_entry_run             0x0001b65d   Thumb Code    66  pstorage.o(i.state_restore_tail_entry_run)
    i.state_swap_erase_entry_run             0x0001b6a8   Section        0  pstorage.o(i.state_swap_erase_entry_run)
    state_swap_erase_entry_run               0x0001b6a9   Thumb Code    32  pstorage.o(i.state_swap_erase_entry_run)
    i.state_write_data_swap_entry_run        0x0001b6c8   Section        0  pstorage.o(i.state_write_data_swap_entry_run)
    state_write_data_swap_entry_run          0x0001b6c9   Thumb Code    42  pstorage.o(i.state_write_data_swap_entry_run)
    i.storage_operation_dummy_handler        0x0001b6f8   Section        0  device_manager_peripheral.o(i.storage_operation_dummy_handler)
    storage_operation_dummy_handler          0x0001b6f9   Thumb Code     4  device_manager_peripheral.o(i.storage_operation_dummy_handler)
    i.store_cmd_flash_write_execute          0x0001b6fc   Section        0  pstorage.o(i.store_cmd_flash_write_execute)
    store_cmd_flash_write_execute            0x0001b6fd   Thumb Code    82  pstorage.o(i.store_cmd_flash_write_execute)
    i.swap_erase_state_run                   0x0001b758   Section        0  pstorage.o(i.swap_erase_state_run)
    swap_erase_state_run                     0x0001b759   Thumb Code    24  pstorage.o(i.swap_erase_state_run)
    i.swap_sub_state_err_busy_process        0x0001b774   Section        0  pstorage.o(i.swap_sub_state_err_busy_process)
    swap_sub_state_err_busy_process          0x0001b775   Thumb Code    20  pstorage.o(i.swap_sub_state_err_busy_process)
    i.swap_sub_state_state_change            0x0001b78c   Section        0  pstorage.o(i.swap_sub_state_state_change)
    swap_sub_state_state_change              0x0001b78d   Thumb Code    12  pstorage.o(i.swap_sub_state_state_change)
    i.sys_evt_dispatch                       0x0001b7a0   Section        0  main.o(i.sys_evt_dispatch)
    sys_evt_dispatch                         0x0001b7a1   Thumb Code    16  main.o(i.sys_evt_dispatch)
    i.tail_restore_state_run                 0x0001b7b0   Section        0  pstorage.o(i.tail_restore_state_run)
    tail_restore_state_run                   0x0001b7b1   Thumb Code    22  pstorage.o(i.tail_restore_state_run)
    i.timer_list_handler_sched               0x0001b7cc   Section        0  app_timer.o(i.timer_list_handler_sched)
    timer_list_handler_sched                 0x0001b7cd   Thumb Code    10  app_timer.o(i.timer_list_handler_sched)
    i.timer_list_insert                      0x0001b7dc   Section        0  app_timer.o(i.timer_list_insert)
    timer_list_insert                        0x0001b7dd   Thumb Code    94  app_timer.o(i.timer_list_insert)
    i.timer_list_remove                      0x0001b840   Section        0  app_timer.o(i.timer_list_remove)
    timer_list_remove                        0x0001b841   Thumb Code   104  app_timer.o(i.timer_list_remove)
    i.timer_timeouts_check                   0x0001b8b0   Section        0  app_timer.o(i.timer_timeouts_check)
    timer_timeouts_check                     0x0001b8b1   Thumb Code   120  app_timer.o(i.timer_timeouts_check)
    i.uint16_encode                          0x0001b930   Section        0  ble_advdata.o(i.uint16_encode)
    uint16_encode                            0x0001b931   Thumb Code    10  ble_advdata.o(i.uint16_encode)
    i.update_status_bit_reset                0x0001b93c   Section        0  device_manager_peripheral.o(i.update_status_bit_reset)
    update_status_bit_reset                  0x0001b93d   Thumb Code    14  device_manager_peripheral.o(i.update_status_bit_reset)
    i.update_timeout_handler                 0x0001b950   Section        0  ble_conn_params.o(i.update_timeout_handler)
    update_timeout_handler                   0x0001b951   Thumb Code    86  ble_conn_params.o(i.update_timeout_handler)
    i.user_id_get                            0x0001b9b4   Section        0  app_timer.o(i.user_id_get)
    user_id_get                              0x0001b9b5   Thumb Code    74  app_timer.o(i.user_id_get)
    i.user_op_alloc                          0x0001ba08   Section        0  app_timer.o(i.user_op_alloc)
    user_op_alloc                            0x0001ba09   Thumb Code    36  app_timer.o(i.user_op_alloc)
    i.uuid_list_encode                       0x0001ba2c   Section        0  ble_advdata.o(i.uuid_list_encode)
    uuid_list_encode                         0x0001ba2d   Thumb Code    38  ble_advdata.o(i.uuid_list_encode)
    i.uuid_list_sized_encode                 0x0001ba52   Section        0  ble_advdata.o(i.uuid_list_sized_encode)
    uuid_list_sized_encode                   0x0001ba53   Thumb Code   162  ble_advdata.o(i.uuid_list_sized_encode)
    i.whitelist_has_entries                  0x0001baf4   Section        0  ble_advertising.o(i.whitelist_has_entries)
    whitelist_has_entries                    0x0001baf5   Thumb Code    16  ble_advertising.o(i.whitelist_has_entries)
    .constdata                               0x0001bb04   Section       48  bsp.o(.constdata)
    m_buttons_list                           0x0001bb04   Data          16  bsp.o(.constdata)
    app_buttons                              0x0001bb14   Data          32  bsp.o(.constdata)
    .constdata                               0x0001bb34   Section       52  device_manager_peripheral.o(.constdata)
    .constdata                               0x0001bb68   Section       40  pstorage.o(.constdata)
    swap_sub_state_sm_lut                    0x0001bb68   Data          20  pstorage.o(.constdata)
    swap_sub_state_sm_lut                    0x0001bb7c   Data          20  pstorage.o(.constdata)
    .constdata                               0x0001bb90   Section        4  app_button.o(.constdata)
    .data                                    0x20002000   Section        8  main.o(.data)
    m_app_handle                             0x20002000   Data           1  main.o(.data)
    m_conn_handle                            0x20002002   Data           2  main.o(.data)
    m_adv_uuids                              0x20002004   Data           4  main.o(.data)
    .data                                    0x20002008   Section       32  bsp.o(.data)
    m_stable_state                           0x20002008   Data           1  bsp.o(.data)
    current_long_push_pin_no                 0x20002009   Data           1  bsp.o(.data)
    m_app_ticks_per_100ms                    0x2000200c   Data           4  bsp.o(.data)
    m_indication_type                        0x20002010   Data           4  bsp.o(.data)
    m_registered_callback                    0x20002014   Data           4  bsp.o(.data)
    release_event_at_push                    0x20002018   Data           4  bsp.o(.data)
    m_leds_timer_id                          0x2000201c   Data           4  bsp.o(.data)
    m_alert_timer_id                         0x20002020   Data           4  bsp.o(.data)
    m_button_timer_id                        0x20002024   Data           4  bsp.o(.data)
    .data                                    0x20002028   Section        8  bsp_btn_ble.o(.data)
    m_error_handler                          0x20002028   Data           4  bsp_btn_ble.o(.data)
    m_num_connections                        0x2000202c   Data           4  bsp_btn_ble.o(.data)
    .data                                    0x20002030   Section        4  system_nrf51.o(.data)
    __tagsym$$used                           0x20002030   Number         0  system_nrf51.o(.data)
    .data                                    0x20002034   Section       31  ble_advertising.o(.data)
    m_advertising_start_pending              0x20002034   Data           1  ble_advertising.o(.data)
    m_whitelist_temporarily_disabled         0x20002035   Data           1  ble_advertising.o(.data)
    m_whitelist_reply_expected               0x20002036   Data           1  ble_advertising.o(.data)
    m_peer_addr_reply_expected               0x20002037   Data           1  ble_advertising.o(.data)
    m_adv_evt                                0x20002038   Data           1  ble_advertising.o(.data)
    m_adv_mode_current                       0x20002039   Data           1  ble_advertising.o(.data)
    m_tx_power_level                         0x2000203a   Data           1  ble_advertising.o(.data)
    current_slave_link_conn_handle           0x2000203c   Data           2  ble_advertising.o(.data)
    m_evt_handler                            0x20002040   Data           4  ble_advertising.o(.data)
    m_error_handler                          0x20002044   Data           4  ble_advertising.o(.data)
    m_slave_conn_int                         0x20002048   Data           4  ble_advertising.o(.data)
    m_peer_address                           0x2000204c   Data           7  ble_advertising.o(.data)
    .data                                    0x20002054   Section       24  ble_conn_params.o(.data)
    m_change_param                           0x20002054   Data           1  ble_conn_params.o(.data)
    m_update_count                           0x20002055   Data           1  ble_conn_params.o(.data)
    m_conn_handle                            0x20002056   Data           2  ble_conn_params.o(.data)
    m_conn_params_timer_id                   0x20002058   Data           4  ble_conn_params.o(.data)
    m_preferred_conn_params                  0x2000205c   Data           8  ble_conn_params.o(.data)
    m_current_conn_params                    0x20002064   Data           8  ble_conn_params.o(.data)
    .data                                    0x2000206c   Section       24  device_manager_peripheral.o(.data)
    m_module_initialized                     0x2000206c   Data           1  device_manager_peripheral.o(.data)
    m_peer_addr_update                       0x20002070   Data           4  device_manager_peripheral.o(.data)
    m_irk_index_table                        0x20002074   Data           7  device_manager_peripheral.o(.data)
    m_storage_handle                         0x2000207c   Data           8  device_manager_peripheral.o(.data)
    .data                                    0x20002084   Section       12  app_uart.o(.data)
    m_instance_counter                       0x20002084   Data           1  app_uart.o(.data)
    m_current_state                          0x20002085   Data           1  app_uart.o(.data)
    m_tx_byte                                0x20002086   Data           1  app_uart.o(.data)
    m_rx_byte                                0x20002088   Data           2  app_uart.o(.data)
    m_event_handler                          0x2000208c   Data           4  app_uart.o(.data)
    .data                                    0x20002090   Section       36  pstorage.o(.data)
    m_state                                  0x20002090   Data           1  pstorage.o(.data)
    m_swap_sub_state                         0x20002091   Data           1  pstorage.o(.data)
    m_next_app_instance                      0x20002092   Data           2  pstorage.o(.data)
    m_flags                                  0x20002094   Data           4  pstorage.o(.data)
    m_next_page_addr                         0x20002098   Data           4  pstorage.o(.data)
    m_head_word_size                         0x2000209c   Data           4  pstorage.o(.data)
    m_tail_word_size                         0x200020a0   Data           4  pstorage.o(.data)
    m_current_page_id                        0x200020a4   Data           4  pstorage.o(.data)
    m_num_of_command_retries                 0x200020a8   Data           4  pstorage.o(.data)
    m_num_of_bytes_written                   0x200020ac   Data           4  pstorage.o(.data)
    m_app_data_size                          0x200020b0   Data           4  pstorage.o(.data)
    .data                                    0x200020b4   Section       24  app_button.o(.data)
    m_button_count                           0x200020b4   Data           1  app_button.o(.data)
    mp_buttons                               0x200020b8   Data           4  app_button.o(.data)
    m_detection_delay                        0x200020bc   Data           4  app_button.o(.data)
    m_detection_delay_timer_id               0x200020c0   Data           4  app_button.o(.data)
    m_pin_state                              0x200020c4   Data           4  app_button.o(.data)
    m_pin_transition                         0x200020c8   Data           4  app_button.o(.data)
    .data                                    0x200020cc   Section       36  app_timer.o(.data)
    m_node_array_size                        0x200020cc   Data           1  app_timer.o(.data)
    m_user_array_size                        0x200020cd   Data           1  app_timer.o(.data)
    m_ticks_elapsed_q_read_ind               0x200020ce   Data           1  app_timer.o(.data)
    m_ticks_elapsed_q_write_ind              0x200020cf   Data           1  app_timer.o(.data)
    m_rtc1_running                           0x200020d0   Data           1  app_timer.o(.data)
    m_rtc1_reset                             0x200020d1   Data           1  app_timer.o(.data)
    mp_nodes                                 0x200020d4   Data           4  app_timer.o(.data)
    mp_users                                 0x200020d8   Data           4  app_timer.o(.data)
    m_timer_id_head                          0x200020dc   Data           4  app_timer.o(.data)
    m_ticks_latest                           0x200020e0   Data           4  app_timer.o(.data)
    m_evt_schedule_func                      0x200020e4   Data           4  app_timer.o(.data)
    m_ticks_elapsed                          0x200020e8   Data           8  app_timer.o(.data)
    .data                                    0x200020f0   Section       20  softdevice_handler.o(.data)
    m_softdevice_enabled                     0x200020f0   Data           1  softdevice_handler.o(.data)
    m_ble_evt_buffer_size                    0x200020f2   Data           2  softdevice_handler.o(.data)
    m_evt_schedule_func                      0x200020f4   Data           4  softdevice_handler.o(.data)
    mp_ble_evt_buffer                        0x200020f8   Data           4  softdevice_handler.o(.data)
    m_ble_evt_handler                        0x200020fc   Data           4  softdevice_handler.o(.data)
    m_sys_evt_handler                        0x20002100   Data           4  softdevice_handler.o(.data)
    .bss                                     0x20002104   Section      888  main.o(.bss)
    APP_TIMER_BUF                            0x20002104   Data         816  main.o(.bss)
    BLE_EVT_BUFFER                           0x20002434   Data          72  main.o(.bss)
    .bss                                     0x2000247c   Section       12  bsp.o(.bss)
    m_events_list                            0x2000247c   Data          12  bsp.o(.bss)
    .bss                                     0x20002488   Section      251  ble_advertising.o(.bss)
    m_advdata                                0x20002488   Data          48  ble_advertising.o(.bss)
    m_adv_modes_config                       0x200024b8   Data          36  ble_advertising.o(.bss)
    m_whitelist                              0x200024dc   Data          16  ble_advertising.o(.bss)
    mp_whitelist_addr                        0x200024ec   Data          32  ble_advertising.o(.bss)
    mp_whitelist_irk                         0x2000250c   Data          32  ble_advertising.o(.bss)
    m_manuf_specific_data                    0x2000252c   Data          12  ble_advertising.o(.bss)
    m_manuf_data_array                       0x20002538   Data          31  ble_advertising.o(.bss)
    m_service_data                           0x20002558   Data          12  ble_advertising.o(.bss)
    m_service_data_array                     0x20002564   Data          31  ble_advertising.o(.bss)
    .bss                                     0x20002584   Section       28  ble_conn_params.o(.bss)
    m_conn_params_config                     0x20002584   Data          28  ble_conn_params.o(.bss)
    .bss                                     0x200025a0   Section      335  device_manager_peripheral.o(.bss)
    m_app_context_table                      0x200025a0   Data          28  device_manager_peripheral.o(.bss)
    m_peer_table                             0x200025bc   Data         196  device_manager_peripheral.o(.bss)
    m_bond_table                             0x20002680   Data          28  device_manager_peripheral.o(.bss)
    m_gatts_table                            0x2000269c   Data          36  device_manager_peripheral.o(.bss)
    m_connection_table                       0x200026c0   Data          12  device_manager_peripheral.o(.bss)
    m_application_table                      0x200026cc   Data          12  device_manager_peripheral.o(.bss)
    m_local_id_info                          0x200026d8   Data          23  device_manager_peripheral.o(.bss)
    .bss                                     0x200026f0   Section       76  nrf_drv_gpiote.o(.bss)
    m_cb                                     0x200026f0   Data          76  nrf_drv_gpiote.o(.bss)
    .bss                                     0x2000273c   Section      228  pstorage.o(.bss)
    m_cmd_queue                              0x2000273c   Data         204  pstorage.o(.bss)
    m_app_table                              0x20002808   Data          24  pstorage.o(.bss)
    STACK                                    0x20002820   Section     2048  arm_startup_nrf51.o(STACK)

    Global Symbols

    Symbol Name                              Value     Ov Type        Size  Object(Section)

    BuildAttributes$$THM_ISAv3M$S$PE$A:L22$X:L11$S22$IEEE1$IW$USESV6$~STKCKD$USESV7$~SHL$OSPACE$EBA8$MICROLIB$REQ8$PRES8$EABIv2 0x00000000   Number         0  anon$$obj.o ABSOLUTE
    __ARM_use_no_argv                        0x00000000   Number         0  main.o ABSOLUTE
    __cpp_initialize__aeabi_                  - Undefined Weak Reference
    __cxa_finalize                            - Undefined Weak Reference
    __decompress                              - Undefined Weak Reference
    _clock_init                               - Undefined Weak Reference
    _microlib_exit                            - Undefined Weak Reference
    __Vectors_Size                           0x000000c0   Number         0  arm_startup_nrf51.o ABSOLUTE
    __Vectors                                0x00018000   Data           4  arm_startup_nrf51.o(RESET)
    __Vectors_End                            0x000180c0   Data           0  arm_startup_nrf51.o(RESET)
    __main                                   0x000180c1   Thumb Code     0  entry.o(.ARM.Collect$$$$00000000)
    _main_stk                                0x000180c1   Thumb Code     0  entry2.o(.ARM.Collect$$$$00000001)
    _main_scatterload                        0x000180c5   Thumb Code     0  entry5.o(.ARM.Collect$$$$00000004)
    __main_after_scatterload                 0x000180c9   Thumb Code     0  entry5.o(.ARM.Collect$$$$00000004)
    _main_clock                              0x000180c9   Thumb Code     0  entry7b.o(.ARM.Collect$$$$00000008)
    _main_cpp_init                           0x000180c9   Thumb Code     0  entry8b.o(.ARM.Collect$$$$0000000A)
    _main_init                               0x000180c9   Thumb Code     0  entry9a.o(.ARM.Collect$$$$0000000B)
    __rt_final_cpp                           0x000180d1   Thumb Code     0  entry10a.o(.ARM.Collect$$$$0000000D)
    __rt_final_exit                          0x000180d1   Thumb Code     0  entry11a.o(.ARM.Collect$$$$0000000F)
    __asm___11_app_timer_c_cd27f9c3__nrf_delay_us 0x000180d5   Thumb Code    30  app_timer.o(.emb_text)
    Reset_Handler                            0x000180f5   Thumb Code    26  arm_startup_nrf51.o(.text)
    NMI_Handler                              0x0001810f   Thumb Code     2  arm_startup_nrf51.o(.text)
    HardFault_Handler                        0x00018111   Thumb Code     2  arm_startup_nrf51.o(.text)
    SVC_Handler                              0x00018113   Thumb Code     2  arm_startup_nrf51.o(.text)
    PendSV_Handler                           0x00018115   Thumb Code     2  arm_startup_nrf51.o(.text)
    SysTick_Handler                          0x00018117   Thumb Code     2  arm_startup_nrf51.o(.text)
    ADC_IRQHandler                           0x00018119   Thumb Code     0  arm_startup_nrf51.o(.text)
    CCM_AAR_IRQHandler                       0x00018119   Thumb Code     0  arm_startup_nrf51.o(.text)
    ECB_IRQHandler                           0x00018119   Thumb Code     0  arm_startup_nrf51.o(.text)
    LPCOMP_IRQHandler                        0x00018119   Thumb Code     0  arm_startup_nrf51.o(.text)
    POWER_CLOCK_IRQHandler                   0x00018119   Thumb Code     0  arm_startup_nrf51.o(.text)
    QDEC_IRQHandler                          0x00018119   Thumb Code     0  arm_startup_nrf51.o(.text)
    RADIO_IRQHandler                         0x00018119   Thumb Code     0  arm_startup_nrf51.o(.text)
    RNG_IRQHandler                           0x00018119   Thumb Code     0  arm_startup_nrf51.o(.text)
    RTC0_IRQHandler                          0x00018119   Thumb Code     0  arm_startup_nrf51.o(.text)
    SPI0_TWI0_IRQHandler                     0x00018119   Thumb Code     0  arm_startup_nrf51.o(.text)
    SPI1_TWI1_IRQHandler                     0x00018119   Thumb Code     0  arm_startup_nrf51.o(.text)
    SWI1_IRQHandler                          0x00018119   Thumb Code     0  arm_startup_nrf51.o(.text)
    SWI3_IRQHandler                          0x00018119   Thumb Code     0  arm_startup_nrf51.o(.text)
    SWI4_IRQHandler                          0x00018119   Thumb Code     0  arm_startup_nrf51.o(.text)
    SWI5_IRQHandler                          0x00018119   Thumb Code     0  arm_startup_nrf51.o(.text)
    TEMP_IRQHandler                          0x00018119   Thumb Code     0  arm_startup_nrf51.o(.text)
    TIMER0_IRQHandler                        0x00018119   Thumb Code     0  arm_startup_nrf51.o(.text)
    TIMER1_IRQHandler                        0x00018119   Thumb Code     0  arm_startup_nrf51.o(.text)
    TIMER2_IRQHandler                        0x00018119   Thumb Code     0  arm_startup_nrf51.o(.text)
    WDT_IRQHandler                           0x00018119   Thumb Code     0  arm_startup_nrf51.o(.text)
    __aeabi_uidiv                            0x0001812d   Thumb Code     0  uidiv.o(.text)
    __aeabi_uidivmod                         0x0001812d   Thumb Code    44  uidiv.o(.text)
    __aeabi_idiv                             0x00018159   Thumb Code     0  idiv.o(.text)
    __aeabi_idivmod                          0x00018159   Thumb Code    40  idiv.o(.text)
    __aeabi_memcpy                           0x00018181   Thumb Code    36  memcpya.o(.text)
    __aeabi_memcpy4                          0x00018181   Thumb Code     0  memcpya.o(.text)
    __aeabi_memcpy8                          0x00018181   Thumb Code     0  memcpya.o(.text)
    __aeabi_memset                           0x000181a5   Thumb Code    14  memseta.o(.text)
    __aeabi_memset4                          0x000181a5   Thumb Code     0  memseta.o(.text)
    __aeabi_memset8                          0x000181a5   Thumb Code     0  memseta.o(.text)
    __aeabi_memclr                           0x000181b3   Thumb Code     4  memseta.o(.text)
    __aeabi_memclr4                          0x000181b3   Thumb Code     0  memseta.o(.text)
    __aeabi_memclr8                          0x000181b3   Thumb Code     0  memseta.o(.text)
    _memset$wrapper                          0x000181b7   Thumb Code    18  memseta.o(.text)
    memcmp                                   0x000181c9   Thumb Code    26  memcmp.o(.text)
    __scatterload                            0x000181e5   Thumb Code    28  init.o(.text)
    __scatterload_rt2                        0x000181e5   Thumb Code     0  init.o(.text)
    GPIOTE_IRQHandler                        0x00018209   Thumb Code   234  nrf_drv_gpiote.o(i.GPIOTE_IRQHandler)
    RTC1_IRQHandler                          0x00018355   Thumb Code    28  app_timer.o(i.RTC1_IRQHandler)
    SWI0_IRQHandler                          0x00018375   Thumb Code    78  app_timer.o(i.SWI0_IRQHandler)
    SWI2_IRQHandler                          0x000183c9   Thumb Code    32  softdevice_handler.o(i.SWI2_IRQHandler)
    SystemInit                               0x000183ed   Thumb Code    64  system_nrf51.o(i.SystemInit)
    UART0_IRQHandler                         0x00018441   Thumb Code   104  app_uart.o(i.UART0_IRQHandler)
    __ARM_common_switch8                     0x000184b9   Thumb Code    26  bsp.o(i.__ARM_common_switch8)
    __scatterload_copy                       0x000184d3   Thumb Code    14  handlers.o(i.__scatterload_copy)
    __scatterload_null                       0x000184e1   Thumb Code     2  handlers.o(i.__scatterload_null)
    __scatterload_zeroinit                   0x000184e3   Thumb Code    14  handlers.o(i.__scatterload_zeroinit)
    action_tx_stop                           0x000184f1   Thumb Code    26  app_uart.o(i.action_tx_stop)
    app_button_enable                        0x000186d5   Thumb Code    32  app_button.o(i.app_button_enable)
    app_button_init                          0x000186f9   Thumb Code   102  app_button.o(i.app_button_init)
    app_error_handler                        0x00018771   Thumb Code    16  app_error.o(i.app_error_handler)
    app_timer_create                         0x000187e1   Thumb Code    72  app_timer.o(i.app_timer_create)
    app_timer_init                           0x0001882d   Thumb Code   164  app_timer.o(i.app_timer_init)
    app_timer_start                          0x000188e1   Thumb Code   122  app_timer.o(i.app_timer_start)
    app_timer_stop                           0x00018965   Thumb Code    82  app_timer.o(i.app_timer_stop)
    ble_advdata_set                          0x000189bd   Thumb Code    90  ble_advdata.o(i.ble_advdata_set)
    ble_advertising_init                     0x00018a19   Thumb Code   284  ble_advertising.o(i.ble_advertising_init)
    ble_advertising_on_ble_evt               0x00018b3d   Thumb Code   112  ble_advertising.o(i.ble_advertising_on_ble_evt)
    ble_advertising_on_sys_evt               0x00018bb1   Thumb Code    42  ble_advertising.o(i.ble_advertising_on_sys_evt)
    ble_advertising_restart_without_whitelist 0x00018bf1   Thumb Code    56  ble_advertising.o(i.ble_advertising_restart_without_whitelist)
    ble_advertising_start                    0x00018c31   Thumb Code   470  ble_advertising.o(i.ble_advertising_start)
    ble_conn_params_init                     0x00018e11   Thumb Code    72  ble_conn_params.o(i.ble_conn_params_init)
    ble_conn_params_on_ble_evt               0x00018e65   Thumb Code   134  ble_conn_params.o(i.ble_conn_params_on_ble_evt)
    bond_data_load                           0x00018fa9   Thumb Code    58  device_manager_peripheral.o(i.bond_data_load)
    bsp_btn_ble_init                         0x00018ff1   Thumb Code    80  bsp_btn_ble.o(i.bsp_btn_ble_init)
    bsp_btn_ble_on_ble_evt                   0x00019045   Thumb Code   114  bsp_btn_ble.o(i.bsp_btn_ble_on_ble_evt)
    bsp_btn_ble_sleep_mode_prepare           0x000190bd   Thumb Code    20  bsp_btn_ble.o(i.bsp_btn_ble_sleep_mode_prepare)
    bsp_button_is_pressed                    0x0001916d   Thumb Code    34  bsp.o(i.bsp_button_is_pressed)
    bsp_event_handler                        0x00019199   Thumb Code    54  main.o(i.bsp_event_handler)
    bsp_event_to_button_action_assign        0x000191d5   Thumb Code    66  bsp.o(i.bsp_event_to_button_action_assign)
    bsp_indication_set                       0x0001921d   Thumb Code    22  bsp.o(i.bsp_indication_set)
    bsp_init                                 0x00019239   Thumb Code   134  bsp.o(i.bsp_init)
    bsp_wakeup_buttons_set                   0x000194c9   Thumb Code    50  bsp.o(i.bsp_wakeup_buttons_set)
    dm_ble_evt_handler                       0x00019c59   Thumb Code   962  device_manager_peripheral.o(i.dm_ble_evt_handler)
    dm_handle_initialize                     0x0001a031   Thumb Code    22  device_manager_peripheral.o(i.dm_handle_initialize)
    dm_init                                  0x0001a04d   Thumb Code   174  device_manager_peripheral.o(i.dm_init)
    dm_register                              0x0001a29d   Thumb Code   104  device_manager_peripheral.o(i.dm_register)
    intern_softdevice_events_execute         0x0001a6d1   Thumb Code   124  softdevice_handler.o(i.intern_softdevice_events_execute)
    main                                     0x0001a9a1   Thumb Code   328  main.o(i.main)
    nrf_drv_common_irq_enable                0x0001ac09   Thumb Code    78  nrf_drv_common.o(i.nrf_drv_common_irq_enable)
    nrf_drv_gpiote_in_event_enable           0x0001ac69   Thumb Code   138  nrf_drv_gpiote.o(i.nrf_drv_gpiote_in_event_enable)
    nrf_drv_gpiote_in_init                   0x0001ad09   Thumb Code   130  nrf_drv_gpiote.o(i.nrf_drv_gpiote_in_init)
    nrf_drv_gpiote_in_is_set                 0x0001ad9d   Thumb Code    16  nrf_drv_gpiote.o(i.nrf_drv_gpiote_in_is_set)
    nrf_drv_gpiote_init                      0x0001adb1   Thumb Code    76  nrf_drv_gpiote.o(i.nrf_drv_gpiote_init)
    nrf_drv_gpiote_is_init                   0x0001ae05   Thumb Code    12  nrf_drv_gpiote.o(i.nrf_drv_gpiote_is_init)
    pstorage_access_status_get               0x0001af99   Thumb Code    30  pstorage.o(i.pstorage_access_status_get)
    pstorage_block_identifier_get            0x0001afc1   Thumb Code    78  pstorage.o(i.pstorage_block_identifier_get)
    pstorage_clear                           0x0001b019   Thumb Code   160  pstorage.o(i.pstorage_clear)
    pstorage_init                            0x0001b0f1   Thumb Code    82  pstorage.o(i.pstorage_init)
    pstorage_load                            0x0001b14d   Thumb Code   162  pstorage.o(i.pstorage_load)
    pstorage_register                        0x0001b1f9   Thumb Code   170  pstorage.o(i.pstorage_register)
    pstorage_store                           0x0001b2ad   Thumb Code   138  pstorage.o(i.pstorage_store)
    pstorage_sys_event_handler               0x0001b341   Thumb Code    72  pstorage.o(i.pstorage_sys_event_handler)
    pstorage_update                          0x0001b38d   Thumb Code   138  pstorage.o(i.pstorage_update)
    softdevice_assertion_handler             0x0001b55d   Thumb Code    12  softdevice_handler.o(i.softdevice_assertion_handler)
    softdevice_ble_evt_handler_set           0x0001b569   Thumb Code    16  softdevice_handler.o(i.softdevice_ble_evt_handler_set)
    softdevice_handler_init                  0x0001b57d   Thumb Code    40  softdevice_handler.o(i.softdevice_handler_init)
    softdevice_sys_evt_handler_set           0x0001b5ad   Thumb Code    16  softdevice_handler.o(i.softdevice_sys_evt_handler_set)
    m_context_init_len                       0x0001bb34   Data           4  device_manager_peripheral.o(.constdata)
    m_service_context_store                  0x0001bb38   Data          16  device_manager_peripheral.o(.constdata)
    m_service_context_load                   0x0001bb48   Data          16  device_manager_peripheral.o(.constdata)
    m_service_context_apply                  0x0001bb58   Data          16  device_manager_peripheral.o(.constdata)
    Region$$Table$$Base                      0x0001bb94   Number         0  anon$$obj.o(Region$$Table)
    Region$$Table$$Limit                     0x0001bbb4   Number         0  anon$$obj.o(Region$$Table)
    SystemCoreClock                          0x20002030   Data           4  system_nrf51.o(.data)
    __initial_sp                             0x20003020   Data           0  arm_startup_nrf51.o(STACK)



==============================================================================

Memory Map of the image

  Image Entry point : 0x000180c1

  Load Region LR_IROM1 (Base: 0x00018000, Size: 0x00003cb8, Max: 0x00028000, ABSOLUTE)

    Execution Region ER_IROM1 (Base: 0x00018000, Size: 0x00003bb4, Max: 0x00028000, ABSOLUTE)

    Base Addr    Size         Type   Attr      Idx    E Section Name        Object

    0x00018000   0x000000c0   Data   RO          398    RESET               arm_startup_nrf51.o
    0x000180c0   0x00000000   Code   RO         1858  * .ARM.Collect$$$$00000000  mc_p.l(entry.o)
    0x000180c0   0x00000004   Code   RO         1875    .ARM.Collect$$$$00000001  mc_p.l(entry2.o)
    0x000180c4   0x00000004   Code   RO         1878    .ARM.Collect$$$$00000004  mc_p.l(entry5.o)
    0x000180c8   0x00000000   Code   RO         1880    .ARM.Collect$$$$00000008  mc_p.l(entry7b.o)
    0x000180c8   0x00000000   Code   RO         1882    .ARM.Collect$$$$0000000A  mc_p.l(entry8b.o)
    0x000180c8   0x00000008   Code   RO         1883    .ARM.Collect$$$$0000000B  mc_p.l(entry9a.o)
    0x000180d0   0x00000000   Code   RO         1885    .ARM.Collect$$$$0000000D  mc_p.l(entry10a.o)
    0x000180d0   0x00000000   Code   RO         1887    .ARM.Collect$$$$0000000F  mc_p.l(entry11a.o)
    0x000180d0   0x00000004   Code   RO         1876    .ARM.Collect$$$$00002712  mc_p.l(entry2.o)
    0x000180d4   0x0000001e   Code   RO         1598    .emb_text           app_timer.o
    0x000180f2   0x00000002   PAD
    0x000180f4   0x00000038   Code   RO          399    .text               arm_startup_nrf51.o
    0x0001812c   0x0000002c   Code   RO         1861    .text               mc_p.l(uidiv.o)
    0x00018158   0x00000028   Code   RO         1863    .text               mc_p.l(idiv.o)
    0x00018180   0x00000024   Code   RO         1865    .text               mc_p.l(memcpya.o)
    0x000181a4   0x00000024   Code   RO         1867    .text               mc_p.l(memseta.o)
    0x000181c8   0x0000001a   Code   RO         1871    .text               mc_p.l(memcmp.o)
    0x000181e2   0x00000002   PAD
    0x000181e4   0x00000024   Code   RO         1889    .text               mc_p.l(init.o)
    0x00018208   0x00000108   Code   RO         1094    i.GPIOTE_IRQHandler  nrf_drv_gpiote.o
    0x00018310   0x00000044   Code   RO         1599    i.NVIC_SetPriority  app_timer.o
    0x00018354   0x00000020   Code   RO         1600    i.RTC1_IRQHandler   app_timer.o
    0x00018374   0x00000054   Code   RO         1601    i.SWI0_IRQHandler   app_timer.o
    0x000183c8   0x00000024   Code   RO         1802    i.SWI2_IRQHandler   softdevice_handler.o
    0x000183ec   0x00000054   Code   RO          406    i.SystemInit        system_nrf51.o
    0x00018440   0x00000078   Code   RO          936    i.UART0_IRQHandler  app_uart.o
    0x000184b8   0x0000001a   Code   RO          344    i.__ARM_common_switch8  bsp.o
    0x000184d2   0x0000000e   Code   RO         1893    i.__scatterload_copy  mc_p.l(handlers.o)
    0x000184e0   0x00000002   Code   RO         1894    i.__scatterload_null  mc_p.l(handlers.o)
    0x000184e2   0x0000000e   Code   RO         1895    i.__scatterload_zeroinit  mc_p.l(handlers.o)
    0x000184f0   0x00000024   Code   RO          937    i.action_tx_stop    app_uart.o
    0x00018514   0x00000020   Code   RO          938    i.action_uart_deactivate  app_uart.o
    0x00018534   0x0000014a   Code   RO          440    i.adv_data_encode   ble_advdata.o
    0x0001867e   0x0000003c   Code   RO          359    i.advertising_buttons_configure  bsp_btn_ble.o
    0x000186ba   0x00000002   PAD
    0x000186bc   0x00000018   Code   RO          253    i.alert_timer_handler  bsp.o
    0x000186d4   0x00000024   Code   RO         1519    i.app_button_enable  app_button.o
    0x000186f8   0x00000078   Code   RO         1520    i.app_button_init   app_button.o
    0x00018770   0x00000018   Code   RO         1575    i.app_error_handler  app_error.o
    0x00018788   0x0000000c   Code   RO          667    i.app_evt_notify    device_manager_peripheral.o
    0x00018794   0x0000002c   Code   RO         1274    i.app_notify        pstorage.o
    0x000187c0   0x00000020   Code   RO         1275    i.app_notify_error_state_transit  pstorage.o
    0x000187e0   0x0000004c   Code   RO         1604    i.app_timer_create  app_timer.o
    0x0001882c   0x000000b4   Code   RO         1605    i.app_timer_init    app_timer.o
    0x000188e0   0x00000084   Code   RO         1606    i.app_timer_start   app_timer.o
    0x00018964   0x00000058   Code   RO         1607    i.app_timer_stop    app_timer.o
    0x000189bc   0x0000005a   Code   RO          441    i.ble_advdata_set   ble_advdata.o
    0x00018a16   0x00000002   PAD
    0x00018a18   0x00000124   Code   RO          503    i.ble_advertising_init  ble_advertising.o
    0x00018b3c   0x00000074   Code   RO          504    i.ble_advertising_on_ble_evt  ble_advertising.o
    0x00018bb0   0x00000030   Code   RO          505    i.ble_advertising_on_sys_evt  ble_advertising.o
    0x00018be0   0x00000010   Code   RO          507    i.ble_advertising_peer_address_clear  ble_advertising.o
    0x00018bf0   0x00000040   Code   RO          508    i.ble_advertising_restart_without_whitelist  ble_advertising.o
    0x00018c30   0x000001e0   Code   RO          509    i.ble_advertising_start  ble_advertising.o
    0x00018e10   0x00000054   Code   RO          576    i.ble_conn_params_init  ble_conn_params.o
    0x00018e64   0x00000090   Code   RO          577    i.ble_conn_params_on_ble_evt  ble_conn_params.o
    0x00018ef4   0x0000004c   Code   RO            4    i.ble_evt_dispatch  main.o
    0x00018f40   0x00000068   Code   RO            5    i.ble_stack_init    main.o
    0x00018fa8   0x00000048   Code   RO          668    i.bond_data_load    device_manager_peripheral.o
    0x00018ff0   0x00000054   Code   RO          360    i.bsp_btn_ble_init  bsp_btn_ble.o
    0x00019044   0x00000078   Code   RO          361    i.bsp_btn_ble_on_ble_evt  bsp_btn_ble.o
    0x000190bc   0x00000014   Code   RO          362    i.bsp_btn_ble_sleep_mode_prepare  bsp_btn_ble.o
    0x000190d0   0x0000009c   Code   RO          254    i.bsp_button_event_handler  bsp.o
    0x0001916c   0x0000002c   Code   RO          255    i.bsp_button_is_pressed  bsp.o
    0x00019198   0x0000003c   Code   RO            6    i.bsp_event_handler  main.o
    0x000191d4   0x00000048   Code   RO          259    i.bsp_event_to_button_action_assign  bsp.o
    0x0001921c   0x0000001c   Code   RO          260    i.bsp_indication_set  bsp.o
    0x00019238   0x000000a0   Code   RO          262    i.bsp_init          bsp.o
    0x000192d8   0x000001f0   Code   RO          263    i.bsp_led_indication  bsp.o
    0x000194c8   0x0000003c   Code   RO          264    i.bsp_wakeup_buttons_set  bsp.o
    0x00019504   0x0000000c   Code   RO          265    i.button_timer_handler  bsp.o
    0x00019510   0x0000001c   Code   RO         1095    i.channel_free      nrf_drv_gpiote.o
    0x0001952c   0x00000048   Code   RO         1096    i.channel_port_alloc  nrf_drv_gpiote.o
    0x00019574   0x00000010   Code   RO         1097    i.channel_port_get  nrf_drv_gpiote.o
    0x00019584   0x00000104   Code   RO         1276    i.clear_operation_execute  pstorage.o
    0x00019688   0x00000024   Code   RO         1277    i.clear_post_processing_run  pstorage.o
    0x000196ac   0x00000038   Code   RO         1278    i.cmd_process       pstorage.o
    0x000196e4   0x00000020   Code   RO         1279    i.cmd_queue_element_init  pstorage.o
    0x00019704   0x0000004c   Code   RO         1280    i.cmd_queue_enqueue  pstorage.o
    0x00019750   0x0000003c   Code   RO         1281    i.command_end_procedure_run  pstorage.o
    0x0001978c   0x000000a4   Code   RO         1609    i.compare_reg_update  app_timer.o
    0x00019830   0x00000084   Code   RO          442    i.conn_int_encode   ble_advdata.o
    0x000198b4   0x0000000c   Code   RO            7    i.conn_params_error_handler  main.o
    0x000198c0   0x00000064   Code   RO          579    i.conn_params_negotiation  ble_conn_params.o
    0x00019924   0x00000030   Code   RO          669    i.connection_instance_find  device_manager_peripheral.o
    0x00019954   0x00000024   Code   RO          670    i.connection_instance_init  device_manager_peripheral.o
    0x00019978   0x00000054   Code   RO         1282    i.data_page_erase_state_run  pstorage.o
    0x000199cc   0x00000028   Code   RO         1283    i.data_to_swap_write_state_run  pstorage.o
    0x000199f4   0x00000060   Code   RO         1522    i.detection_delay_timeout_handler  app_button.o
    0x00019a54   0x000000b4   Code   RO          671    i.device_context_store  device_manager_peripheral.o
    0x00019b08   0x00000054   Code   RO          672    i.device_instance_allocate  device_manager_peripheral.o
    0x00019b5c   0x00000048   Code   RO          673    i.device_instance_find  device_manager_peripheral.o
    0x00019ba4   0x0000002c   Code   RO          674    i.device_instance_free  device_manager_peripheral.o
    0x00019bd0   0x00000012   Code   RO            8    i.device_manager_evt_handler  main.o
    0x00019be2   0x00000002   PAD
    0x00019be4   0x00000074   Code   RO            9    i.device_manager_init  main.o
    0x00019c58   0x000003d8   Code   RO          679    i.dm_ble_evt_handler  device_manager_peripheral.o
    0x0001a030   0x0000001c   Code   RO          685    i.dm_handle_initialize  device_manager_peripheral.o
    0x0001a04c   0x000000c4   Code   RO          686    i.dm_init           device_manager_peripheral.o
    0x0001a110   0x0000018c   Code   RO          689    i.dm_pstorage_cb_handler  device_manager_peripheral.o
    0x0001a29c   0x00000074   Code   RO          690    i.dm_register       device_manager_peripheral.o
    0x0001a310   0x00000040   Code   RO         1610    i.elapsed_ticks_acquire  app_timer.o
    0x0001a350   0x00000058   Code   RO         1611    i.expired_timers_handler  app_timer.o
    0x0001a3a8   0x00000020   Code   RO         1284    i.flash_api_err_code_process  pstorage.o
    0x0001a3c8   0x00000080   Code   RO         1285    i.flash_operation_success_run  pstorage.o
    0x0001a448   0x0000000a   Code   RO         1286    i.flash_page_erase  pstorage.o
    0x0001a452   0x0000000a   Code   RO         1287    i.flash_write       pstorage.o
    0x0001a45c   0x00000004   Code   RO          697    i.gattc_context_apply  device_manager_peripheral.o
    0x0001a460   0x00000004   Code   RO          698    i.gattc_context_load  device_manager_peripheral.o
    0x0001a464   0x00000004   Code   RO          699    i.gattc_context_store  device_manager_peripheral.o
    0x0001a468   0x000000b0   Code   RO          700    i.gatts_context_apply  device_manager_peripheral.o
    0x0001a518   0x00000030   Code   RO          701    i.gatts_context_load  device_manager_peripheral.o
    0x0001a548   0x000000ac   Code   RO          702    i.gatts_context_store  device_manager_peripheral.o
    0x0001a5f4   0x00000008   Code   RO          703    i.gattsc_context_apply  device_manager_peripheral.o
    0x0001a5fc   0x00000008   Code   RO          704    i.gattsc_context_load  device_manager_peripheral.o
    0x0001a604   0x00000008   Code   RO          705    i.gattsc_context_store  device_manager_peripheral.o
    0x0001a60c   0x0000004c   Code   RO         1523    i.gpiote_event_handler  app_button.o
    0x0001a658   0x00000078   Code   RO         1288    i.head_restore_state_run  pstorage.o
    0x0001a6d0   0x00000080   Code   RO         1803    i.intern_softdevice_events_execute  softdevice_handler.o
    0x0001a750   0x0000001c   Code   RO          580    i.is_conn_params_ok  ble_conn_params.o
    0x0001a76c   0x00000048   Code   RO          407    i.is_manual_peripheral_setup_needed  system_nrf51.o
    0x0001a7b4   0x00000044   Code   RO         1289    i.is_page_erase_required  pstorage.o
    0x0001a7f8   0x0000000c   Code   RO         1290    i.is_word_aligned   pstorage.o
    0x0001a804   0x00000018   Code   RO          266    i.leds_timer_handler  bsp.o
    0x0001a81c   0x00000094   Code   RO         1612    i.list_deletions_handler  app_timer.o
    0x0001a8b0   0x000000f0   Code   RO         1613    i.list_insertions_handler  app_timer.o
    0x0001a9a0   0x00000174   Code   RO           10    i.main              main.o
    0x0001ab14   0x00000018   Code   RO         1291    i.main_state_err_busy_process  pstorage.o
    0x0001ab2c   0x00000064   Code   RO          443    i.manuf_specific_data_encode  ble_advdata.o
    0x0001ab90   0x0000006a   Code   RO          444    i.name_encode       ble_advdata.o
    0x0001abfa   0x00000004   Code   RO          706    i.no_service_context_apply  device_manager_peripheral.o
    0x0001abfe   0x00000004   Code   RO          707    i.no_service_context_load  device_manager_peripheral.o
    0x0001ac02   0x00000004   Code   RO          708    i.no_service_context_store  device_manager_peripheral.o
    0x0001ac06   0x00000002   PAD
    0x0001ac08   0x00000060   Code   RO         1068    i.nrf_drv_common_irq_enable  nrf_drv_common.o
    0x0001ac68   0x000000a0   Code   RO         1100    i.nrf_drv_gpiote_in_event_enable  nrf_drv_gpiote.o
    0x0001ad08   0x00000094   Code   RO         1101    i.nrf_drv_gpiote_in_init  nrf_drv_gpiote.o
    0x0001ad9c   0x00000014   Code   RO         1102    i.nrf_drv_gpiote_in_is_set  nrf_drv_gpiote.o
    0x0001adb0   0x00000054   Code   RO         1104    i.nrf_drv_gpiote_init  nrf_drv_gpiote.o
    0x0001ae04   0x00000010   Code   RO         1105    i.nrf_drv_gpiote_is_init  nrf_drv_gpiote.o
    0x0001ae14   0x00000020   Code   RO         1117    i.nrf_gpio_cfg_sense_set  nrf_drv_gpiote.o
    0x0001ae34   0x00000014   Code   RO         1118    i.nrf_gpiote_event_is_set  nrf_drv_gpiote.o
    0x0001ae48   0x00000024   Code   RO           11    i.on_adv_evt        main.o
    0x0001ae6c   0x00000024   Code   RO           12    i.on_conn_params_evt  main.o
    0x0001ae90   0x00000080   Code   RO          946    i.on_uart_event     app_uart.o
    0x0001af10   0x00000016   Code   RO          511    i.peer_address_exists  ble_advertising.o
    0x0001af26   0x00000002   PAD
    0x0001af28   0x00000040   Code   RO          709    i.peer_instance_init  device_manager_peripheral.o
    0x0001af68   0x00000018   Code   RO         1119    i.pin_in_use_by_port  nrf_drv_gpiote.o
    0x0001af80   0x00000018   Code   RO         1120    i.pin_in_use_by_te  nrf_drv_gpiote.o
    0x0001af98   0x00000028   Code   RO         1292    i.pstorage_access_status_get  pstorage.o
    0x0001afc0   0x00000058   Code   RO         1293    i.pstorage_block_identifier_get  pstorage.o
    0x0001b018   0x000000a8   Code   RO         1294    i.pstorage_clear    pstorage.o
    0x0001b0c0   0x00000024   Code   RO         1295    i.pstorage_flash_page_end  pstorage.o
    0x0001b0e4   0x0000000a   Code   RO         1296    i.pstorage_flash_page_size  pstorage.o
    0x0001b0ee   0x00000002   PAD
    0x0001b0f0   0x0000005c   Code   RO         1297    i.pstorage_init     pstorage.o
    0x0001b14c   0x000000ac   Code   RO         1298    i.pstorage_load     pstorage.o
    0x0001b1f8   0x000000b4   Code   RO         1299    i.pstorage_register  pstorage.o
    0x0001b2ac   0x00000094   Code   RO         1300    i.pstorage_store    pstorage.o
    0x0001b340   0x0000004c   Code   RO         1301    i.pstorage_sys_event_handler  pstorage.o
    0x0001b38c   0x00000094   Code   RO         1302    i.pstorage_update   pstorage.o
    0x0001b420   0x00000044   Code   RO         1614    i.rtc1_stop         app_timer.o
    0x0001b464   0x0000007c   Code   RO          445    i.service_data_encode  ble_advdata.o
    0x0001b4e0   0x00000034   Code   RO           13    i.sleep_mode_enter  main.o
    0x0001b514   0x00000048   Code   RO         1303    i.sm_state_change   pstorage.o
    0x0001b55c   0x0000000c   Code   RO         1804    i.softdevice_assertion_handler  softdevice_handler.o
    0x0001b568   0x00000014   Code   RO         1805    i.softdevice_ble_evt_handler_set  softdevice_handler.o
    0x0001b57c   0x00000030   Code   RO         1806    i.softdevice_handler_init  softdevice_handler.o
    0x0001b5ac   0x00000014   Code   RO         1808    i.softdevice_sys_evt_handler_set  softdevice_handler.o
    0x0001b5c0   0x00000064   Code   RO         1304    i.state_data_erase_swap_entry_run  pstorage.o
    0x0001b624   0x00000010   Code   RO         1305    i.state_erase_data_page_entry_run  pstorage.o
    0x0001b634   0x00000028   Code   RO         1306    i.state_restore_head_entry_run  pstorage.o
    0x0001b65c   0x0000004c   Code   RO         1307    i.state_restore_tail_entry_run  pstorage.o
    0x0001b6a8   0x00000020   Code   RO         1308    i.state_swap_erase_entry_run  pstorage.o
    0x0001b6c8   0x00000030   Code   RO         1309    i.state_write_data_swap_entry_run  pstorage.o
    0x0001b6f8   0x00000004   Code   RO          710    i.storage_operation_dummy_handler  device_manager_peripheral.o
    0x0001b6fc   0x0000005c   Code   RO         1310    i.store_cmd_flash_write_execute  pstorage.o
    0x0001b758   0x0000001c   Code   RO         1311    i.swap_erase_state_run  pstorage.o
    0x0001b774   0x00000018   Code   RO         1312    i.swap_sub_state_err_busy_process  pstorage.o
    0x0001b78c   0x00000014   Code   RO         1313    i.swap_sub_state_state_change  pstorage.o
    0x0001b7a0   0x00000010   Code   RO           14    i.sys_evt_dispatch  main.o
    0x0001b7b0   0x0000001c   Code   RO         1314    i.tail_restore_state_run  pstorage.o
    0x0001b7cc   0x00000010   Code   RO         1615    i.timer_list_handler_sched  app_timer.o
    0x0001b7dc   0x00000064   Code   RO         1616    i.timer_list_insert  app_timer.o
    0x0001b840   0x00000070   Code   RO         1617    i.timer_list_remove  app_timer.o
    0x0001b8b0   0x00000080   Code   RO         1618    i.timer_timeouts_check  app_timer.o
    0x0001b930   0x0000000a   Code   RO          446    i.uint16_encode     ble_advdata.o
    0x0001b93a   0x00000002   PAD
    0x0001b93c   0x00000014   Code   RO          711    i.update_status_bit_reset  device_manager_peripheral.o
    0x0001b950   0x00000064   Code   RO          581    i.update_timeout_handler  ble_conn_params.o
    0x0001b9b4   0x00000054   Code   RO         1619    i.user_id_get       app_timer.o
    0x0001ba08   0x00000024   Code   RO         1620    i.user_op_alloc     app_timer.o
    0x0001ba2c   0x00000026   Code   RO          447    i.uuid_list_encode  ble_advdata.o
    0x0001ba52   0x000000a2   Code   RO          448    i.uuid_list_sized_encode  ble_advdata.o
    0x0001baf4   0x00000010   Code   RO          512    i.whitelist_has_entries  ble_advertising.o
    0x0001bb04   0x00000030   Data   RO          268    .constdata          bsp.o
    0x0001bb34   0x00000034   Data   RO          713    .constdata          device_manager_peripheral.o
    0x0001bb68   0x00000028   Data   RO         1316    .constdata          pstorage.o
    0x0001bb90   0x00000004   Data   RO         1524    .constdata          app_button.o
    0x0001bb94   0x00000020   Data   RO         1891    Region$$Table       anon$$obj.o


    Execution Region RW_IRAM1 (Base: 0x20002000, Size: 0x00001020, Max: 0x00006000, ABSOLUTE)

    Base Addr    Size         Type   Attr      Idx    E Section Name        Object

    0x20002000   0x00000008   Data   RW           16    .data               main.o
    0x20002008   0x00000020   Data   RW          269    .data               bsp.o
    0x20002028   0x00000008   Data   RW          363    .data               bsp_btn_ble.o
    0x20002030   0x00000004   Data   RW          408    .data               system_nrf51.o
    0x20002034   0x0000001f   Data   RW          514    .data               ble_advertising.o
    0x20002053   0x00000001   PAD
    0x20002054   0x00000018   Data   RW          583    .data               ble_conn_params.o
    0x2000206c   0x00000018   Data   RW          714    .data               device_manager_peripheral.o
    0x20002084   0x0000000c   Data   RW          948    .data               app_uart.o
    0x20002090   0x00000024   Data   RW         1317    .data               pstorage.o
    0x200020b4   0x00000018   Data   RW         1525    .data               app_button.o
    0x200020cc   0x00000024   Data   RW         1621    .data               app_timer.o
    0x200020f0   0x00000014   Data   RW         1809    .data               softdevice_handler.o
    0x20002104   0x00000378   Zero   RW           15    .bss                main.o
    0x2000247c   0x0000000c   Zero   RW          267    .bss                bsp.o
    0x20002488   0x000000fb   Zero   RW          513    .bss                ble_advertising.o
    0x20002583   0x00000001   PAD
    0x20002584   0x0000001c   Zero   RW          582    .bss                ble_conn_params.o
    0x200025a0   0x0000014f   Zero   RW          712    .bss                device_manager_peripheral.o
    0x200026ef   0x00000001   PAD
    0x200026f0   0x0000004c   Zero   RW         1121    .bss                nrf_drv_gpiote.o
    0x2000273c   0x000000e4   Zero   RW         1315    .bss                pstorage.o
    0x20002820   0x00000800   Zero   RW          396    STACK               arm_startup_nrf51.o


==============================================================================

Image component sizes


      Code (inc. data)   RO Data    RW Data    ZI Data      Debug   Object Name

       328         34          4         24          0       6558   app_button.o
        24          8          0          0          0       6932   app_error.o
      1938        160          0         36          0      29103   app_timer.o
       316         60          0         12          0      14608   app_uart.o
        56         18        192          0       2048        744   arm_startup_nrf51.o
      1092          6          0          0          0      13294   ble_advdata.o
      1054         40          0         31        251       8641   ble_advertising.o
       456         50          0         24         28      12192   ble_conn_params.o
      1102        120         48         32         12       9793   bsp.o
       284         10          0          8          0       4657   bsp_btn_ble.o
      2800        210         52         24        335      32197   device_manager_peripheral.o
       898         84          0          8        888      93143   main.o
        96         18          0          0          0       1676   nrf_drv_common.o
       908        124          0          0         76      20612   nrf_drv_gpiote.o
      2858        266         40         36        228      37114   pstorage.o
       264         24          0         20          0       6512   softdevice_handler.o
       156         26          0          4          0       2275   system_nrf51.o

    ----------------------------------------------------------------------
     14646       1258        368        260       3868     300051   Object Totals
         0          0         32          0          0          0   (incl. Generated)
        16          0          0          1          2          0   (incl. Padding)

    ----------------------------------------------------------------------

      Code (inc. data)   RO Data    RW Data    ZI Data      Debug   Library Member Name

         0          0          0          0          0          0   entry.o
         0          0          0          0          0          0   entry10a.o
         0          0          0          0          0          0   entry11a.o
         8          4          0          0          0          0   entry2.o
         4          0          0          0          0          0   entry5.o
         0          0          0          0          0          0   entry7b.o
         0          0          0          0          0          0   entry8b.o
         8          4          0          0          0          0   entry9a.o
        30          0          0          0          0          0   handlers.o
        40          0          0          0          0         72   idiv.o
        36          8          0          0          0         68   init.o
        26          0          0          0          0         72   memcmp.o
        36          0          0          0          0         60   memcpya.o
        36          0          0          0          0        100   memseta.o
        44          0          0          0          0         72   uidiv.o

    ----------------------------------------------------------------------
       270         16          0          0          0        444   Library Totals
         2          0          0          0          0          0   (incl. Padding)

    ----------------------------------------------------------------------

      Code (inc. data)   RO Data    RW Data    ZI Data      Debug   Library Name

       268         16          0          0          0        444   mc_p.l

    ----------------------------------------------------------------------
       270         16          0          0          0        444   Library Totals

    ----------------------------------------------------------------------

==============================================================================


      Code (inc. data)   RO Data    RW Data    ZI Data      Debug   

     14916       1274        368        260       3868     293203   Grand Totals
     14916       1274        368        260       3868     293203   ELF Image Totals
     14916       1274        368        260          0          0   ROM Totals

==============================================================================

    Total RO  Size (Code + RO Data)                15284 (  14.93kB)
    Total RW  Size (RW Data + ZI Data)              4128 (   4.03kB)
    Total ROM Size (Code + RO Data + RW Data)      15544 (  15.18kB)

==============================================================================

