Component: ARM Compiler 5.06 update 3 (build 300) Tool: armlink [4d35c9]

==============================================================================

Section Cross References

    main.o(i.advertising_init) refers to memseta.o(.text) for __aeabi_memclr4
    main.o(i.advertising_init) refers to ble_advertising.o(i.ble_advertising_init) for ble_advertising_init
    main.o(i.advertising_init) refers to app_error.o(i.app_error_handler) for app_error_handler
    main.o(i.advertising_init) refers to main.o(.data) for m_adv_uuids
    main.o(i.advertising_init) refers to main.o(i.on_adv_evt) for on_adv_evt
    main.o(i.assert_nrf_callback) refers to app_error.o(i.app_error_handler) for app_error_handler
    main.o(i.ble_evt_dispatch) refers to ble_conn_params.o(i.ble_conn_params_on_ble_evt) for ble_conn_params_on_ble_evt
    main.o(i.ble_evt_dispatch) refers to ble_nus.o(i.ble_nus_on_ble_evt) for ble_nus_on_ble_evt
    main.o(i.ble_evt_dispatch) refers to main.o(i.on_ble_evt) for on_ble_evt
    main.o(i.ble_evt_dispatch) refers to ble_advertising.o(i.ble_advertising_on_ble_evt) for ble_advertising_on_ble_evt
    main.o(i.ble_evt_dispatch) refers to bsp_btn_ble.o(i.bsp_btn_ble_on_ble_evt) for bsp_btn_ble_on_ble_evt
    main.o(i.ble_evt_dispatch) refers to main.o(.bss) for m_nus
    main.o(i.ble_stack_init) refers to softdevice_handler.o(i.softdevice_handler_init) for softdevice_handler_init
    main.o(i.ble_stack_init) refers to app_error.o(i.app_error_handler) for app_error_handler
    main.o(i.ble_stack_init) refers to softdevice_handler.o(i.softdevice_ble_evt_handler_set) for softdevice_ble_evt_handler_set
    main.o(i.ble_stack_init) refers to main.o(.bss) for BLE_EVT_BUFFER
    main.o(i.ble_stack_init) refers to main.o(i.ble_evt_dispatch) for ble_evt_dispatch
    main.o(i.bsp_event_handler) refers to main.o(i.sleep_mode_enter) for sleep_mode_enter
    main.o(i.bsp_event_handler) refers to app_error.o(i.app_error_handler) for app_error_handler
    main.o(i.bsp_event_handler) refers to ble_advertising.o(i.ble_advertising_restart_without_whitelist) for ble_advertising_restart_without_whitelist
    main.o(i.bsp_event_handler) refers to main.o(.data) for m_conn_handle
    main.o(i.buttons_leds_init) refers to bsp.o(i.bsp_init) for bsp_init
    main.o(i.buttons_leds_init) refers to app_error.o(i.app_error_handler) for app_error_handler
    main.o(i.buttons_leds_init) refers to bsp_btn_ble.o(i.bsp_btn_ble_init) for bsp_btn_ble_init
    main.o(i.buttons_leds_init) refers to main.o(i.bsp_event_handler) for bsp_event_handler
    main.o(i.conn_params_error_handler) refers to app_error.o(i.app_error_handler) for app_error_handler
    main.o(i.conn_params_init) refers to memseta.o(.text) for __aeabi_memclr4
    main.o(i.conn_params_init) refers to ble_conn_params.o(i.ble_conn_params_init) for ble_conn_params_init
    main.o(i.conn_params_init) refers to app_error.o(i.app_error_handler) for app_error_handler
    main.o(i.conn_params_init) refers to main.o(i.on_conn_params_evt) for on_conn_params_evt
    main.o(i.conn_params_init) refers to main.o(i.conn_params_error_handler) for conn_params_error_handler
    main.o(i.gap_params_init) refers to app_error.o(i.app_error_handler) for app_error_handler
    main.o(i.main) refers to app_timer.o(i.app_timer_init) for app_timer_init
    main.o(i.main) refers to app_error.o(i.app_error_handler) for app_error_handler
    main.o(i.main) refers to main.o(i.uart_init) for uart_init
    main.o(i.main) refers to main.o(i.buttons_leds_init) for buttons_leds_init
    main.o(i.main) refers to main.o(i.ble_stack_init) for ble_stack_init
    main.o(i.main) refers to main.o(i.gap_params_init) for gap_params_init
    main.o(i.main) refers to main.o(i.services_init) for services_init
    main.o(i.main) refers to main.o(i.advertising_init) for advertising_init
    main.o(i.main) refers to main.o(i.conn_params_init) for conn_params_init
    main.o(i.main) refers to ble_advertising.o(i.ble_advertising_start) for ble_advertising_start
    main.o(i.main) refers to main.o(i.power_manage) for power_manage
    main.o(i.main) refers to main.o(.bss) for APP_TIMER_BUF
    main.o(i.nus_data_handler) refers to app_uart_fifo.o(i.app_uart_put) for app_uart_put
    main.o(i.on_adv_evt) refers to bsp.o(i.bsp_indication_set) for bsp_indication_set
    main.o(i.on_adv_evt) refers to app_error.o(i.app_error_handler) for app_error_handler
    main.o(i.on_adv_evt) refers to main.o(i.sleep_mode_enter) for sleep_mode_enter
    main.o(i.on_ble_evt) refers to bsp.o(i.bsp_indication_set) for bsp_indication_set
    main.o(i.on_ble_evt) refers to app_error.o(i.app_error_handler) for app_error_handler
    main.o(i.on_ble_evt) refers to main.o(.data) for m_conn_handle
    main.o(i.on_conn_params_evt) refers to printf8.o(i.__0printf$8) for __2printf
    main.o(i.on_conn_params_evt) refers to app_error.o(i.app_error_handler) for app_error_handler
    main.o(i.on_conn_params_evt) refers to main.o(.data) for m_conn_handle
[...]
    ..\..\..\..\..\..\components\libraries\trace\app_trace.c 0x00000000   Number         0  app_trace.o ABSOLUTE
    ..\..\..\..\..\..\components\libraries\uart\retarget.c 0x00000000   Number         0  retarget.o ABSOLUTE
    ..\..\..\..\..\..\components\libraries\util\app_error.c 0x00000000   Number         0  app_error.o ABSOLUTE
    ..\..\..\..\..\..\components\libraries\util\nrf_assert.c 0x00000000   Number         0  nrf_assert.o ABSOLUTE
    ..\..\..\..\..\..\components\softdevice\common\softdevice_handler\softdevice_handler.c 0x00000000   Number         0  softdevice_handler.o ABSOLUTE
    ..\..\..\..\..\..\components\toolchain\arm\arm_startup_nrf51.s 0x00000000   Number         0  arm_startup_nrf51.o ABSOLUTE
    ..\..\..\..\..\..\components\toolchain\system_nrf51.c 0x00000000   Number         0  system_nrf51.o ABSOLUTE
    ..\..\..\..\..\..\external\segger_rtt\RTT_Syscalls_KEIL.c 0x00000000   Number         0  rtt_syscalls_keil.o ABSOLUTE
    ..\..\..\..\..\..\external\segger_rtt\SEGGER_RTT.c 0x00000000   Number         0  segger_rtt.o ABSOLUTE
    ..\..\..\..\..\..\external\segger_rtt\SEGGER_RTT_printf.c 0x00000000   Number         0  segger_rtt_printf.o ABSOLUTE
    ..\..\..\..\..\bsp\bsp.c                 0x00000000   Number         0  bsp.o ABSOLUTE
    ..\..\..\..\..\bsp\bsp_btn_ble.c         0x00000000   Number         0  bsp_btn_ble.o ABSOLUTE
    ..\..\..\main.c                          0x00000000   Number         0  main.o ABSOLUTE
    ..\..\..\user\at_command\at_cmd.c        0x00000000   Number         0  at_cmd.o ABSOLUTE
    ..\..\..\user\queue\queue.c              0x00000000   Number         0  queue.o ABSOLUTE
    ..\\..\\..\\..\\..\\..\\components\\ble\\ble_advertising\\ble_advertising.c 0x00000000   Number         0  ble_advertising.o ABSOLUTE
    ..\\..\\..\\..\\..\\..\\components\\drivers_nrf\\common\\nrf_drv_common.c 0x00000000   Number         0  nrf_drv_common.o ABSOLUTE
    ..\\..\\..\\..\\..\\..\\components\\drivers_nrf\\gpiote\\nrf_drv_gpiote.c 0x00000000   Number         0  nrf_drv_gpiote.o ABSOLUTE
    ..\\..\\..\\..\\..\\..\\components\\drivers_nrf\\hal\\nrf_delay.c 0x00000000   Number         0  nrf_delay.o ABSOLUTE
    ..\\..\\..\\..\\..\\..\\components\\drivers_nrf\\pstorage\\pstorage.c 0x00000000   Number         0  pstorage.o ABSOLUTE
    ..\\..\\..\\..\\..\\..\\components\\drivers_nrf\\uart\\app_uart_fifo.c 0x00000000   Number         0  app_uart_fifo.o ABSOLUTE
    ..\\..\\..\\..\\..\\..\\components\\libraries\\button\\app_button.c 0x00000000   Number         0  app_button.o ABSOLUTE
    ..\\..\\..\\..\\..\\..\\components\\libraries\\timer\\app_timer.c 0x00000000   Number         0  app_timer.o ABSOLUTE
    ..\\..\\..\\..\\..\\..\\components\\libraries\\trace\\app_trace.c 0x00000000   Number         0  app_trace.o ABSOLUTE
    ..\\..\\..\\..\\..\\..\\components\\libraries\\uart\\retarget.c 0x00000000   Number         0  retarget.o ABSOLUTE
    ..\\..\\..\\..\\..\\..\\components\\libraries\\util\\app_error.c 0x00000000   Number         0  app_error.o ABSOLUTE
    ..\\..\\..\\..\\..\\..\\components\\softdevice\\common\\softdevice_handler\\softdevice_handler.c 0x00000000   Number         0  softdevice_handler.o ABSOLUTE
    ..\\..\\..\\..\\..\\..\\components\\toolchain\\system_nrf51.c 0x00000000   Number         0  system_nrf51.o ABSOLUTE
    ..\\..\\..\\..\\..\\bsp\\bsp.c           0x00000000   Number         0  bsp.o ABSOLUTE
    ..\\..\\..\\..\\..\\bsp\\bsp_btn_ble.c   0x00000000   Number         0  bsp_btn_ble.o ABSOLUTE
    ..\\..\\..\\main.c                       0x00000000   Number         0  main.o ABSOLUTE
    ..\\..\\..\\user\\at_command\\at_cmd.c   0x00000000   Number         0  at_cmd.o ABSOLUTE
    cdrcmple.s                               0x00000000   Number         0  cdrcmple.o ABSOLUTE
    dc.s                                     0x00000000   Number         0  dc.o ABSOLUTE
    handlers.s                               0x00000000   Number         0  handlers.o ABSOLUTE
    init.s                                   0x00000000   Number         0  init.o ABSOLUTE
    RESET                                    0x00018000   Section      192  arm_startup_nrf51.o(RESET)
    .ARM.Collect$$$$00000000                 0x000180c0   Section        0  entry.o(.ARM.Collect$$$$00000000)
    .ARM.Collect$$$$00000001                 0x000180c0   Section        4  entry2.o(.ARM.Collect$$$$00000001)
    .ARM.Collect$$$$00000004                 0x000180c4   Section        4  entry5.o(.ARM.Collect$$$$00000004)
    .ARM.Collect$$$$00000008                 0x000180c8   Section        0  entry7b.o(.ARM.Collect$$$$00000008)
    .ARM.Collect$$$$0000000A                 0x000180c8   Section        0  entry8b.o(.ARM.Collect$$$$0000000A)
    .ARM.Collect$$$$0000000B                 0x000180c8   Section        8  entry9a.o(.ARM.Collect$$$$0000000B)
    .ARM.Collect$$$$0000000D                 0x000180d0   Section        0  entry10a.o(.ARM.Collect$$$$0000000D)
    .ARM.Collect$$$$0000000F                 0x000180d0   Section        0  entry11a.o(.ARM.Collect$$$$0000000F)
    .ARM.Collect$$$$00002712                 0x000180d0   Section        4  entry2.o(.ARM.Collect$$$$00002712)
    __lit__00000000                          0x000180d0   Data           4  entry2.o(.ARM.Collect$$$$00002712)
    .emb_text                                0x000180d4   Section       30  app_timer.o(.emb_text)
    .text                                    0x000180f4   Section       56  arm_startup_nrf51.o(.text)
    .text                                    0x0001812c   Section        0  uidiv.o(.text)
    .text                                    0x00018158   Section        0  memcpya.o(.text)
    .text                                    0x0001817c   Section        0  memseta.o(.text)
    .text                                    0x000181a0   Section        0  uldiv.o(.text)
    .text                                    0x00018200   Section       36  init.o(.text)
    .text                                    0x00018224   Section        0  llshl.o(.text)
    .text                                    0x00018244   Section        0  llushr.o(.text)
    i.GPIOTE_IRQHandler                      0x00018268   Section        0  nrf_drv_gpiote.o(i.GPIOTE_IRQHandler)
    i.NVIC_ClearPendingIRQ                   0x000183f4   Section        0  app_timer.o(i.NVIC_ClearPendingIRQ)
    NVIC_ClearPendingIRQ                     0x000183f5   Thumb Code    14  app_timer.o(i.NVIC_ClearPendingIRQ)
    i.NVIC_EnableIRQ                         0x00018408   Section        0  app_timer.o(i.NVIC_EnableIRQ)
    NVIC_EnableIRQ                           0x00018409   Thumb Code    14  app_timer.o(i.NVIC_EnableIRQ)
    i.NVIC_SetPendingIRQ                     0x0001841c   Section        0  app_timer.o(i.NVIC_SetPendingIRQ)
    NVIC_SetPendingIRQ                       0x0001841d   Thumb Code    14  app_timer.o(i.NVIC_SetPendingIRQ)
    i.NVIC_SetPriority                       0x00018430   Section        0  app_uart_fifo.o(i.NVIC_SetPriority)
    NVIC_SetPriority                         0x00018431   Thumb Code   110  app_uart_fifo.o(i.NVIC_SetPriority)
    i.NVIC_SetPriority                       0x000184a8   Section        0  nrf_drv_common.o(i.NVIC_SetPriority)
    NVIC_SetPriority                         0x000184a9   Thumb Code   110  nrf_drv_common.o(i.NVIC_SetPriority)
    i.NVIC_SetPriority                       0x00018520   Section        0  app_timer.o(i.NVIC_SetPriority)
    NVIC_SetPriority                         0x00018521   Thumb Code   110  app_timer.o(i.NVIC_SetPriority)
    i.RTC1_IRQHandler                        0x00018598   Section        0  app_timer.o(i.RTC1_IRQHandler)
    i.SWI0_IRQHandler                        0x000185c0   Section        0  app_timer.o(i.SWI0_IRQHandler)
    i.SWI2_IRQHandler                        0x000185c8   Section        0  softdevice_handler.o(i.SWI2_IRQHandler)
    i.SystemInit                             0x00018600   Section        0  system_nrf51.o(i.SystemInit)
    i.UART0_IRQHandler                       0x00018638   Section        0  app_uart_fifo.o(i.UART0_IRQHandler)
    i.__0printf$8                            0x000186d8   Section        0  printf8.o(i.__0printf$8)
    i.__ARM_common_switch8                   0x000186f8   Section        0  bsp.o(i.__ARM_common_switch8)
    i.__scatterload_copy                     0x00018714   Section       14  handlers.o(i.__scatterload_copy)
    i.__scatterload_null                     0x00018722   Section        2  handlers.o(i.__scatterload_null)
    i.__scatterload_zeroinit                 0x00018724   Section       14  handlers.o(i.__scatterload_zeroinit)
    i._printf_core                           0x00018734   Section        0  printf8.o(i._printf_core)
    _printf_core                             0x00018735   Thumb Code  1020  printf8.o(i._printf_core)
    i._printf_post_padding                   0x00018b5c   Section        0  printf8.o(i._printf_post_padding)
    _printf_post_padding                     0x00018b5d   Thumb Code    32  printf8.o(i._printf_post_padding)
    i._printf_pre_padding                    0x00018b7c   Section        0  printf8.o(i._printf_pre_padding)
    _printf_pre_padding                      0x00018b7d   Thumb Code    44  printf8.o(i._printf_pre_padding)
    i.action_tx_ready                        0x00018ba8   Section        0  app_uart_fifo.o(i.action_tx_ready)
    action_tx_ready                          0x00018ba9   Thumb Code    24  app_uart_fifo.o(i.action_tx_ready)
    i.action_tx_send                         0x00018bc4   Section        0  app_uart_fifo.o(i.action_tx_send)
    action_tx_send                           0x00018bc5   Thumb Code    64  app_uart_fifo.o(i.action_tx_send)
    i.action_tx_stop                         0x00018c18   Section        0  app_uart_fifo.o(i.action_tx_stop)
    i.action_uart_deactivate                 0x00018c40   Section        0  app_uart_fifo.o(i.action_uart_deactivate)
    action_uart_deactivate                   0x00018c41   Thumb Code    22  app_uart_fifo.o(i.action_uart_deactivate)
    i.adv_data_encode                        0x00018c64   Section        0  ble_advdata.o(i.adv_data_encode)
    adv_data_encode                          0x00018c65   Thumb Code   310  ble_advdata.o(i.adv_data_encode)
    i.advdata_check                          0x00018d9a   Section        0  ble_advdata.o(i.advdata_check)
    advdata_check                            0x00018d9b   Thumb Code    20  ble_advdata.o(i.advdata_check)
    i.advertising_buttons_configure          0x00018dae   Section        0  bsp_btn_ble.o(i.advertising_buttons_configure)
    advertising_buttons_configure            0x00018daf   Thumb Code    90  bsp_btn_ble.o(i.advertising_buttons_configure)
    i.advertising_init                       0x00018e08   Section        0  main.o(i.advertising_init)
    advertising_init                         0x00018e09   Thumb Code   112  main.o(i.advertising_init)
    i.alert_timer_handler                    0x00018e80   Section        0  bsp.o(i.alert_timer_handler)
    alert_timer_handler                      0x00018e81   Thumb Code    30  bsp.o(i.alert_timer_handler)
    i.app_button_enable                      0x00018ea4   Section        0  app_button.o(i.app_button_enable)
    i.app_button_init                        0x00018ed0   Section        0  app_button.o(i.app_button_init)
    i.app_error_handler                      0x00018f74   Section        0  app_error.o(i.app_error_handler)
    i.app_fifo_get                           0x00018f94   Section        0  app_fifo.o(i.app_fifo_get)
    i.app_fifo_init                          0x00018fbe   Section        0  app_fifo.o(i.app_fifo_init)
    i.app_fifo_put                           0x00018fe8   Section        0  app_fifo.o(i.app_fifo_put)
    i.app_timer_create                       0x00019014   Section        0  app_timer.o(i.app_timer_create)
    i.app_timer_init                         0x00019088   Section        0  app_timer.o(i.app_timer_init)
    i.app_timer_start                        0x00019178   Section        0  app_timer.o(i.app_timer_start)
    i.app_timer_stop                         0x000191e4   Section        0  app_timer.o(i.app_timer_stop)
    i.app_uart_get                           0x00019228   Section        0  app_uart_fifo.o(i.app_uart_get)
    i.app_uart_init                          0x0001923c   Section        0  app_uart_fifo.o(i.app_uart_init)
    i.app_uart_put                           0x000193f8   Section        0  app_uart_fifo.o(i.app_uart_put)
    i.appearance_encode                      0x00019414   Section        0  ble_advdata.o(i.appearance_encode)
    appearance_encode                        0x00019415   Thumb Code    74  ble_advdata.o(i.appearance_encode)
    i.ble_advdata_set                        0x0001945e   Section        0  ble_advdata.o(i.ble_advdata_set)
    i.ble_advertising_init                   0x000194d8   Section        0  ble_advertising.o(i.ble_advertising_init)
    i.ble_advertising_on_ble_evt             0x00019654   Section        0  ble_advertising.o(i.ble_advertising_on_ble_evt)
    i.ble_advertising_peer_address_clear     0x0001981c   Section        0  ble_advertising.o(i.ble_advertising_peer_address_clear)
    ble_advertising_peer_address_clear       0x0001981d   Thumb Code    12  ble_advertising.o(i.ble_advertising_peer_address_clear)
    i.ble_advertising_restart_without_whitelist 0x0001982c   Section        0  ble_advertising.o(i.ble_advertising_restart_without_whitelist)
    i.ble_advertising_start                  0x0001988c   Section        0  ble_advertising.o(i.ble_advertising_start)
    i.ble_conn_params_init                   0x00019c54   Section        0  ble_conn_params.o(i.ble_conn_params_init)
    i.ble_conn_params_on_ble_evt             0x00019ccc   Section        0  ble_conn_params.o(i.ble_conn_params_on_ble_evt)
    i.ble_evt_dispatch                       0x00019d0c   Section        0  main.o(i.ble_evt_dispatch)
    ble_evt_dispatch                         0x00019d0d   Thumb Code    38  main.o(i.ble_evt_dispatch)
    i.ble_nus_init                           0x00019d38   Section        0  ble_nus.o(i.ble_nus_init)
    i.ble_nus_on_ble_evt                     0x00019dc0   Section        0  ble_nus.o(i.ble_nus_on_ble_evt)
    i.ble_nus_string_send                    0x00019e08   Section        0  ble_nus.o(i.ble_nus_string_send)
    i.ble_stack_init                         0x00019e60   Section        0  main.o(i.ble_stack_init)
    ble_stack_init                           0x00019e61   Thumb Code   118  main.o(i.ble_stack_init)
    i.bsp_btn_ble_init                       0x00019ee0   Section        0  bsp_btn_ble.o(i.bsp_btn_ble_init)
    i.bsp_btn_ble_on_ble_evt                 0x00019f20   Section        0  bsp_btn_ble.o(i.bsp_btn_ble_on_ble_evt)
    i.bsp_btn_ble_sleep_mode_prepare         0x00019fa4   Section        0  bsp_btn_ble.o(i.bsp_btn_ble_sleep_mode_prepare)
    i.bsp_button_event_handler               0x00019fc4   Section        0  bsp.o(i.bsp_button_event_handler)
    bsp_button_event_handler                 0x00019fc5   Thumb Code   188  bsp.o(i.bsp_button_event_handler)
    i.bsp_button_is_pressed                  0x0001a09c   Section        0  bsp.o(i.bsp_button_is_pressed)
    i.bsp_event_handler                      0x0001a0d4   Section        0  main.o(i.bsp_event_handler)
    i.bsp_event_to_button_action_assign      0x0001a148   Section        0  bsp.o(i.bsp_event_to_button_action_assign)
    i.bsp_indication_set                     0x0001a1a4   Section        0  bsp.o(i.bsp_indication_set)
    i.bsp_init                               0x0001a1c8   Section        0  bsp.o(i.bsp_init)
    i.bsp_led_indication                     0x0001a29c   Section        0  bsp.o(i.bsp_led_indication)
    bsp_led_indication                       0x0001a29d   Thumb Code  1252  bsp.o(i.bsp_led_indication)
    i.bsp_wakeup_buttons_set                 0x0001a788   Section        0  bsp.o(i.bsp_wakeup_buttons_set)
    i.button_timer_handler                   0x0001a7e4   Section        0  bsp.o(i.button_timer_handler)
    button_timer_handler                     0x0001a7e5   Thumb Code    14  bsp.o(i.button_timer_handler)
    i.buttons_leds_init                      0x0001a7f4   Section        0  main.o(i.buttons_leds_init)
    buttons_leds_init                        0x0001a7f5   Thumb Code    92  main.o(i.buttons_leds_init)
    i.channel_free                           0x0001a858   Section        0  nrf_drv_gpiote.o(i.channel_free)
    channel_free                             0x0001a859   Thumb Code    26  nrf_drv_gpiote.o(i.channel_free)
    i.channel_handler_get                    0x0001a878   Section        0  nrf_drv_gpiote.o(i.channel_handler_get)
    channel_handler_get                      0x0001a879   Thumb Code    10  nrf_drv_gpiote.o(i.channel_handler_get)
    i.channel_port_alloc                     0x0001a888   Section        0  nrf_drv_gpiote.o(i.channel_port_alloc)
    channel_port_alloc                       0x0001a889   Thumb Code   120  nrf_drv_gpiote.o(i.channel_port_alloc)
    i.channel_port_get                       0x0001a904   Section        0  nrf_drv_gpiote.o(i.channel_port_get)
    channel_port_get                         0x0001a905   Thumb Code     8  nrf_drv_gpiote.o(i.channel_port_get)
    i.compare_reg_update                     0x0001a910   Section        0  app_timer.o(i.compare_reg_update)
    compare_reg_update                       0x0001a911   Thumb Code   124  app_timer.o(i.compare_reg_update)
    i.conn_int_check                         0x0001a9a0   Section        0  ble_advdata.o(i.conn_int_check)
    conn_int_check                           0x0001a9a1   Thumb Code    88  ble_advdata.o(i.conn_int_check)
    i.conn_int_encode                        0x0001a9fc   Section        0  ble_advdata.o(i.conn_int_encode)
    conn_int_encode                          0x0001a9fd   Thumb Code    92  ble_advdata.o(i.conn_int_encode)
    i.conn_params_error_handler              0x0001aa58   Section        0  main.o(i.conn_params_error_handler)
    conn_params_error_handler                0x0001aa59   Thumb Code    20  main.o(i.conn_params_error_handler)
    i.conn_params_init                       0x0001aa6c   Section        0  main.o(i.conn_params_init)
    conn_params_init                         0x0001aa6d   Thumb Code    84  main.o(i.conn_params_init)
    i.conn_params_negotiation                0x0001aac8   Section        0  ble_conn_params.o(i.conn_params_negotiation)
    conn_params_negotiation                  0x0001aac9   Thumb Code   126  ble_conn_params.o(i.conn_params_negotiation)
    i.connection_buttons_configure           0x0001ab5c   Section        0  bsp_btn_ble.o(i.connection_buttons_configure)
    connection_buttons_configure             0x0001ab5d   Thumb Code    90  bsp_btn_ble.o(i.connection_buttons_configure)
    i.current_int_priority_get               0x0001abb8   Section        0  app_timer.o(i.current_int_priority_get)
    current_int_priority_get                 0x0001abb9   Thumb Code    84  app_timer.o(i.current_int_priority_get)
    i.detection_delay_timeout_handler        0x0001ac14   Section        0  app_button.o(i.detection_delay_timeout_handler)
    detection_delay_timeout_handler          0x0001ac15   Thumb Code   124  app_button.o(i.detection_delay_timeout_handler)
    i.elapsed_ticks_acquire                  0x0001aca0   Section        0  app_timer.o(i.elapsed_ticks_acquire)
    elapsed_ticks_acquire                    0x0001aca1   Thumb Code    82  app_timer.o(i.elapsed_ticks_acquire)
    i.expired_timers_handler                 0x0001ad04   Section        0  app_timer.o(i.expired_timers_handler)
    expired_timers_handler                   0x0001ad05   Thumb Code   100  app_timer.o(i.expired_timers_handler)
    i.fifo_length                            0x0001ad70   Section        0  app_uart_fifo.o(i.fifo_length)
    fifo_length                              0x0001ad71   Thumb Code    10  app_uart_fifo.o(i.fifo_length)
    i.fifo_length                            0x0001ad7a   Section        0  app_fifo.o(i.fifo_length)
    fifo_length                              0x0001ad7b   Thumb Code    10  app_fifo.o(i.fifo_length)
    i.fputc                                  0x0001ad84   Section        0  retarget.o(i.fputc)
    i.gap_params_init                        0x0001ad94   Section        0  main.o(i.gap_params_init)
    gap_params_init                          0x0001ad95   Thumb Code   122  main.o(i.gap_params_init)
    i.gpiote_event_handler                   0x0001ae20   Section        0  app_button.o(i.gpiote_event_handler)
    gpiote_event_handler                     0x0001ae21   Thumb Code   112  app_button.o(i.gpiote_event_handler)
    i.gpiote_uart_event_handler              0x0001aea0   Section        0  app_uart_fifo.o(i.gpiote_uart_event_handler)
    gpiote_uart_event_handler                0x0001aea1   Thumb Code    32  app_uart_fifo.o(i.gpiote_uart_event_handler)
    i.intern_softdevice_events_execute       0x0001aec0   Section        0  softdevice_handler.o(i.intern_softdevice_events_execute)
    i.is_conn_params_ok                      0x0001af7c   Section        0  ble_conn_params.o(i.is_conn_params_ok)
    is_conn_params_ok                        0x0001af7d   Thumb Code    30  ble_conn_params.o(i.is_conn_params_ok)
    i.is_disabled_in_debug_needed            0x0001afa0   Section        0  system_nrf51.o(i.is_disabled_in_debug_needed)
    is_disabled_in_debug_needed              0x0001afa1   Thumb Code    52  system_nrf51.o(i.is_disabled_in_debug_needed)
    i.is_manual_peripheral_setup_needed      0x0001afd8   Section        0  system_nrf51.o(i.is_manual_peripheral_setup_needed)
    is_manual_peripheral_setup_needed        0x0001afd9   Thumb Code   104  system_nrf51.o(i.is_manual_peripheral_setup_needed)
    i.leds_timer_handler                     0x0001b044   Section        0  bsp.o(i.leds_timer_handler)
    leds_timer_handler                       0x0001b045   Thumb Code    26  bsp.o(i.leds_timer_handler)
    i.list_deletions_handler                 0x0001b068   Section        0  app_timer.o(i.list_deletions_handler)
    list_deletions_handler                   0x0001b069   Thumb Code   176  app_timer.o(i.list_deletions_handler)
    i.list_insertions_handler                0x0001b128   Section        0  app_timer.o(i.list_insertions_handler)
    list_insertions_handler                  0x0001b129   Thumb Code   276  app_timer.o(i.list_insertions_handler)
    i.main                                   0x0001b258   Section        0  main.o(i.main)
    i.manuf_specific_data_encode             0x0001b2d0   Section        0  ble_advdata.o(i.manuf_specific_data_encode)
    manuf_specific_data_encode               0x0001b2d1   Thumb Code   106  ble_advdata.o(i.manuf_specific_data_encode)
    i.name_encode                            0x0001b33a   Section        0  ble_advdata.o(i.name_encode)
    name_encode                              0x0001b33b   Thumb Code   150  ble_advdata.o(i.name_encode)
    i.nrf_drv_common_irq_enable              0x0001b3d0   Section        0  nrf_drv_common.o(i.nrf_drv_common_irq_enable)
    i.nrf_drv_gpiote_in_event_enable         0x0001b408   Section        0  nrf_drv_gpiote.o(i.nrf_drv_gpiote_in_event_enable)
    i.nrf_drv_gpiote_in_init                 0x0001b4d0   Section        0  nrf_drv_gpiote.o(i.nrf_drv_gpiote_in_init)
    i.nrf_drv_gpiote_in_is_set               0x0001b5c4   Section        0  nrf_drv_gpiote.o(i.nrf_drv_gpiote_in_is_set)
    i.nrf_drv_gpiote_init                    0x0001b5e4   Section        0  nrf_drv_gpiote.o(i.nrf_drv_gpiote_init)
    i.nrf_drv_gpiote_is_init                 0x0001b634   Section        0  nrf_drv_gpiote.o(i.nrf_drv_gpiote_is_init)
    i.nrf_drv_gpiote_out_init                0x0001b648   Section        0  nrf_drv_gpiote.o(i.nrf_drv_gpiote_out_init)
    i.nrf_gpio_cfg_sense_set                 0x0001b738   Section        0  nrf_drv_gpiote.o(i.nrf_gpio_cfg_sense_set)
    nrf_gpio_cfg_sense_set                   0x0001b739   Thumb Code    70  nrf_drv_gpiote.o(i.nrf_gpio_cfg_sense_set)
    i.nrf_gpio_pin_clear                     0x0001b780   Section        0  nrf_drv_gpiote.o(i.nrf_gpio_pin_clear)
    nrf_gpio_pin_clear                       0x0001b781   Thumb Code    10  nrf_drv_gpiote.o(i.nrf_gpio_pin_clear)
    i.nrf_gpio_pin_set                       0x0001b790   Section        0  nrf_drv_gpiote.o(i.nrf_gpio_pin_set)
    nrf_gpio_pin_set                         0x0001b791   Thumb Code    10  nrf_drv_gpiote.o(i.nrf_gpio_pin_set)
    i.nrf_gpiote_event_addr_get              0x0001b7a0   Section        0  nrf_drv_gpiote.o(i.nrf_gpiote_event_addr_get)
    nrf_gpiote_event_addr_get                0x0001b7a1   Thumb Code     8  nrf_drv_gpiote.o(i.nrf_gpiote_event_addr_get)
    i.nrf_gpiote_event_clear                 0x0001b7ac   Section        0  nrf_drv_gpiote.o(i.nrf_gpiote_event_clear)
    nrf_gpiote_event_clear                   0x0001b7ad   Thumb Code    16  nrf_drv_gpiote.o(i.nrf_gpiote_event_clear)
    i.nrf_gpiote_event_is_set                0x0001b7bc   Section        0  nrf_drv_gpiote.o(i.nrf_gpiote_event_is_set)
    nrf_gpiote_event_is_set                  0x0001b7bd   Thumb Code    22  nrf_drv_gpiote.o(i.nrf_gpiote_event_is_set)
    i.nrf_gpiote_int_enable                  0x0001b7d4   Section        0  nrf_drv_gpiote.o(i.nrf_gpiote_int_enable)
    nrf_gpiote_int_enable                    0x0001b7d5   Thumb Code     6  nrf_drv_gpiote.o(i.nrf_gpiote_int_enable)
    i.nus_data_handler                       0x0001b7e0   Section        0  main.o(i.nus_data_handler)
    nus_data_handler                         0x0001b7e1   Thumb Code    32  main.o(i.nus_data_handler)
    i.on_adv_evt                             0x0001b800   Section        0  main.o(i.on_adv_evt)
    on_adv_evt                               0x0001b801   Thumb Code    58  main.o(i.on_adv_evt)
    i.on_ble_evt                             0x0001b83c   Section        0  main.o(i.on_ble_evt)
    on_ble_evt                               0x0001b83d   Thumb Code   192  main.o(i.on_ble_evt)
    i.on_conn_params_evt                     0x0001b900   Section        0  main.o(i.on_conn_params_evt)
    on_conn_params_evt                       0x0001b901   Thumb Code    52  main.o(i.on_conn_params_evt)
    i.on_conn_params_update                  0x0001b960   Section        0  ble_conn_params.o(i.on_conn_params_update)
    on_conn_params_update                    0x0001b961   Thumb Code    20  ble_conn_params.o(i.on_conn_params_update)
    i.on_connect                             0x0001b978   Section        0  ble_conn_params.o(i.on_connect)
    on_connect                               0x0001b979   Thumb Code    42  ble_conn_params.o(i.on_connect)
    i.on_connect                             0x0001b9b4   Section        0  ble_nus.o(i.on_connect)
    on_connect                               0x0001b9b5   Thumb Code     6  ble_nus.o(i.on_connect)
    i.on_cts_high                            0x0001b9bc   Section        0  app_uart_fifo.o(i.on_cts_high)
    on_cts_high                              0x0001b9bd   Thumb Code    36  app_uart_fifo.o(i.on_cts_high)
    i.on_cts_low                             0x0001b9e4   Section        0  app_uart_fifo.o(i.on_cts_low)
    on_cts_low                               0x0001b9e5   Thumb Code    66  app_uart_fifo.o(i.on_cts_low)
    i.on_disconnect                          0x0001ba38   Section        0  ble_conn_params.o(i.on_disconnect)
    on_disconnect                            0x0001ba39   Thumb Code    50  ble_conn_params.o(i.on_disconnect)
    i.on_disconnect                          0x0001ba7c   Section        0  ble_nus.o(i.on_disconnect)
    on_disconnect                            0x0001ba7d   Thumb Code     8  ble_nus.o(i.on_disconnect)
    i.on_tx_ready                            0x0001ba84   Section        0  app_uart_fifo.o(i.on_tx_ready)
    on_tx_ready                              0x0001ba85   Thumb Code    38  app_uart_fifo.o(i.on_tx_ready)
    i.on_uart_close                          0x0001bab0   Section        0  app_uart_fifo.o(i.on_uart_close)
    on_uart_close                            0x0001bab1   Thumb Code     8  app_uart_fifo.o(i.on_uart_close)
    i.on_uart_event                          0x0001bab8   Section        0  app_uart_fifo.o(i.on_uart_event)
    on_uart_event                            0x0001bab9   Thumb Code    54  app_uart_fifo.o(i.on_uart_event)
    i.on_uart_put                            0x0001baf0   Section        0  app_uart_fifo.o(i.on_uart_put)
    on_uart_put                              0x0001baf1   Thumb Code    16  app_uart_fifo.o(i.on_uart_put)
    i.on_write                               0x0001bb04   Section        0  ble_conn_params.o(i.on_write)
    on_write                                 0x0001bb05   Thumb Code    84  ble_conn_params.o(i.on_write)
    i.on_write                               0x0001bb60   Section        0  ble_nus.o(i.on_write)
    on_write                                 0x0001bb61   Thumb Code    84  ble_nus.o(i.on_write)
    i.peer_address_exists                    0x0001bbb4   Section        0  ble_advertising.o(i.peer_address_exists)
    peer_address_exists                      0x0001bbb5   Thumb Code    26  ble_advertising.o(i.peer_address_exists)
    i.pin_in_use_by_gpiote                   0x0001bbd0   Section        0  nrf_drv_gpiote.o(i.pin_in_use_by_gpiote)
    pin_in_use_by_gpiote                     0x0001bbd1   Thumb Code    22  nrf_drv_gpiote.o(i.pin_in_use_by_gpiote)
    i.pin_in_use_by_port                     0x0001bbec   Section        0  nrf_drv_gpiote.o(i.pin_in_use_by_port)
    pin_in_use_by_port                       0x0001bbed   Thumb Code    18  nrf_drv_gpiote.o(i.pin_in_use_by_port)
    i.pin_in_use_by_te                       0x0001bc04   Section        0  nrf_drv_gpiote.o(i.pin_in_use_by_te)
    pin_in_use_by_te                         0x0001bc05   Thumb Code    26  nrf_drv_gpiote.o(i.pin_in_use_by_te)
    i.pin_in_use_clear                       0x0001bc24   Section        0  nrf_drv_gpiote.o(i.pin_in_use_clear)
    pin_in_use_clear                         0x0001bc25   Thumb Code    10  nrf_drv_gpiote.o(i.pin_in_use_clear)
    i.power_manage                           0x0001bc34   Section        0  main.o(i.power_manage)
    power_manage                             0x0001bc35   Thumb Code    32  main.o(i.power_manage)
    i.pstorage_access_status_get             0x0001bc54   Section        0  pstorage.o(i.pstorage_access_status_get)
    i.rtc1_counter_get                       0x0001bc84   Section        0  app_timer.o(i.rtc1_counter_get)
    rtc1_counter_get                         0x0001bc85   Thumb Code     6  app_timer.o(i.rtc1_counter_get)
    i.rtc1_init                              0x0001bc90   Section        0  app_timer.o(i.rtc1_init)
    rtc1_init                                0x0001bc91   Thumb Code    18  app_timer.o(i.rtc1_init)
    i.rtc1_start                             0x0001bca8   Section        0  app_timer.o(i.rtc1_start)
    rtc1_start                               0x0001bca9   Thumb Code    48  app_timer.o(i.rtc1_start)
    i.rtc1_stop                              0x0001bce4   Section        0  app_timer.o(i.rtc1_stop)
    rtc1_stop                                0x0001bce5   Thumb Code    66  app_timer.o(i.rtc1_stop)
    i.rx_char_add                            0x0001bd3c   Section        0  ble_nus.o(i.rx_char_add)
    rx_char_add                              0x0001bd3d   Thumb Code   292  ble_nus.o(i.rx_char_add)
    i.service_data_encode                    0x0001be64   Section        0  ble_advdata.o(i.service_data_encode)
    service_data_encode                      0x0001be65   Thumb Code   140  ble_advdata.o(i.service_data_encode)
    i.services_init                          0x0001bef0   Section        0  main.o(i.services_init)
    services_init                            0x0001bef1   Thumb Code    46  main.o(i.services_init)
    i.sleep_mode_enter                       0x0001bf28   Section        0  main.o(i.sleep_mode_enter)
    sleep_mode_enter                         0x0001bf29   Thumb Code    94  main.o(i.sleep_mode_enter)
    i.softdevice_assertion_handler           0x0001bf86   Section        0  softdevice_handler.o(i.softdevice_assertion_handler)
    i.softdevice_ble_evt_handler_set         0x0001bf98   Section        0  softdevice_handler.o(i.softdevice_ble_evt_handler_set)
    i.softdevice_handler_init                0x0001bfb0   Section        0  softdevice_handler.o(i.softdevice_handler_init)
    i.srdata_check                           0x0001c018   Section        0  ble_advdata.o(i.srdata_check)
    srdata_check                             0x0001c019   Thumb Code    16  ble_advdata.o(i.srdata_check)
    i.startup_event_extract                  0x0001c028   Section        0  bsp_btn_ble.o(i.startup_event_extract)
    startup_event_extract                    0x0001c029   Thumb Code    84  bsp_btn_ble.o(i.startup_event_extract)
    i.ticks_diff_get                         0x0001c07c   Section        0  app_timer.o(i.ticks_diff_get)
    ticks_diff_get                           0x0001c07d   Thumb Code    10  app_timer.o(i.ticks_diff_get)
    i.timeout_handler_exec                   0x0001c088   Section        0  app_timer.o(i.timeout_handler_exec)
    timeout_handler_exec                     0x0001c089   Thumb Code    58  app_timer.o(i.timeout_handler_exec)
    i.timer_list_handler                     0x0001c0c8   Section        0  app_timer.o(i.timer_list_handler)
    timer_list_handler                       0x0001c0c9   Thumb Code    76  app_timer.o(i.timer_list_handler)
    i.timer_list_handler_sched               0x0001c120   Section        0  app_timer.o(i.timer_list_handler_sched)
    timer_list_handler_sched                 0x0001c121   Thumb Code    10  app_timer.o(i.timer_list_handler_sched)
    i.timer_list_insert                      0x0001c12c   Section        0  app_timer.o(i.timer_list_insert)
    timer_list_insert                        0x0001c12d   Thumb Code   212  app_timer.o(i.timer_list_insert)
    i.timer_list_remove                      0x0001c208   Section        0  app_timer.o(i.timer_list_remove)
    timer_list_remove                        0x0001c209   Thumb Code   184  app_timer.o(i.timer_list_remove)
    i.timer_start_op_schedule                0x0001c2d4   Section        0  app_timer.o(i.timer_start_op_schedule)
    timer_start_op_schedule                  0x0001c2d5   Thumb Code    80  app_timer.o(i.timer_start_op_schedule)
    i.timer_stop_op_schedule                 0x0001c328   Section        0  app_timer.o(i.timer_stop_op_schedule)
    timer_stop_op_schedule                   0x0001c329   Thumb Code    58  app_timer.o(i.timer_stop_op_schedule)
    i.timer_timeouts_check                   0x0001c368   Section        0  app_timer.o(i.timer_timeouts_check)
    timer_timeouts_check                     0x0001c369   Thumb Code   132  app_timer.o(i.timer_timeouts_check)
    i.timer_timeouts_check_sched             0x0001c404   Section        0  app_timer.o(i.timer_timeouts_check_sched)
    timer_timeouts_check_sched               0x0001c405   Thumb Code    10  app_timer.o(i.timer_timeouts_check_sched)
    i.tx_char_add                            0x0001c410   Section        0  ble_nus.o(i.tx_char_add)
    tx_char_add                              0x0001c411   Thumb Code   222  ble_nus.o(i.tx_char_add)
    i.tx_power_level_encode                  0x0001c4f4   Section        0  ble_advdata.o(i.tx_power_level_encode)
    tx_power_level_encode                    0x0001c4f5   Thumb Code    48  ble_advdata.o(i.tx_power_level_encode)
    i.uart_event_handle                      0x0001c524   Section        0  main.o(i.uart_event_handle)
    i.uart_init                              0x0001c5b4   Section        0  main.o(i.uart_init)
    uart_init                                0x0001c5b5   Thumb Code    86  main.o(i.uart_init)
    i.uart_no_flow_control_init              0x0001c61c   Section        0  app_uart_fifo.o(i.uart_no_flow_control_init)
    uart_no_flow_control_init                0x0001c61d   Thumb Code    50  app_uart_fifo.o(i.uart_no_flow_control_init)
    i.uart_standard_flow_control_init        0x0001c65c   Section        0  app_uart_fifo.o(i.uart_standard_flow_control_init)
    uart_standard_flow_control_init          0x0001c65d   Thumb Code    50  app_uart_fifo.o(i.uart_standard_flow_control_init)
    i.uint16_encode                          0x0001c69c   Section        0  ble_advdata.o(i.uint16_encode)
    uint16_encode                            0x0001c69d   Thumb Code    18  ble_advdata.o(i.uint16_encode)
    i.update_timeout_handler                 0x0001c6b0   Section        0  ble_conn_params.o(i.update_timeout_handler)
    update_timeout_handler                   0x0001c6b1   Thumb Code   136  ble_conn_params.o(i.update_timeout_handler)
    i.user_id_get                            0x0001c74c   Section        0  app_timer.o(i.user_id_get)
    user_id_get                              0x0001c74d   Thumb Code    34  app_timer.o(i.user_id_get)
    i.user_op_alloc                          0x0001c76e   Section        0  app_timer.o(i.user_op_alloc)
    user_op_alloc                            0x0001c76f   Thumb Code    44  app_timer.o(i.user_op_alloc)
    i.user_op_enque                          0x0001c79a   Section        0  app_timer.o(i.user_op_enque)
    user_op_enque                            0x0001c79b   Thumb Code     4  app_timer.o(i.user_op_enque)
    i.uuid_list_encode                       0x0001c79e   Section        0  ble_advdata.o(i.uuid_list_encode)
    uuid_list_encode                         0x0001c79f   Thumb Code    64  ble_advdata.o(i.uuid_list_encode)
    i.uuid_list_sized_encode                 0x0001c7de   Section        0  ble_advdata.o(i.uuid_list_sized_encode)
    uuid_list_sized_encode                   0x0001c7df   Thumb Code   196  ble_advdata.o(i.uuid_list_sized_encode)
    i.whitelist_has_entries                  0x0001c8a2   Section        0  ble_advertising.o(i.whitelist_has_entries)
    whitelist_has_entries                    0x0001c8a3   Thumb Code    22  ble_advertising.o(i.whitelist_has_entries)
    .constdata                               0x0001c8b8   Section       12  main.o(.constdata)
    .constdata                               0x0001c8c4   Section       48  bsp.o(.constdata)
    m_buttons_list                           0x0001c8c4   Data          16  bsp.o(.constdata)
    app_buttons                              0x0001c8d4   Data          32  bsp.o(.constdata)
    .constdata                               0x0001c8f4   Section       16  ble_nus.o(.constdata)
    .constdata                               0x0001c904   Section        8  app_uart_fifo.o(.constdata)
    .constdata                               0x0001c90c   Section        4  app_button.o(.constdata)
    .conststring                             0x0001c910   Section       69  ble_advertising.o(.conststring)
    .data                                    0x20002000   Section        7  main.o(.data)
    m_conn_handle                            0x20002000   Data           2  main.o(.data)
    m_adv_uuids                              0x20002002   Data           4  main.o(.data)
    index                                    0x20002006   Data           1  main.o(.data)
    .data                                    0x20002008   Section       33  bsp.o(.data)
    m_stable_state                           0x20002008   Data           1  bsp.o(.data)
    m_app_ticks_per_100ms                    0x2000200c   Data           4  bsp.o(.data)
    m_indication_type                        0x20002010   Data           4  bsp.o(.data)
    m_leds_timer_id                          0x20002014   Data           4  bsp.o(.data)
    m_alert_timer_id                         0x20002018   Data           4  bsp.o(.data)
    m_registered_callback                    0x2000201c   Data           4  bsp.o(.data)
    m_button_timer_id                        0x20002020   Data           4  bsp.o(.data)
    current_long_push_pin_no                 0x20002024   Data           1  bsp.o(.data)
    release_event_at_push                    0x20002025   Data           4  bsp.o(.data)
    .data                                    0x2000202c   Section        8  bsp_btn_ble.o(.data)
    m_error_handler                          0x2000202c   Data           4  bsp_btn_ble.o(.data)
    m_num_connections                        0x20002030   Data           4  bsp_btn_ble.o(.data)
    .data                                    0x20002034   Section        4  system_nrf51.o(.data)
    __tagsym$$used                           0x20002034   Number         0  system_nrf51.o(.data)
    .data                                    0x20002038   Section       32  ble_advertising.o(.data)
    m_advertising_start_pending              0x20002038   Data           1  ble_advertising.o(.data)
    m_peer_address                           0x20002039   Data           7  ble_advertising.o(.data)
    m_adv_evt                                0x20002040   Data           1  ble_advertising.o(.data)
    m_evt_handler                            0x20002044   Data           4  ble_advertising.o(.data)
    m_error_handler                          0x20002048   Data           4  ble_advertising.o(.data)
    m_adv_mode_current                       0x2000204c   Data           1  ble_advertising.o(.data)
    m_whitelist_temporarily_disabled         0x2000204d   Data           1  ble_advertising.o(.data)
    m_whitelist_reply_expected               0x2000204e   Data           1  ble_advertising.o(.data)
    m_peer_addr_reply_expected               0x2000204f   Data           1  ble_advertising.o(.data)
    m_slave_conn_int                         0x20002050   Data           4  ble_advertising.o(.data)
    m_tx_power_level                         0x20002054   Data           1  ble_advertising.o(.data)
    current_slave_link_conn_handle           0x20002056   Data           2  ble_advertising.o(.data)
    .data                                    0x20002058   Section       25  ble_conn_params.o(.data)
    m_preferred_conn_params                  0x20002058   Data           8  ble_conn_params.o(.data)
    m_update_count                           0x20002060   Data           1  ble_conn_params.o(.data)
    m_conn_handle                            0x20002062   Data           2  ble_conn_params.o(.data)
    m_current_conn_params                    0x20002064   Data           8  ble_conn_params.o(.data)
    m_conn_params_timer_id                   0x2000206c   Data           4  ble_conn_params.o(.data)
    m_change_param                           0x20002070   Data           1  ble_conn_params.o(.data)
    .data                                    0x20002074   Section        9  app_uart_fifo.o(.data)
    m_instance_counter                       0x20002074   Data           1  app_uart_fifo.o(.data)
    m_event_handler                          0x20002078   Data           4  app_uart_fifo.o(.data)
    m_current_state                          0x2000207c   Data           1  app_uart_fifo.o(.data)
    .data                                    0x20002080   Section       40  pstorage.o(.data)
    m_next_app_instance                      0x20002080   Data           2  pstorage.o(.data)
    m_next_page_addr                         0x20002084   Data           4  pstorage.o(.data)
    m_state                                  0x20002088   Data           1  pstorage.o(.data)
    m_swap_sub_state                         0x20002089   Data           1  pstorage.o(.data)
    m_head_word_size                         0x2000208c   Data           4  pstorage.o(.data)
    m_tail_word_size                         0x20002090   Data           4  pstorage.o(.data)
    m_current_page_id                        0x20002094   Data           4  pstorage.o(.data)
    m_num_of_command_retries                 0x20002098   Data           4  pstorage.o(.data)
    m_num_of_bytes_written                   0x2000209c   Data           4  pstorage.o(.data)
    m_app_data_size                          0x200020a0   Data           4  pstorage.o(.data)
    m_flags                                  0x200020a4   Data           4  pstorage.o(.data)
    .data                                    0x200020a8   Section       24  app_button.o(.data)
    mp_buttons                               0x200020a8   Data           4  app_button.o(.data)
    m_button_count                           0x200020ac   Data           1  app_button.o(.data)
    m_detection_delay                        0x200020b0   Data           4  app_button.o(.data)
    m_detection_delay_timer_id               0x200020b4   Data           4  app_button.o(.data)
    m_pin_state                              0x200020b8   Data           4  app_button.o(.data)
    m_pin_transition                         0x200020bc   Data           4  app_button.o(.data)
    .data                                    0x200020c0   Section       42  app_timer.o(.data)
    m_node_array_size                        0x200020c0   Data           1  app_timer.o(.data)
    mp_nodes                                 0x200020c4   Data           4  app_timer.o(.data)
    m_user_array_size                        0x200020c8   Data           1  app_timer.o(.data)
    mp_users                                 0x200020cc   Data           4  app_timer.o(.data)
    m_timer_id_head                          0x200020d0   Data           4  app_timer.o(.data)
    m_ticks_latest                           0x200020d4   Data           4  app_timer.o(.data)
    m_ticks_elapsed                          0x200020d8   Data           8  app_timer.o(.data)
    m_ticks_elapsed_q_read_ind               0x200020e0   Data           1  app_timer.o(.data)
    m_ticks_elapsed_q_write_ind              0x200020e1   Data           1  app_timer.o(.data)
    m_evt_schedule_func                      0x200020e4   Data           4  app_timer.o(.data)
    m_rtc1_running                           0x200020e8   Data           1  app_timer.o(.data)
    m_rtc1_reset                             0x200020e9   Data           1  app_timer.o(.data)
    .data                                    0x200020ec   Section        8  retarget.o(.data)
    .data                                    0x200020f4   Section       24  softdevice_handler.o(.data)
    m_evt_schedule_func                      0x200020f4   Data           4  softdevice_handler.o(.data)
    m_softdevice_enabled                     0x200020f8   Data           1  softdevice_handler.o(.data)
    mp_ble_evt_buffer                        0x200020fc   Data           4  softdevice_handler.o(.data)
    m_ble_evt_buffer_size                    0x20002100   Data           2  softdevice_handler.o(.data)
    m_ble_evt_handler                        0x20002104   Data           4  softdevice_handler.o(.data)
    m_sys_evt_handler                        0x20002108   Data           4  softdevice_handler.o(.data)
    .bss                                     0x2000210c   Section     1288  main.o(.bss)
    m_nus                                    0x2000210c   Data          28  main.o(.bss)
    BLE_EVT_BUFFER                           0x20002128   Data          72  main.o(.bss)
    data_array                               0x20002170   Data          20  main.o(.bss)
    rx_buf                                   0x20002184   Data         256  main.o(.bss)
    tx_buf                                   0x20002284   Data         256  main.o(.bss)
    APP_TIMER_BUF                            0x20002384   Data         656  main.o(.bss)
    .bss                                     0x20002614   Section       12  bsp.o(.bss)
    m_events_list                            0x20002614   Data          12  bsp.o(.bss)
    .bss                                     0x20002620   Section      251  ble_advertising.o(.bss)
    m_advdata                                0x20002620   Data          48  ble_advertising.o(.bss)
    m_adv_modes_config                       0x20002650   Data          36  ble_advertising.o(.bss)
    m_whitelist                              0x20002674   Data          16  ble_advertising.o(.bss)
    mp_whitelist_addr                        0x20002684   Data          32  ble_advertising.o(.bss)
    mp_whitelist_irk                         0x200026a4   Data          32  ble_advertising.o(.bss)
    m_manuf_specific_data                    0x200026c4   Data          12  ble_advertising.o(.bss)
    m_manuf_data_array                       0x200026d0   Data          31  ble_advertising.o(.bss)
    m_service_data                           0x200026f0   Data          12  ble_advertising.o(.bss)
    m_service_data_array                     0x200026fc   Data          31  ble_advertising.o(.bss)
    .bss                                     0x2000271c   Section       28  ble_conn_params.o(.bss)
    m_conn_params_config                     0x2000271c   Data          28  ble_conn_params.o(.bss)
    .bss                                     0x20002738   Section       32  app_uart_fifo.o(.bss)
    m_rx_fifo                                0x20002738   Data          16  app_uart_fifo.o(.bss)
    m_tx_fifo                                0x20002748   Data          16  app_uart_fifo.o(.bss)
    .bss                                     0x20002758   Section       80  nrf_drv_gpiote.o(.bss)
    m_cb                                     0x20002758   Data          80  nrf_drv_gpiote.o(.bss)
    .bss                                     0x200027a8   Section      216  pstorage.o(.bss)
    m_cmd_queue                              0x200027a8   Data         204  pstorage.o(.bss)
    m_app_table                              0x20002874   Data          12  pstorage.o(.bss)
    STACK                                    0x20002880   Section     2048  arm_startup_nrf51.o(STACK)

    Global Symbols

    Symbol Name                              Value     Ov Type        Size  Object(Section)

    BuildAttributes$$THM_ISAv3M$S$PE$A:L22$X:L11$S22$IEEE1$IW$USESV6$~STKCKD$USESV7$~SHL$OSPACE$ROPI$EBA8$MICROLIB$REQ8$PRES8$EABIv2 0x00000000   Number         0  anon$$obj.o ABSOLUTE
    __ARM_use_no_argv                        0x00000000   Number         0  main.o ABSOLUTE
    _printf_a                                0x00000000   Number         0  stubs.o ABSOLUTE
    _printf_c                                0x00000000   Number         0  stubs.o ABSOLUTE
    _printf_charcount                        0x00000000   Number         0  stubs.o ABSOLUTE
    _printf_d                                0x00000000   Number         0  stubs.o ABSOLUTE
    _printf_e                                0x00000000   Number         0  stubs.o ABSOLUTE
    _printf_f                                0x00000000   Number         0  stubs.o ABSOLUTE
    _printf_flags                            0x00000000   Number         0  stubs.o ABSOLUTE
    _printf_fp_dec                           0x00000000   Number         0  stubs.o ABSOLUTE
    _printf_fp_hex                           0x00000000   Number         0  stubs.o ABSOLUTE
    _printf_g                                0x00000000   Number         0  stubs.o ABSOLUTE
    _printf_i                                0x00000000   Number         0  stubs.o ABSOLUTE
    _printf_int_dec                          0x00000000   Number         0  stubs.o ABSOLUTE
    _printf_l                                0x00000000   Number         0  stubs.o ABSOLUTE
    _printf_lc                               0x00000000   Number         0  stubs.o ABSOLUTE
    _printf_ll                               0x00000000   Number         0  stubs.o ABSOLUTE
    _printf_lld                              0x00000000   Number         0  stubs.o ABSOLUTE
    _printf_lli                              0x00000000   Number         0  stubs.o ABSOLUTE
    _printf_llo                              0x00000000   Number         0  stubs.o ABSOLUTE
    _printf_llu                              0x00000000   Number         0  stubs.o ABSOLUTE
    _printf_llx                              0x00000000   Number         0  stubs.o ABSOLUTE
    _printf_longlong_dec                     0x00000000   Number         0  stubs.o ABSOLUTE
    _printf_longlong_hex                     0x00000000   Number         0  stubs.o ABSOLUTE
    _printf_longlong_oct                     0x00000000   Number         0  stubs.o ABSOLUTE
    _printf_ls                               0x00000000   Number         0  stubs.o ABSOLUTE
    _printf_mbtowc                           0x00000000   Number         0  stubs.o ABSOLUTE
    _printf_n                                0x00000000   Number         0  stubs.o ABSOLUTE
    _printf_o                                0x00000000   Number         0  stubs.o ABSOLUTE
    _printf_p                                0x00000000   Number         0  stubs.o ABSOLUTE
    _printf_percent                          0x00000000   Number         0  stubs.o ABSOLUTE
    _printf_pre_padding                      0x00000000   Number         0  stubs.o ABSOLUTE
    _printf_return_value                     0x00000000   Number         0  stubs.o ABSOLUTE
    _printf_s                                0x00000000   Number         0  stubs.o ABSOLUTE
    _printf_sizespec                         0x00000000   Number         0  stubs.o ABSOLUTE
    _printf_str                              0x00000000   Number         0  stubs.o ABSOLUTE
    _printf_truncate_signed                  0x00000000   Number         0  stubs.o ABSOLUTE
    _printf_truncate_unsigned                0x00000000   Number         0  stubs.o ABSOLUTE
    _printf_u                                0x00000000   Number         0  stubs.o ABSOLUTE
    _printf_wc                               0x00000000   Number         0  stubs.o ABSOLUTE
    _printf_wctomb                           0x00000000   Number         0  stubs.o ABSOLUTE
    _printf_widthprec                        0x00000000   Number         0  stubs.o ABSOLUTE
    _printf_x                                0x00000000   Number         0  stubs.o ABSOLUTE
    __cpp_initialize__aeabi_                  - Undefined Weak Reference
    __cxa_finalize                            - Undefined Weak Reference
    __decompress                              - Undefined Weak Reference
    _clock_init                               - Undefined Weak Reference
    _microlib_exit                            - Undefined Weak Reference
    __Vectors_Size                           0x000000c0   Number         0  arm_startup_nrf51.o ABSOLUTE
    __Vectors                                0x00018000   Data           4  arm_startup_nrf51.o(RESET)
    __Vectors_End                            0x000180c0   Data           0  arm_startup_nrf51.o(RESET)
    __main                                   0x000180c1   Thumb Code     0  entry.o(.ARM.Collect$$$$00000000)
    _main_stk                                0x000180c1   Thumb Code     0  entry2.o(.ARM.Collect$$$$00000001)
    _main_scatterload                        0x000180c5   Thumb Code     0  entry5.o(.ARM.Collect$$$$00000004)
    __main_after_scatterload                 0x000180c9   Thumb Code     0  entry5.o(.ARM.Collect$$$$00000004)
    _main_clock                              0x000180c9   Thumb Code     0  entry7b.o(.ARM.Collect$$$$00000008)
    _main_cpp_init                           0x000180c9   Thumb Code     0  entry8b.o(.ARM.Collect$$$$0000000A)
    _main_init                               0x000180c9   Thumb Code     0  entry9a.o(.ARM.Collect$$$$0000000B)
    __rt_final_cpp                           0x000180d1   Thumb Code     0  entry10a.o(.ARM.Collect$$$$0000000D)
    __rt_final_exit                          0x000180d1   Thumb Code     0  entry11a.o(.ARM.Collect$$$$0000000F)
    __asm___11_app_timer_c_cd27f9c3__nrf_delay_us 0x000180d5   Thumb Code    30  app_timer.o(.emb_text)
    Reset_Handler                            0x000180f5   Thumb Code    26  arm_startup_nrf51.o(.text)
    NMI_Handler                              0x0001810f   Thumb Code     2  arm_startup_nrf51.o(.text)
    HardFault_Handler                        0x00018111   Thumb Code     2  arm_startup_nrf51.o(.text)
    SVC_Handler                              0x00018113   Thumb Code     2  arm_startup_nrf51.o(.text)
    PendSV_Handler                           0x00018115   Thumb Code     2  arm_startup_nrf51.o(.text)
    SysTick_Handler                          0x00018117   Thumb Code     2  arm_startup_nrf51.o(.text)
    ADC_IRQHandler                           0x00018119   Thumb Code     0  arm_startup_nrf51.o(.text)
    CCM_AAR_IRQHandler                       0x00018119   Thumb Code     0  arm_startup_nrf51.o(.text)
    ECB_IRQHandler                           0x00018119   Thumb Code     0  arm_startup_nrf51.o(.text)
    LPCOMP_IRQHandler                        0x00018119   Thumb Code     0  arm_startup_nrf51.o(.text)
    POWER_CLOCK_IRQHandler                   0x00018119   Thumb Code     0  arm_startup_nrf51.o(.text)
    QDEC_IRQHandler                          0x00018119   Thumb Code     0  arm_startup_nrf51.o(.text)
    RADIO_IRQHandler                         0x00018119   Thumb Code     0  arm_startup_nrf51.o(.text)
    RNG_IRQHandler                           0x00018119   Thumb Code     0  arm_startup_nrf51.o(.text)
    RTC0_IRQHandler                          0x00018119   Thumb Code     0  arm_startup_nrf51.o(.text)
    SPI0_TWI0_IRQHandler                     0x00018119   Thumb Code     0  arm_startup_nrf51.o(.text)
    SPI1_TWI1_IRQHandler                     0x00018119   Thumb Code     0  arm_startup_nrf51.o(.text)
    SWI1_IRQHandler                          0x00018119   Thumb Code     0  arm_startup_nrf51.o(.text)
    SWI3_IRQHandler                          0x00018119   Thumb Code     0  arm_startup_nrf51.o(.text)
    SWI4_IRQHandler                          0x00018119   Thumb Code     0  arm_startup_nrf51.o(.text)
    SWI5_IRQHandler                          0x00018119   Thumb Code     0  arm_startup_nrf51.o(.text)
    TEMP_IRQHandler                          0x00018119   Thumb Code     0  arm_startup_nrf51.o(.text)
    TIMER0_IRQHandler                        0x00018119   Thumb Code     0  arm_startup_nrf51.o(.text)
    TIMER1_IRQHandler                        0x00018119   Thumb Code     0  arm_startup_nrf51.o(.text)
    TIMER2_IRQHandler                        0x00018119   Thumb Code     0  arm_startup_nrf51.o(.text)
    WDT_IRQHandler                           0x00018119   Thumb Code     0  arm_startup_nrf51.o(.text)
    __aeabi_uidiv                            0x0001812d   Thumb Code     0  uidiv.o(.text)
    __aeabi_uidivmod                         0x0001812d   Thumb Code    44  uidiv.o(.text)
    __aeabi_memcpy                           0x00018159   Thumb Code    36  memcpya.o(.text)
    __aeabi_memcpy4                          0x00018159   Thumb Code     0  memcpya.o(.text)
    __aeabi_memcpy8                          0x00018159   Thumb Code     0  memcpya.o(.text)
    __aeabi_memset                           0x0001817d   Thumb Code    14  memseta.o(.text)
    __aeabi_memset4                          0x0001817d   Thumb Code     0  memseta.o(.text)
    __aeabi_memset8                          0x0001817d   Thumb Code     0  memseta.o(.text)
    __aeabi_memclr                           0x0001818b   Thumb Code     4  memseta.o(.text)
    __aeabi_memclr4                          0x0001818b   Thumb Code     0  memseta.o(.text)
    __aeabi_memclr8                          0x0001818b   Thumb Code     0  memseta.o(.text)
    _memset$wrapper                          0x0001818f   Thumb Code    18  memseta.o(.text)
    __aeabi_uldivmod                         0x000181a1   Thumb Code    96  uldiv.o(.text)
    __scatterload                            0x00018201   Thumb Code    28  init.o(.text)
    __scatterload_rt2                        0x00018201   Thumb Code     0  init.o(.text)
    __aeabi_llsl                             0x00018225   Thumb Code    32  llshl.o(.text)
    _ll_shift_l                              0x00018225   Thumb Code     0  llshl.o(.text)
    __aeabi_llsr                             0x00018245   Thumb Code    34  llushr.o(.text)
    _ll_ushift_r                             0x00018245   Thumb Code     0  llushr.o(.text)
    GPIOTE_IRQHandler                        0x00018269   Thumb Code   378  nrf_drv_gpiote.o(i.GPIOTE_IRQHandler)
    RTC1_IRQHandler                          0x00018599   Thumb Code    34  app_timer.o(i.RTC1_IRQHandler)
    SWI0_IRQHandler                          0x000185c1   Thumb Code     8  app_timer.o(i.SWI0_IRQHandler)
    SWI2_IRQHandler                          0x000185c9   Thumb Code    50  softdevice_handler.o(i.SWI2_IRQHandler)
    SystemInit                               0x00018601   Thumb Code    38  system_nrf51.o(i.SystemInit)
    UART0_IRQHandler                         0x00018639   Thumb Code   142  app_uart_fifo.o(i.UART0_IRQHandler)
    __0printf$8                              0x000186d9   Thumb Code    24  printf8.o(i.__0printf$8)
    __1printf$8                              0x000186d9   Thumb Code     0  printf8.o(i.__0printf$8)
    __2printf                                0x000186d9   Thumb Code     0  printf8.o(i.__0printf$8)
    __ARM_common_switch8                     0x000186f9   Thumb Code    28  bsp.o(i.__ARM_common_switch8)
    __scatterload_copy                       0x00018715   Thumb Code    14  handlers.o(i.__scatterload_copy)
    __scatterload_null                       0x00018723   Thumb Code     2  handlers.o(i.__scatterload_null)
    __scatterload_zeroinit                   0x00018725   Thumb Code    14  handlers.o(i.__scatterload_zeroinit)
    action_tx_stop                           0x00018c19   Thumb Code    28  app_uart_fifo.o(i.action_tx_stop)
    app_button_enable                        0x00018ea5   Thumb Code    34  app_button.o(i.app_button_enable)
    app_button_init                          0x00018ed1   Thumb Code   128  app_button.o(i.app_button_init)
    app_error_handler                        0x00018f75   Thumb Code    22  app_error.o(i.app_error_handler)
    app_fifo_get                             0x00018f95   Thumb Code    42  app_fifo.o(i.app_fifo_get)
    app_fifo_init                            0x00018fbf   Thumb Code    42  app_fifo.o(i.app_fifo_init)
    app_fifo_put                             0x00018fe9   Thumb Code    42  app_fifo.o(i.app_fifo_put)
    app_timer_create                         0x00019015   Thumb Code   108  app_timer.o(i.app_timer_create)
    app_timer_init                           0x00019089   Thumb Code   204  app_timer.o(i.app_timer_init)
    app_timer_start                          0x00019179   Thumb Code    98  app_timer.o(i.app_timer_start)
    app_timer_stop                           0x000191e5   Thumb Code    60  app_timer.o(i.app_timer_stop)
    app_uart_get                             0x00019229   Thumb Code    14  app_uart_fifo.o(i.app_uart_get)
    app_uart_init                            0x0001923d   Thumb Code   400  app_uart_fifo.o(i.app_uart_init)
    app_uart_put                             0x000193f9   Thumb Code    24  app_uart_fifo.o(i.app_uart_put)
    ble_advdata_set                          0x0001945f   Thumb Code   122  ble_advdata.o(i.ble_advdata_set)
    ble_advertising_init                     0x000194d9   Thumb Code   322  ble_advertising.o(i.ble_advertising_init)
    ble_advertising_on_ble_evt               0x00019655   Thumb Code   262  ble_advertising.o(i.ble_advertising_on_ble_evt)
    ble_advertising_restart_without_whitelist 0x0001982d   Thumb Code    78  ble_advertising.o(i.ble_advertising_restart_without_whitelist)
    ble_advertising_start                    0x0001988d   Thumb Code   692  ble_advertising.o(i.ble_advertising_start)
    ble_conn_params_init                     0x00019c55   Thumb Code    90  ble_conn_params.o(i.ble_conn_params_init)
    ble_conn_params_on_ble_evt               0x00019ccd   Thumb Code    62  ble_conn_params.o(i.ble_conn_params_on_ble_evt)
    ble_nus_init                             0x00019d39   Thumb Code   128  ble_nus.o(i.ble_nus_init)
    ble_nus_on_ble_evt                       0x00019dc1   Thumb Code    70  ble_nus.o(i.ble_nus_on_ble_evt)
    ble_nus_string_send                      0x00019e09   Thumb Code    84  ble_nus.o(i.ble_nus_string_send)
    bsp_btn_ble_init                         0x00019ee1   Thumb Code    54  bsp_btn_ble.o(i.bsp_btn_ble_init)
    bsp_btn_ble_on_ble_evt                   0x00019f21   Thumb Code   122  bsp_btn_ble.o(i.bsp_btn_ble_on_ble_evt)
    bsp_btn_ble_sleep_mode_prepare           0x00019fa5   Thumb Code    30  bsp_btn_ble.o(i.bsp_btn_ble_sleep_mode_prepare)
    bsp_button_is_pressed                    0x0001a09d   Thumb Code    48  bsp.o(i.bsp_button_is_pressed)
    bsp_event_handler                        0x0001a0d5   Thumb Code   112  main.o(i.bsp_event_handler)
    bsp_event_to_button_action_assign        0x0001a149   Thumb Code    88  bsp.o(i.bsp_event_to_button_action_assign)
    bsp_indication_set                       0x0001a1a5   Thumb Code    30  bsp.o(i.bsp_indication_set)
    bsp_init                                 0x0001a1c9   Thumb Code   166  bsp.o(i.bsp_init)
    bsp_wakeup_buttons_set                   0x0001a789   Thumb Code    84  bsp.o(i.bsp_wakeup_buttons_set)
    fputc                                    0x0001ad85   Thumb Code    16  retarget.o(i.fputc)
    intern_softdevice_events_execute         0x0001aec1   Thumb Code   168  softdevice_handler.o(i.intern_softdevice_events_execute)
    main                                     0x0001b259   Thumb Code   116  main.o(i.main)
    nrf_drv_common_irq_enable                0x0001b3d1   Thumb Code    48  nrf_drv_common.o(i.nrf_drv_common_irq_enable)
    nrf_drv_gpiote_in_event_enable           0x0001b409   Thumb Code   186  nrf_drv_gpiote.o(i.nrf_drv_gpiote_in_event_enable)
    nrf_drv_gpiote_in_init                   0x0001b4d1   Thumb Code   226  nrf_drv_gpiote.o(i.nrf_drv_gpiote_in_init)
    nrf_drv_gpiote_in_is_set                 0x0001b5c5   Thumb Code    26  nrf_drv_gpiote.o(i.nrf_drv_gpiote_in_is_set)
    nrf_drv_gpiote_init                      0x0001b5e5   Thumb Code    76  nrf_drv_gpiote.o(i.nrf_drv_gpiote_init)
    nrf_drv_gpiote_is_init                   0x0001b635   Thumb Code    16  nrf_drv_gpiote.o(i.nrf_drv_gpiote_is_init)
    nrf_drv_gpiote_out_init                  0x0001b649   Thumb Code   226  nrf_drv_gpiote.o(i.nrf_drv_gpiote_out_init)
    pstorage_access_status_get               0x0001bc55   Thumb Code    40  pstorage.o(i.pstorage_access_status_get)
    softdevice_assertion_handler             0x0001bf87   Thumb Code    18  softdevice_handler.o(i.softdevice_assertion_handler)
    softdevice_ble_evt_handler_set           0x0001bf99   Thumb Code    18  softdevice_handler.o(i.softdevice_ble_evt_handler_set)
    softdevice_handler_init                  0x0001bfb1   Thumb Code    84  softdevice_handler.o(i.softdevice_handler_init)
    uart_event_handle                        0x0001c525   Thumb Code   130  main.o(i.uart_event_handle)
    Region$$Table$$Base                      0x0001c958   Number         0  anon$$obj.o(Region$$Table)
    Region$$Table$$Limit                     0x0001c978   Number         0  anon$$obj.o(Region$$Table)
    SystemCoreClock                          0x20002034   Data           4  system_nrf51.o(.data)
    __stdout                                 0x200020ec   Data           4  retarget.o(.data)
    __stdin                                  0x200020f0   Data           4  retarget.o(.data)
    __initial_sp                             0x20003080   Data           0  arm_startup_nrf51.o(STACK)



==============================================================================

Memory Map of the image

  Image Entry point : 0x000180c1

  Load Region LR_IROM1 (Base: 0x00018000, Size: 0x00004a84, Max: 0x00028000, ABSOLUTE)

    Execution Region ER_IROM1 (Base: 0x00018000, Size: 0x00004978, Max: 0x00028000, ABSOLUTE)

    Base Addr    Size         Type   Attr      Idx    E Section Name        Object

    0x00018000   0x000000c0   Data   RO          567    RESET               arm_startup_nrf51.o
    0x000180c0   0x00000000   Code   RO         2448  * .ARM.Collect$$$$00000000  mc_p.l(entry.o)
    0x000180c0   0x00000004   Code   RO         2730    .ARM.Collect$$$$00000001  mc_p.l(entry2.o)
    0x000180c4   0x00000004   Code   RO         2733    .ARM.Collect$$$$00000004  mc_p.l(entry5.o)
    0x000180c8   0x00000000   Code   RO         2735    .ARM.Collect$$$$00000008  mc_p.l(entry7b.o)
    0x000180c8   0x00000000   Code   RO         2737    .ARM.Collect$$$$0000000A  mc_p.l(entry8b.o)
    0x000180c8   0x00000008   Code   RO         2738    .ARM.Collect$$$$0000000B  mc_p.l(entry9a.o)
    0x000180d0   0x00000000   Code   RO         2740    .ARM.Collect$$$$0000000D  mc_p.l(entry10a.o)
    0x000180d0   0x00000000   Code   RO         2742    .ARM.Collect$$$$0000000F  mc_p.l(entry11a.o)
    0x000180d0   0x00000004   Code   RO         2731    .ARM.Collect$$$$00002712  mc_p.l(entry2.o)
    0x000180d4   0x0000001e   Code   RO         1821    .emb_text           app_timer.o
    0x000180f2   0x00000002   PAD
    0x000180f4   0x00000038   Code   RO          568    .text               arm_startup_nrf51.o
    0x0001812c   0x0000002c   Code   RO         2453    .text               mc_p.l(uidiv.o)
    0x00018158   0x00000024   Code   RO         2457    .text               mc_p.l(memcpya.o)
    0x0001817c   0x00000024   Code   RO         2459    .text               mc_p.l(memseta.o)
    0x000181a0   0x00000060   Code   RO         2744    .text               mc_p.l(uldiv.o)
    0x00018200   0x00000024   Code   RO         2757    .text               mc_p.l(init.o)
    0x00018224   0x00000020   Code   RO         2759    .text               mc_p.l(llshl.o)
    0x00018244   0x00000022   Code   RO         2761    .text               mc_p.l(llushr.o)
    0x00018266   0x00000002   PAD
    0x00018268   0x0000018c   Code   RO         1155    i.GPIOTE_IRQHandler  nrf_drv_gpiote.o
    0x000183f4   0x00000014   Code   RO         1822    i.NVIC_ClearPendingIRQ  app_timer.o
    0x00018408   0x00000014   Code   RO         1823    i.NVIC_EnableIRQ    app_timer.o
    0x0001841c   0x00000014   Code   RO         1824    i.NVIC_SetPendingIRQ  app_timer.o
    0x00018430   0x00000078   Code   RO          946    i.NVIC_SetPriority  app_uart_fifo.o
    0x000184a8   0x00000078   Code   RO         1124    i.NVIC_SetPriority  nrf_drv_common.o
    0x00018520   0x00000078   Code   RO         1825    i.NVIC_SetPriority  app_timer.o
    0x00018598   0x00000028   Code   RO         1826    i.RTC1_IRQHandler   app_timer.o
    0x000185c0   0x00000008   Code   RO         1827    i.SWI0_IRQHandler   app_timer.o
    0x000185c8   0x00000038   Code   RO         2125    i.SWI2_IRQHandler   softdevice_handler.o
    0x00018600   0x00000038   Code   RO          575    i.SystemInit        system_nrf51.o
    0x00018638   0x000000a0   Code   RO          947    i.UART0_IRQHandler  app_uart_fifo.o
    0x000186d8   0x00000020   Code   RO         2676    i.__0printf$8       mc_p.l(printf8.o)
    0x000186f8   0x0000001c   Code   RO          501    i.__ARM_common_switch8  bsp.o
    0x00018714   0x0000000e   Code   RO         2771    i.__scatterload_copy  mc_p.l(handlers.o)
    0x00018722   0x00000002   Code   RO         2772    i.__scatterload_null  mc_p.l(handlers.o)
    0x00018724   0x0000000e   Code   RO         2773    i.__scatterload_zeroinit  mc_p.l(handlers.o)
    0x00018732   0x00000002   PAD
    0x00018734   0x00000428   Code   RO         2683    i._printf_core      mc_p.l(printf8.o)
    0x00018b5c   0x00000020   Code   RO         2684    i._printf_post_padding  mc_p.l(printf8.o)
    0x00018b7c   0x0000002c   Code   RO         2685    i._printf_pre_padding  mc_p.l(printf8.o)
    0x00018ba8   0x0000001c   Code   RO          948    i.action_tx_ready   app_uart_fifo.o
    0x00018bc4   0x00000054   Code   RO          949    i.action_tx_send    app_uart_fifo.o
    0x00018c18   0x00000028   Code   RO          950    i.action_tx_stop    app_uart_fifo.o
    0x00018c40   0x00000024   Code   RO          951    i.action_uart_deactivate  app_uart_fifo.o
    0x00018c64   0x00000136   Code   RO          614    i.adv_data_encode   ble_advdata.o
    0x00018d9a   0x00000014   Code   RO          615    i.advdata_check     ble_advdata.o
    0x00018dae   0x0000005a   Code   RO          518    i.advertising_buttons_configure  bsp_btn_ble.o
    0x00018e08   0x00000078   Code   RO            3    i.advertising_init  main.o
    0x00018e80   0x00000024   Code   RO          409    i.alert_timer_handler  bsp.o
    0x00018ea4   0x0000002c   Code   RO         1710    i.app_button_enable  app_button.o
    0x00018ed0   0x000000a4   Code   RO         1711    i.app_button_init   app_button.o
    0x00018f74   0x00000020   Code   RO         1763    i.app_error_handler  app_error.o
    0x00018f94   0x0000002a   Code   RO         1785    i.app_fifo_get      app_fifo.o
    0x00018fbe   0x0000002a   Code   RO         1786    i.app_fifo_init     app_fifo.o
    0x00018fe8   0x0000002a   Code   RO         1787    i.app_fifo_put      app_fifo.o
    0x00019012   0x00000002   PAD
    0x00019014   0x00000074   Code   RO         1830    i.app_timer_create  app_timer.o
    0x00019088   0x000000f0   Code   RO         1831    i.app_timer_init    app_timer.o
    0x00019178   0x0000006c   Code   RO         1832    i.app_timer_start   app_timer.o
    0x000191e4   0x00000044   Code   RO         1833    i.app_timer_stop    app_timer.o
    0x00019228   0x00000014   Code   RO          954    i.app_uart_get      app_uart_fifo.o
    0x0001923c   0x000001bc   Code   RO          956    i.app_uart_init     app_uart_fifo.o
    0x000193f8   0x0000001c   Code   RO          957    i.app_uart_put      app_uart_fifo.o
    0x00019414   0x0000004a   Code   RO          616    i.appearance_encode  ble_advdata.o
    0x0001945e   0x0000007a   Code   RO          617    i.ble_advdata_set   ble_advdata.o
    0x000194d8   0x0000017c   Code   RO          702    i.ble_advertising_init  ble_advertising.o
    0x00019654   0x000001c8   Code   RO          703    i.ble_advertising_on_ble_evt  ble_advertising.o
    0x0001981c   0x00000010   Code   RO          706    i.ble_advertising_peer_address_clear  ble_advertising.o
    0x0001982c   0x00000060   Code   RO          707    i.ble_advertising_restart_without_whitelist  ble_advertising.o
    0x0001988c   0x000003c8   Code   RO          708    i.ble_advertising_start  ble_advertising.o
    0x00019c54   0x00000078   Code   RO          782    i.ble_conn_params_init  ble_conn_params.o
    0x00019ccc   0x0000003e   Code   RO          783    i.ble_conn_params_on_ble_evt  ble_conn_params.o
    0x00019d0a   0x00000002   PAD
    0x00019d0c   0x0000002c   Code   RO            5    i.ble_evt_dispatch  main.o
    0x00019d38   0x00000088   Code   RO          865    i.ble_nus_init      ble_nus.o
    0x00019dc0   0x00000046   Code   RO          866    i.ble_nus_on_ble_evt  ble_nus.o
    0x00019e06   0x00000002   PAD
    0x00019e08   0x00000058   Code   RO          867    i.ble_nus_string_send  ble_nus.o
    0x00019e60   0x00000080   Code   RO            6    i.ble_stack_init    main.o
    0x00019ee0   0x00000040   Code   RO          519    i.bsp_btn_ble_init  bsp_btn_ble.o
    0x00019f20   0x00000084   Code   RO          520    i.bsp_btn_ble_on_ble_evt  bsp_btn_ble.o
    0x00019fa4   0x0000001e   Code   RO          521    i.bsp_btn_ble_sleep_mode_prepare  bsp_btn_ble.o
    0x00019fc2   0x00000002   PAD
    0x00019fc4   0x000000d8   Code   RO          410    i.bsp_button_event_handler  bsp.o
    0x0001a09c   0x00000038   Code   RO          411    i.bsp_button_is_pressed  bsp.o
    0x0001a0d4   0x00000074   Code   RO            7    i.bsp_event_handler  main.o
    0x0001a148   0x0000005c   Code   RO          415    i.bsp_event_to_button_action_assign  bsp.o
    0x0001a1a4   0x00000024   Code   RO          416    i.bsp_indication_set  bsp.o
    0x0001a1c8   0x000000d4   Code   RO          418    i.bsp_init          bsp.o
    0x0001a29c   0x000004ec   Code   RO          419    i.bsp_led_indication  bsp.o
    0x0001a788   0x0000005c   Code   RO          420    i.bsp_wakeup_buttons_set  bsp.o
    0x0001a7e4   0x0000000e   Code   RO          421    i.button_timer_handler  bsp.o
    0x0001a7f2   0x00000002   PAD
    0x0001a7f4   0x00000064   Code   RO            8    i.buttons_leds_init  main.o
    0x0001a858   0x00000020   Code   RO         1156    i.channel_free      nrf_drv_gpiote.o
    0x0001a878   0x00000010   Code   RO         1157    i.channel_handler_get  nrf_drv_gpiote.o
    0x0001a888   0x0000007c   Code   RO         1158    i.channel_port_alloc  nrf_drv_gpiote.o
    0x0001a904   0x0000000c   Code   RO         1159    i.channel_port_get  nrf_drv_gpiote.o
    0x0001a910   0x00000090   Code   RO         1835    i.compare_reg_update  app_timer.o
    0x0001a9a0   0x0000005c   Code   RO          618    i.conn_int_check    ble_advdata.o
    0x0001a9fc   0x0000005c   Code   RO          619    i.conn_int_encode   ble_advdata.o
    0x0001aa58   0x00000014   Code   RO            9    i.conn_params_error_handler  main.o
    0x0001aa6c   0x0000005c   Code   RO           10    i.conn_params_init  main.o
    0x0001aac8   0x00000094   Code   RO          785    i.conn_params_negotiation  ble_conn_params.o
    0x0001ab5c   0x0000005a   Code   RO          522    i.connection_buttons_configure  bsp_btn_ble.o
    0x0001abb6   0x00000002   PAD
    0x0001abb8   0x0000005c   Code   RO         1836    i.current_int_priority_get  app_timer.o
    0x0001ac14   0x0000008c   Code   RO         1713    i.detection_delay_timeout_handler  app_button.o
    0x0001aca0   0x00000064   Code   RO         1837    i.elapsed_ticks_acquire  app_timer.o
    0x0001ad04   0x0000006c   Code   RO         1838    i.expired_timers_handler  app_timer.o
    0x0001ad70   0x0000000a   Code   RO          958    i.fifo_length       app_uart_fifo.o
    0x0001ad7a   0x0000000a   Code   RO         1788    i.fifo_length       app_fifo.o
    0x0001ad84   0x00000010   Code   RO         2093    i.fputc             retarget.o
    0x0001ad94   0x0000008c   Code   RO           11    i.gap_params_init   main.o
    0x0001ae20   0x00000080   Code   RO         1714    i.gpiote_event_handler  app_button.o
    0x0001aea0   0x00000020   Code   RO          959    i.gpiote_uart_event_handler  app_uart_fifo.o
    0x0001aec0   0x000000bc   Code   RO         2126    i.intern_softdevice_events_execute  softdevice_handler.o
    0x0001af7c   0x00000024   Code   RO          786    i.is_conn_params_ok  ble_conn_params.o
    0x0001afa0   0x00000038   Code   RO          576    i.is_disabled_in_debug_needed  system_nrf51.o
    0x0001afd8   0x0000006c   Code   RO          577    i.is_manual_peripheral_setup_needed  system_nrf51.o
    0x0001b044   0x00000024   Code   RO          422    i.leds_timer_handler  bsp.o
    0x0001b068   0x000000c0   Code   RO         1839    i.list_deletions_handler  app_timer.o
    0x0001b128   0x00000130   Code   RO         1840    i.list_insertions_handler  app_timer.o
    0x0001b258   0x00000078   Code   RO           12    i.main              main.o
    0x0001b2d0   0x0000006a   Code   RO          620    i.manuf_specific_data_encode  ble_advdata.o
    0x0001b33a   0x00000096   Code   RO          621    i.name_encode       ble_advdata.o
    0x0001b3d0   0x00000038   Code   RO         1125    i.nrf_drv_common_irq_enable  nrf_drv_common.o
    0x0001b408   0x000000c8   Code   RO         1162    i.nrf_drv_gpiote_in_event_enable  nrf_drv_gpiote.o
    0x0001b4d0   0x000000f4   Code   RO         1163    i.nrf_drv_gpiote_in_init  nrf_drv_gpiote.o
    0x0001b5c4   0x00000020   Code   RO         1164    i.nrf_drv_gpiote_in_is_set  nrf_drv_gpiote.o
    0x0001b5e4   0x00000050   Code   RO         1166    i.nrf_drv_gpiote_init  nrf_drv_gpiote.o
    0x0001b634   0x00000014   Code   RO         1167    i.nrf_drv_gpiote_is_init  nrf_drv_gpiote.o
    0x0001b648   0x000000f0   Code   RO         1169    i.nrf_drv_gpiote_out_init  nrf_drv_gpiote.o
    0x0001b738   0x00000046   Code   RO         1180    i.nrf_gpio_cfg_sense_set  nrf_drv_gpiote.o
    0x0001b77e   0x00000002   PAD
    0x0001b780   0x00000010   Code   RO         1181    i.nrf_gpio_pin_clear  nrf_drv_gpiote.o
    0x0001b790   0x00000010   Code   RO         1182    i.nrf_gpio_pin_set  nrf_drv_gpiote.o
    0x0001b7a0   0x0000000c   Code   RO         1183    i.nrf_gpiote_event_addr_get  nrf_drv_gpiote.o
    0x0001b7ac   0x00000010   Code   RO         1184    i.nrf_gpiote_event_clear  nrf_drv_gpiote.o
    0x0001b7bc   0x00000016   Code   RO         1185    i.nrf_gpiote_event_is_set  nrf_drv_gpiote.o
    0x0001b7d2   0x00000002   PAD
    0x0001b7d4   0x0000000c   Code   RO         1186    i.nrf_gpiote_int_enable  nrf_drv_gpiote.o
    0x0001b7e0   0x00000020   Code   RO           13    i.nus_data_handler  main.o
    0x0001b800   0x0000003a   Code   RO           14    i.on_adv_evt        main.o
    0x0001b83a   0x00000002   PAD
    0x0001b83c   0x000000c4   Code   RO           15    i.on_ble_evt        main.o
    0x0001b900   0x00000060   Code   RO           16    i.on_conn_params_evt  main.o
    0x0001b960   0x00000018   Code   RO          787    i.on_conn_params_update  ble_conn_params.o
    0x0001b978   0x0000003c   Code   RO          788    i.on_connect        ble_conn_params.o
    0x0001b9b4   0x00000006   Code   RO          868    i.on_connect        ble_nus.o
    0x0001b9ba   0x00000002   PAD
    0x0001b9bc   0x00000028   Code   RO          960    i.on_cts_high       app_uart_fifo.o
    0x0001b9e4   0x00000054   Code   RO          961    i.on_cts_low        app_uart_fifo.o
    0x0001ba38   0x00000044   Code   RO          789    i.on_disconnect     ble_conn_params.o
    0x0001ba7c   0x00000008   Code   RO          869    i.on_disconnect     ble_nus.o
    0x0001ba84   0x0000002c   Code   RO          962    i.on_tx_ready       app_uart_fifo.o
    0x0001bab0   0x00000008   Code   RO          963    i.on_uart_close     app_uart_fifo.o
    0x0001bab8   0x00000036   Code   RO          964    i.on_uart_event     app_uart_fifo.o
    0x0001baee   0x00000002   PAD
    0x0001baf0   0x00000014   Code   RO          965    i.on_uart_put       app_uart_fifo.o
    0x0001bb04   0x0000005c   Code   RO          790    i.on_write          ble_conn_params.o
    0x0001bb60   0x00000054   Code   RO          870    i.on_write          ble_nus.o
    0x0001bbb4   0x0000001a   Code   RO          710    i.peer_address_exists  ble_advertising.o
    0x0001bbce   0x00000002   PAD
    0x0001bbd0   0x0000001c   Code   RO         1187    i.pin_in_use_by_gpiote  nrf_drv_gpiote.o
    0x0001bbec   0x00000018   Code   RO         1188    i.pin_in_use_by_port  nrf_drv_gpiote.o
    0x0001bc04   0x00000020   Code   RO         1189    i.pin_in_use_by_te  nrf_drv_gpiote.o
    0x0001bc24   0x00000010   Code   RO         1190    i.pin_in_use_clear  nrf_drv_gpiote.o
    0x0001bc34   0x00000020   Code   RO           17    i.power_manage      main.o
    0x0001bc54   0x00000030   Code   RO         1404    i.pstorage_access_status_get  pstorage.o
    0x0001bc84   0x0000000c   Code   RO         1841    i.rtc1_counter_get  app_timer.o
    0x0001bc90   0x00000018   Code   RO         1842    i.rtc1_init         app_timer.o
    0x0001bca8   0x0000003c   Code   RO         1843    i.rtc1_start        app_timer.o
    0x0001bce4   0x00000058   Code   RO         1844    i.rtc1_stop         app_timer.o
    0x0001bd3c   0x00000128   Code   RO          871    i.rx_char_add       ble_nus.o
    0x0001be64   0x0000008c   Code   RO          622    i.service_data_encode  ble_advdata.o
    0x0001bef0   0x00000038   Code   RO           18    i.services_init     main.o
    0x0001bf28   0x0000005e   Code   RO           19    i.sleep_mode_enter  main.o
    0x0001bf86   0x00000012   Code   RO         2127    i.softdevice_assertion_handler  softdevice_handler.o
    0x0001bf98   0x00000018   Code   RO         2128    i.softdevice_ble_evt_handler_set  softdevice_handler.o
    0x0001bfb0   0x00000068   Code   RO         2129    i.softdevice_handler_init  softdevice_handler.o
    0x0001c018   0x00000010   Code   RO          623    i.srdata_check      ble_advdata.o
    0x0001c028   0x00000054   Code   RO          523    i.startup_event_extract  bsp_btn_ble.o
    0x0001c07c   0x0000000a   Code   RO         1845    i.ticks_diff_get    app_timer.o
    0x0001c086   0x00000002   PAD
    0x0001c088   0x00000040   Code   RO         1846    i.timeout_handler_exec  app_timer.o
    0x0001c0c8   0x00000058   Code   RO         1847    i.timer_list_handler  app_timer.o
    0x0001c120   0x0000000a   Code   RO         1848    i.timer_list_handler_sched  app_timer.o
    0x0001c12a   0x00000002   PAD
    0x0001c12c   0x000000dc   Code   RO         1849    i.timer_list_insert  app_timer.o
    0x0001c208   0x000000cc   Code   RO         1850    i.timer_list_remove  app_timer.o
    0x0001c2d4   0x00000054   Code   RO         1851    i.timer_start_op_schedule  app_timer.o
    0x0001c328   0x00000040   Code   RO         1853    i.timer_stop_op_schedule  app_timer.o
    0x0001c368   0x0000009c   Code   RO         1854    i.timer_timeouts_check  app_timer.o
    0x0001c404   0x0000000a   Code   RO         1855    i.timer_timeouts_check_sched  app_timer.o
    0x0001c40e   0x00000002   PAD
    0x0001c410   0x000000e4   Code   RO          872    i.tx_char_add       ble_nus.o
    0x0001c4f4   0x00000030   Code   RO          624    i.tx_power_level_encode  ble_advdata.o
    0x0001c524   0x00000090   Code   RO           21    i.uart_event_handle  main.o
    0x0001c5b4   0x00000068   Code   RO           22    i.uart_init         main.o
    0x0001c61c   0x00000040   Code   RO          966    i.uart_no_flow_control_init  app_uart_fifo.o
    0x0001c65c   0x00000040   Code   RO          967    i.uart_standard_flow_control_init  app_uart_fifo.o
    0x0001c69c   0x00000012   Code   RO          625    i.uint16_encode     ble_advdata.o
    0x0001c6ae   0x00000002   PAD
    0x0001c6b0   0x0000009c   Code   RO          791    i.update_timeout_handler  ble_conn_params.o
    0x0001c74c   0x00000022   Code   RO         1856    i.user_id_get       app_timer.o
    0x0001c76e   0x0000002c   Code   RO         1857    i.user_op_alloc     app_timer.o
    0x0001c79a   0x00000004   Code   RO         1858    i.user_op_enque     app_timer.o
    0x0001c79e   0x00000040   Code   RO          626    i.uuid_list_encode  ble_advdata.o
    0x0001c7de   0x000000c4   Code   RO          627    i.uuid_list_sized_encode  ble_advdata.o
    0x0001c8a2   0x00000016   Code   RO          711    i.whitelist_has_entries  ble_advertising.o
    0x0001c8b8   0x0000000c   Data   RO           24    .constdata          main.o
    0x0001c8c4   0x00000030   Data   RO          424    .constdata          bsp.o
    0x0001c8f4   0x00000010   Data   RO          873    .constdata          ble_nus.o
    0x0001c904   0x00000008   Data   RO          969    .constdata          app_uart_fifo.o
    0x0001c90c   0x00000004   Data   RO         1715    .constdata          app_button.o
    0x0001c910   0x00000045   Data   RO          713    .conststring        ble_advertising.o
    0x0001c955   0x00000003   PAD
    0x0001c958   0x00000020   Data   RO         2769    Region$$Table       anon$$obj.o


    Execution Region RW_IRAM1 (Base: 0x20002000, Size: 0x00001080, Max: 0x00006000, ABSOLUTE)

    Base Addr    Size         Type   Attr      Idx    E Section Name        Object

    0x20002000   0x00000007   Data   RW           25    .data               main.o
    0x20002007   0x00000001   PAD
    0x20002008   0x00000021   Data   RW          425    .data               bsp.o
    0x20002029   0x00000003   PAD
    0x2000202c   0x00000008   Data   RW          524    .data               bsp_btn_ble.o
    0x20002034   0x00000004   Data   RW          578    .data               system_nrf51.o
    0x20002038   0x00000020   Data   RW          714    .data               ble_advertising.o
    0x20002058   0x00000019   Data   RW          793    .data               ble_conn_params.o
    0x20002071   0x00000003   PAD
    0x20002074   0x00000009   Data   RW          970    .data               app_uart_fifo.o
    0x2000207d   0x00000003   PAD
    0x20002080   0x00000028   Data   RW         1440    .data               pstorage.o
    0x200020a8   0x00000018   Data   RW         1716    .data               app_button.o
    0x200020c0   0x0000002a   Data   RW         1859    .data               app_timer.o
    0x200020ea   0x00000002   PAD
    0x200020ec   0x00000008   Data   RW         2094    .data               retarget.o
    0x200020f4   0x00000018   Data   RW         2132    .data               softdevice_handler.o
    0x2000210c   0x00000508   Zero   RW           23    .bss                main.o
    0x20002614   0x0000000c   Zero   RW          423    .bss                bsp.o
    0x20002620   0x000000fb   Zero   RW          712    .bss                ble_advertising.o
    0x2000271b   0x00000001   PAD
    0x2000271c   0x0000001c   Zero   RW          792    .bss                ble_conn_params.o
    0x20002738   0x00000020   Zero   RW          968    .bss                app_uart_fifo.o
    0x20002758   0x00000050   Zero   RW         1191    .bss                nrf_drv_gpiote.o
    0x200027a8   0x000000d8   Zero   RW         1438    .bss                pstorage.o
    0x20002880   0x00000800   Zero   RW          565    STACK               arm_startup_nrf51.o


==============================================================================

Image component sizes


      Code (inc. data)   RO Data    RW Data    ZI Data      Debug   Object Name

       476         78          4         24          0       4534   app_button.o
        32         10          0          0          0       7012   app_error.o
       136          0          0          0          0       3410   app_fifo.o
      2906        320          0         42          0      35051   app_timer.o
      1380        200          8          9         32      25034   app_uart_fifo.o
        56         18        192          0       2048        744   arm_startup_nrf51.o
         0          0          0          0          0       8432   at_cmd.o
      1448          4          0          0          0      15690   ble_advdata.o
      1964        550         69         32        251       8140   ble_advertising.o
       766        126          0         25         28      15980   ble_conn_params.o
       916         22         16          0          0       7494   ble_nus.o
      2078        172         48         33         12      10857   bsp.o
       490         20          0          8          0       5893   bsp_btn_ble.o
      1692        156         12          7       1288      91283   main.o
       176         18          0          0          0       2264   nrf_drv_common.o
      1660        144          0          0         80      26058   nrf_drv_gpiote.o
        48          8          0         40        216       7721   pstorage.o
        16          0          0          8          0       2910   retarget.o
       390         52          0         24          0       5891   softdevice_handler.o
       220         26          0          4          0       2123   system_nrf51.o

    ----------------------------------------------------------------------
     16884       1924        384        268       3956     286521   Object Totals
         0          0         32          0          0          0   (incl. Generated)
        34          0          3         12          1          0   (incl. Padding)

    ----------------------------------------------------------------------

      Code (inc. data)   RO Data    RW Data    ZI Data      Debug   Library Member Name

         0          0          0          0          0          0   entry.o
         0          0          0          0          0          0   entry10a.o
         0          0          0          0          0          0   entry11a.o
         8          4          0          0          0          0   entry2.o
         4          0          0          0          0          0   entry5.o
         0          0          0          0          0          0   entry7b.o
         0          0          0          0          0          0   entry8b.o
         8          4          0          0          0          0   entry9a.o
        30          0          0          0          0          0   handlers.o
        36          8          0          0          0         68   init.o
        32          0          0          0          0         68   llshl.o
        34          0          0          0          0         68   llushr.o
        36          0          0          0          0         60   memcpya.o
        36          0          0          0          0        100   memseta.o
      1172         52          0          0          0        324   printf8.o
        44          0          0          0          0         72   uidiv.o
        96          0          0          0          0         84   uldiv.o

    ----------------------------------------------------------------------
      1540         68          0          0          0        844   Library Totals
         4          0          0          0          0          0   (incl. Padding)

    ----------------------------------------------------------------------

      Code (inc. data)   RO Data    RW Data    ZI Data      Debug   Library Name

      1536         68          0          0          0        844   mc_p.l

    ----------------------------------------------------------------------
      1540         68          0          0          0        844   Library Totals

    ----------------------------------------------------------------------

==============================================================================


      Code (inc. data)   RO Data    RW Data    ZI Data      Debug   

     18424       1992        384        268       3956     279853   Grand Totals
     18424       1992        384        268       3956     279853   ELF Image Totals
     18424       1992        384        268          0          0   ROM Totals

==============================================================================

    Total RO  Size (Code + RO Data)                18808 (  18.37kB)
    Total RW  Size (RW Data + ZI Data)              4224 (   4.13kB)
    Total ROM Size (Code + RO Data + RW Data)      19076 (  18.63kB)

==============================================================================

