Component: ARM Compiler 5.06 update 3 (build 300) Tool: armlink [4d35c9]

==============================================================================

Section Cross References

    main.o(i.main) refers to ble_dtm.o(i.dtm_init) for dtm_init
    main.o(i.main) refers to ble_dtm.o(i.dtm_wait) for dtm_wait
    main.o(i.main) refers to ble_dtm.o(i.dtm_cmd) for dtm_cmd
    main.o(i.main) refers to ble_dtm.o(i.dtm_event_get) for dtm_event_get
    arm_startup_nrf51.o(RESET) refers to arm_startup_nrf51.o(STACK) for __initial_sp
    arm_startup_nrf51.o(RESET) refers to arm_startup_nrf51.o(.text) for Reset_Handler
    arm_startup_nrf51.o(.text) refers to system_nrf51.o(i.SystemInit) for SystemInit
    arm_startup_nrf51.o(.text) refers to entry.o(.ARM.Collect$$$$00000000) for __main
    system_nrf51.o(i.SystemCoreClockUpdate) refers to system_nrf51.o(.data) for .data
    system_nrf51.o(i.SystemInit) refers to system_nrf51.o(i.is_manual_peripheral_setup_needed) for is_manual_peripheral_setup_needed
    ble_dtm.o(i.check_pdu) refers to memcmp.o(.text) for memcmp
    ble_dtm.o(i.check_pdu) refers to ble_dtm.o(.bss) for .bss
    ble_dtm.o(i.check_pdu) refers to ble_dtm.o(.constdata) for .constdata
    ble_dtm.o(i.dtm_cmd) refers to ble_dtm.o(i.dtm_test_done) for dtm_test_done
    ble_dtm.o(i.dtm_cmd) refers to memseta.o(.text) for __aeabi_memclr
    ble_dtm.o(i.dtm_cmd) refers to ble_dtm.o(i.radio_prepare) for radio_prepare
    ble_dtm.o(i.dtm_cmd) refers to memcpya.o(.text) for __aeabi_memcpy
    ble_dtm.o(i.dtm_cmd) refers to ble_dtm.o(i.dtm_set_txpower) for dtm_set_txpower
    ble_dtm.o(i.dtm_cmd) refers to ble_dtm.o(i.dtm_set_timer) for dtm_set_timer
    ble_dtm.o(i.dtm_cmd) refers to ble_dtm.o(.data) for .data
    ble_dtm.o(i.dtm_cmd) refers to ble_dtm.o(.bss) for .bss
    ble_dtm.o(i.dtm_cmd) refers to ble_dtm.o(.constdata) for .constdata
    ble_dtm.o(i.dtm_event_get) refers to ble_dtm.o(.data) for .data
    ble_dtm.o(i.dtm_init) refers to ble_dtm.o(i.timer_init) for timer_init
    ble_dtm.o(i.dtm_init) refers to ble_dtm.o(i.radio_init) for radio_init
    ble_dtm.o(i.dtm_init) refers to ble_dtm.o(.data) for .data
    ble_dtm.o(i.dtm_set_timer) refers to ble_dtm.o(.data) for .data
    ble_dtm.o(i.dtm_set_txpower) refers to ble_dtm.o(.data) for .data
    ble_dtm.o(i.dtm_test_done) refers to ble_dtm.o(i.radio_reset) for radio_reset
    ble_dtm.o(i.dtm_test_done) refers to ble_dtm.o(.data) for .data
    ble_dtm.o(i.dtm_wait) refers to ble_dtm.o(i.check_pdu) for check_pdu
    ble_dtm.o(i.dtm_wait) refers to memseta.o(.text) for __aeabi_memclr
    ble_dtm.o(i.dtm_wait) refers to ble_dtm.o(.data) for .data
    ble_dtm.o(i.dtm_wait) refers to ble_dtm.o(.bss) for .bss
    ble_dtm.o(i.radio_init) refers to ble_dtm.o(i.radio_reset) for radio_reset
    ble_dtm.o(i.radio_init) refers to ble_dtm.o(.data) for .data
    ble_dtm.o(i.radio_prepare) refers to ble_dtm.o(.data) for .data
    ble_dtm.o(i.radio_prepare) refers to ble_dtm.o(.bss) for .bss
    ble_dtm.o(i.radio_reset) refers to ble_dtm.o(.data) for .data
    ble_dtm.o(i.timer_init) refers to ble_dtm.o(.data) for .data
    entry.o(.ARM.Collect$$$$00000000) refers (Special) to entry10a.o(.ARM.Collect$$$$0000000D) for __rt_final_cpp
    entry.o(.ARM.Collect$$$$00000000) refers (Special) to entry11a.o(.ARM.Collect$$$$0000000F) for __rt_final_exit
    entry.o(.ARM.Collect$$$$00000000) refers (Special) to entry7b.o(.ARM.Collect$$$$00000008) for _main_clock
    entry.o(.ARM.Collect$$$$00000000) refers (Special) to entry8b.o(.ARM.Collect$$$$0000000A) for _main_cpp_init
    entry.o(.ARM.Collect$$$$00000000) refers (Special) to entry9a.o(.ARM.Collect$$$$0000000B) for _main_init
    entry.o(.ARM.Collect$$$$00000000) refers (Special) to entry5.o(.ARM.Collect$$$$00000004) for _main_scatterload
    entry.o(.ARM.Collect$$$$00000000) refers (Special) to entry2.o(.ARM.Collect$$$$00000001) for _main_stk
    entry2.o(.ARM.Collect$$$$00000001) refers to entry2.o(.ARM.Collect$$$$00002712) for __lit__00000000
    entry2.o(.ARM.Collect$$$$00002712) refers to arm_startup_nrf51.o(STACK) for __initial_sp
    entry2.o(__vectab_stack_and_reset_area) refers to arm_startup_nrf51.o(STACK) for __initial_sp
    entry2.o(__vectab_stack_and_reset_area) refers to entry.o(.ARM.Collect$$$$00000000) for __main
    entry5.o(.ARM.Collect$$$$00000004) refers to init.o(.text) for __scatterload
    entry9a.o(.ARM.Collect$$$$0000000B) refers to main.o(i.main) for main
    entry9b.o(.ARM.Collect$$$$0000000C) refers to main.o(i.main) for main
    init.o(.text) refers to entry5.o(.ARM.Collect$$$$00000004) for __main_after_scatterload


==============================================================================

Removing Unused input sections from the image.

    Removing main.o(.rev16_text), (4 bytes).
    Removing main.o(.revsh_text), (4 bytes).
    Removing arm_startup_nrf51.o(HEAP), (2048 bytes).
    Removing system_nrf51.o(.rev16_text), (4 bytes).
    Removing system_nrf51.o(.revsh_text), (4 bytes).
    Removing system_nrf51.o(i.SystemCoreClockUpdate), (16 bytes).
    Removing ble_dtm.o(.rev16_text), (4 bytes).
    Removing ble_dtm.o(.revsh_text), (4 bytes).

8 unused section(s) (total 2088 bytes) removed from the image.

==============================================================================

Image Symbol Table

    Local Symbols

    Symbol Name                              Value     Ov Type        Size  Object(Section)

    ../clib/microlib/init/entry.s            0x00000000   Number         0  entry11b.o ABSOLUTE
    ../clib/microlib/init/entry.s            0x00000000   Number         0  entry7a.o ABSOLUTE
    ../clib/microlib/init/entry.s            0x00000000   Number         0  entry.o ABSOLUTE
    ../clib/microlib/init/entry.s            0x00000000   Number         0  entry11a.o ABSOLUTE
    ../clib/microlib/init/entry.s            0x00000000   Number         0  entry10b.o ABSOLUTE
    ../clib/microlib/init/entry.s            0x00000000   Number         0  entry2.o ABSOLUTE
    ../clib/microlib/init/entry.s            0x00000000   Number         0  entry9b.o ABSOLUTE
    ../clib/microlib/init/entry.s            0x00000000   Number         0  entry9a.o ABSOLUTE
    ../clib/microlib/init/entry.s            0x00000000   Number         0  entry5.o ABSOLUTE
    ../clib/microlib/init/entry.s            0x00000000   Number         0  entry7b.o ABSOLUTE
    ../clib/microlib/init/entry.s            0x00000000   Number         0  entry8a.o ABSOLUTE
    ../clib/microlib/init/entry.s            0x00000000   Number         0  entry10a.o ABSOLUTE
    ../clib/microlib/init/entry.s            0x00000000   Number         0  entry8b.o ABSOLUTE
    ../clib/microlib/string/memcmp.c         0x00000000   Number         0  memcmp.o ABSOLUTE
    ../clib/microlib/string/memcpy.c         0x00000000   Number         0  memcpya.o ABSOLUTE
    ../clib/microlib/string/memcpy.c         0x00000000   Number         0  memcpyb.o ABSOLUTE
    ../clib/microlib/string/memset.c         0x00000000   Number         0  memseta.o ABSOLUTE
    ..\..\..\..\..\..\components\ble\ble_dtm\ble_dtm.c 0x00000000   Number         0  ble_dtm.o ABSOLUTE
    ..\..\..\..\..\..\components\toolchain\arm\arm_startup_nrf51.s 0x00000000   Number         0  arm_startup_nrf51.o ABSOLUTE
    ..\..\..\..\..\..\components\toolchain\system_nrf51.c 0x00000000   Number         0  system_nrf51.o ABSOLUTE
    ..\..\..\main.c                          0x00000000   Number         0  main.o ABSOLUTE
    ..\\..\\..\\..\\..\\..\\components\\ble\\ble_dtm\\ble_dtm.c 0x00000000   Number         0  ble_dtm.o ABSOLUTE
    ..\\..\\..\\..\\..\\..\\components\\toolchain\\system_nrf51.c 0x00000000   Number         0  system_nrf51.o ABSOLUTE
    ..\\..\\..\\main.c                       0x00000000   Number         0  main.o ABSOLUTE
    dc.s                                     0x00000000   Number         0  dc.o ABSOLUTE
    handlers.s                               0x00000000   Number         0  handlers.o ABSOLUTE
    init.s                                   0x00000000   Number         0  init.o ABSOLUTE
    RESET                                    0x00018000   Section      192  arm_startup_nrf51.o(RESET)
    .ARM.Collect$$$$00000000                 0x000180c0   Section        0  entry.o(.ARM.Collect$$$$00000000)
    .ARM.Collect$$$$00000001                 0x000180c0   Section        4  entry2.o(.ARM.Collect$$$$00000001)
    .ARM.Collect$$$$00000004                 0x000180c4   Section        4  entry5.o(.ARM.Collect$$$$00000004)
    .ARM.Collect$$$$00000008                 0x000180c8   Section        0  entry7b.o(.ARM.Collect$$$$00000008)
    .ARM.Collect$$$$0000000A                 0x000180c8   Section        0  entry8b.o(.ARM.Collect$$$$0000000A)
    .ARM.Collect$$$$0000000B                 0x000180c8   Section        8  entry9a.o(.ARM.Collect$$$$0000000B)
    .ARM.Collect$$$$0000000D                 0x000180d0   Section        0  entry10a.o(.ARM.Collect$$$$0000000D)
    .ARM.Collect$$$$0000000F                 0x000180d0   Section        0  entry11a.o(.ARM.Collect$$$$0000000F)
    .ARM.Collect$$$$00002712                 0x000180d0   Section        4  entry2.o(.ARM.Collect$$$$00002712)
    __lit__00000000                          0x000180d0   Data           4  entry2.o(.ARM.Collect$$$$00002712)
    .text                                    0x000180d4   Section       56  arm_startup_nrf51.o(.text)
    .text                                    0x0001810c   Section        0  memcpya.o(.text)
    .text                                    0x00018130   Section        0  memseta.o(.text)
    .text                                    0x00018154   Section        0  memcmp.o(.text)
    .text                                    0x00018170   Section       36  init.o(.text)
    i.SystemInit                             0x00018194   Section        0  system_nrf51.o(i.SystemInit)
    i.__scatterload_copy                     0x000181e8   Section       14  handlers.o(i.__scatterload_copy)
    i.__scatterload_null                     0x000181f6   Section        2  handlers.o(i.__scatterload_null)
    i.__scatterload_zeroinit                 0x000181f8   Section       14  handlers.o(i.__scatterload_zeroinit)
    i.check_pdu                              0x00018208   Section        0  ble_dtm.o(i.check_pdu)
    check_pdu                                0x00018209   Thumb Code    76  ble_dtm.o(i.check_pdu)
    i.dtm_cmd                                0x0001825c   Section        0  ble_dtm.o(i.dtm_cmd)
    i.dtm_event_get                          0x00018388   Section        0  ble_dtm.o(i.dtm_event_get)
    i.dtm_init                               0x0001839c   Section        0  ble_dtm.o(i.dtm_init)
    i.dtm_set_timer                          0x000183d4   Section        0  ble_dtm.o(i.dtm_set_timer)
    i.dtm_set_txpower                        0x00018418   Section        0  ble_dtm.o(i.dtm_set_txpower)
    i.dtm_test_done                          0x0001843c   Section        0  ble_dtm.o(i.dtm_test_done)
    dtm_test_done                            0x0001843d   Thumb Code    28  ble_dtm.o(i.dtm_test_done)
    i.dtm_wait                               0x00018464   Section        0  ble_dtm.o(i.dtm_wait)
    i.is_manual_peripheral_setup_needed      0x000184fc   Section        0  system_nrf51.o(i.is_manual_peripheral_setup_needed)
    is_manual_peripheral_setup_needed        0x000184fd   Thumb Code    66  system_nrf51.o(i.is_manual_peripheral_setup_needed)
    i.main                                   0x00018544   Section        0  main.o(i.main)
    i.radio_init                             0x0001861c   Section        0  ble_dtm.o(i.radio_init)
    radio_init                               0x0001861d   Thumb Code   170  ble_dtm.o(i.radio_init)
    i.radio_prepare                          0x000186d8   Section        0  ble_dtm.o(i.radio_prepare)
    radio_prepare                            0x000186d9   Thumb Code    64  ble_dtm.o(i.radio_prepare)
    i.radio_reset                            0x00018730   Section        0  ble_dtm.o(i.radio_reset)
    radio_reset                              0x00018731   Thumb Code    40  ble_dtm.o(i.radio_reset)
    i.timer_init                             0x0001876c   Section        0  ble_dtm.o(i.timer_init)
    timer_init                               0x0001876d   Thumb Code    86  ble_dtm.o(i.timer_init)
    .constdata                               0x000187cc   Section       37  ble_dtm.o(.constdata)
    m_prbs_content                           0x000187cc   Data          37  ble_dtm.o(.constdata)
    .data                                    0x20002000   Section        4  system_nrf51.o(.data)
    __tagsym$$used                           0x20002000   Number         0  system_nrf51.o(.data)
    .data                                    0x20002004   Section       64  ble_dtm.o(.data)
    m_state                                  0x20002004   Data           1  ble_dtm.o(.data)
    m_timer_irq                              0x20002005   Data           1  ble_dtm.o(.data)
    m_packetHeaderLFlen                      0x20002006   Data           1  ble_dtm.o(.data)
    m_packetHeaderS0len                      0x20002007   Data           1  ble_dtm.o(.data)
    m_packetHeaderS1len                      0x20002008   Data           1  ble_dtm.o(.data)
    m_crcConfSkipAddr                        0x20002009   Data           1  ble_dtm.o(.data)
    m_static_length                          0x2000200a   Data           1  ble_dtm.o(.data)
    m_crcLength                              0x2000200b   Data           1  ble_dtm.o(.data)
    m_radio_mode                             0x2000200c   Data           1  ble_dtm.o(.data)
    m_new_event                              0x2000200d   Data           1  ble_dtm.o(.data)
    m_packet_length                          0x2000200e   Data           1  ble_dtm.o(.data)
    m_rx_pkt_count                           0x20002010   Data           2  ble_dtm.o(.data)
    m_event                                  0x20002012   Data           2  ble_dtm.o(.data)
    m_current_time                           0x20002014   Data           4  ble_dtm.o(.data)
    m_tx_power                               0x20002018   Data           4  ble_dtm.o(.data)
    mp_timer                                 0x2000201c   Data           4  ble_dtm.o(.data)
    m_balen                                  0x20002020   Data           4  ble_dtm.o(.data)
    m_endian                                 0x20002024   Data           4  ble_dtm.o(.data)
    m_whitening                              0x20002028   Data           4  ble_dtm.o(.data)
    m_address                                0x2000202c   Data           4  ble_dtm.o(.data)
    m_crc_poly                               0x20002030   Data           4  ble_dtm.o(.data)
    m_crc_init                               0x20002034   Data           4  ble_dtm.o(.data)
    m_txIntervaluS                           0x20002038   Data           4  ble_dtm.o(.data)
    m_packet_type                            0x2000203c   Data           4  ble_dtm.o(.data)
    m_phys_ch                                0x20002040   Data           4  ble_dtm.o(.data)
    .bss                                     0x20002044   Section       39  ble_dtm.o(.bss)
    m_pdu                                    0x20002044   Data          39  ble_dtm.o(.bss)
    STACK                                    0x20002070   Section     2048  arm_startup_nrf51.o(STACK)

    Global Symbols

    Symbol Name                              Value     Ov Type        Size  Object(Section)

    BuildAttributes$$THM_ISAv3M$S$PE$A:L22$X:L11$S22$IEEE1$IW$USESV6$~STKCKD$USESV7$~SHL$OSPACE$EBA8$MICROLIB$REQ8$PRES8$EABIv2 0x00000000   Number         0  anon$$obj.o ABSOLUTE
    __ARM_use_no_argv                        0x00000000   Number         0  main.o ABSOLUTE
    __cpp_initialize__aeabi_                  - Undefined Weak Reference
    __cxa_finalize                            - Undefined Weak Reference
    __decompress                              - Undefined Weak Reference
    _clock_init                               - Undefined Weak Reference
    _microlib_exit                            - Undefined Weak Reference
    __Vectors_Size                           0x000000c0   Number         0  arm_startup_nrf51.o ABSOLUTE
    __Vectors                                0x00018000   Data           4  arm_startup_nrf51.o(RESET)
    __Vectors_End                            0x000180c0   Data           0  arm_startup_nrf51.o(RESET)
    __main                                   0x000180c1   Thumb Code     0  entry.o(.ARM.Collect$$$$00000000)
    _main_stk                                0x000180c1   Thumb Code     0  entry2.o(.ARM.Collect$$$$00000001)
    _main_scatterload                        0x000180c5   Thumb Code     0  entry5.o(.ARM.Collect$$$$00000004)
    __main_after_scatterload                 0x000180c9   Thumb Code     0  entry5.o(.ARM.Collect$$$$00000004)
    _main_clock                              0x000180c9   Thumb Code     0  entry7b.o(.ARM.Collect$$$$00000008)
    _main_cpp_init                           0x000180c9   Thumb Code     0  entry8b.o(.ARM.Collect$$$$0000000A)
    _main_init                               0x000180c9   Thumb Code     0  entry9a.o(.ARM.Collect$$$$0000000B)
    __rt_final_cpp                           0x000180d1   Thumb Code     0  entry10a.o(.ARM.Collect$$$$0000000D)
    __rt_final_exit                          0x000180d1   Thumb Code     0  entry11a.o(.ARM.Collect$$$$0000000F)
    Reset_Handler                            0x000180d5   Thumb Code    26  arm_startup_nrf51.o(.text)
    NMI_Handler                              0x000180ef   Thumb Code     2  arm_startup_nrf51.o(.text)
    HardFault_Handler                        0x000180f1   Thumb Code     2  arm_startup_nrf51.o(.text)
    SVC_Handler                              0x000180f3   Thumb Code     2  arm_startup_nrf51.o(.text)
    PendSV_Handler                           0x000180f5   Thumb Code     2  arm_startup_nrf51.o(.text)
    SysTick_Handler                          0x000180f7   Thumb Code     2  arm_startup_nrf51.o(.text)
    ADC_IRQHandler                           0x000180f9   Thumb Code     0  arm_startup_nrf51.o(.text)
    CCM_AAR_IRQHandler                       0x000180f9   Thumb Code     0  arm_startup_nrf51.o(.text)
    ECB_IRQHandler                           0x000180f9   Thumb Code     0  arm_startup_nrf51.o(.text)
    GPIOTE_IRQHandler                        0x000180f9   Thumb Code     0  arm_startup_nrf51.o(.text)
    LPCOMP_IRQHandler                        0x000180f9   Thumb Code     0  arm_startup_nrf51.o(.text)
    POWER_CLOCK_IRQHandler                   0x000180f9   Thumb Code     0  arm_startup_nrf51.o(.text)
    QDEC_IRQHandler                          0x000180f9   Thumb Code     0  arm_startup_nrf51.o(.text)
    RADIO_IRQHandler                         0x000180f9   Thumb Code     0  arm_startup_nrf51.o(.text)
    RNG_IRQHandler                           0x000180f9   Thumb Code     0  arm_startup_nrf51.o(.text)
    RTC0_IRQHandler                          0x000180f9   Thumb Code     0  arm_startup_nrf51.o(.text)
    RTC1_IRQHandler                          0x000180f9   Thumb Code     0  arm_startup_nrf51.o(.text)
    SPI0_TWI0_IRQHandler                     0x000180f9   Thumb Code     0  arm_startup_nrf51.o(.text)
    SPI1_TWI1_IRQHandler                     0x000180f9   Thumb Code     0  arm_startup_nrf51.o(.text)
    SWI0_IRQHandler                          0x000180f9   Thumb Code     0  arm_startup_nrf51.o(.text)
    SWI1_IRQHandler                          0x000180f9   Thumb Code     0  arm_startup_nrf51.o(.text)
    SWI2_IRQHandler                          0x000180f9   Thumb Code     0  arm_startup_nrf51.o(.text)
    SWI3_IRQHandler                          0x000180f9   Thumb Code     0  arm_startup_nrf51.o(.text)
    SWI4_IRQHandler                          0x000180f9   Thumb Code     0  arm_startup_nrf51.o(.text)
    SWI5_IRQHandler                          0x000180f9   Thumb Code     0  arm_startup_nrf51.o(.text)
    TEMP_IRQHandler                          0x000180f9   Thumb Code     0  arm_startup_nrf51.o(.text)
    TIMER0_IRQHandler                        0x000180f9   Thumb Code     0  arm_startup_nrf51.o(.text)
    TIMER1_IRQHandler                        0x000180f9   Thumb Code     0  arm_startup_nrf51.o(.text)
    TIMER2_IRQHandler                        0x000180f9   Thumb Code     0  arm_startup_nrf51.o(.text)
    UART0_IRQHandler                         0x000180f9   Thumb Code     0  arm_startup_nrf51.o(.text)
    WDT_IRQHandler                           0x000180f9   Thumb Code     0  arm_startup_nrf51.o(.text)
    __aeabi_memcpy                           0x0001810d   Thumb Code    36  memcpya.o(.text)
    __aeabi_memcpy4                          0x0001810d   Thumb Code     0  memcpya.o(.text)
    __aeabi_memcpy8                          0x0001810d   Thumb Code     0  memcpya.o(.text)
    __aeabi_memset                           0x00018131   Thumb Code    14  memseta.o(.text)
    __aeabi_memset4                          0x00018131   Thumb Code     0  memseta.o(.text)
    __aeabi_memset8                          0x00018131   Thumb Code     0  memseta.o(.text)
    __aeabi_memclr                           0x0001813f   Thumb Code     4  memseta.o(.text)
    __aeabi_memclr4                          0x0001813f   Thumb Code     0  memseta.o(.text)
    __aeabi_memclr8                          0x0001813f   Thumb Code     0  memseta.o(.text)
    _memset$wrapper                          0x00018143   Thumb Code    18  memseta.o(.text)
    memcmp                                   0x00018155   Thumb Code    26  memcmp.o(.text)
    __scatterload                            0x00018171   Thumb Code    28  init.o(.text)
    __scatterload_rt2                        0x00018171   Thumb Code     0  init.o(.text)
    SystemInit                               0x00018195   Thumb Code    64  system_nrf51.o(i.SystemInit)
    __scatterload_copy                       0x000181e9   Thumb Code    14  handlers.o(i.__scatterload_copy)
    __scatterload_null                       0x000181f7   Thumb Code     2  handlers.o(i.__scatterload_null)
    __scatterload_zeroinit                   0x000181f9   Thumb Code    14  handlers.o(i.__scatterload_zeroinit)
    dtm_cmd                                  0x0001825d   Thumb Code   270  ble_dtm.o(i.dtm_cmd)
    dtm_event_get                            0x00018389   Thumb Code    16  ble_dtm.o(i.dtm_event_get)
    dtm_init                                 0x0001839d   Thumb Code    46  ble_dtm.o(i.dtm_init)
    dtm_set_timer                            0x000183d5   Thumb Code    52  ble_dtm.o(i.dtm_set_timer)
    dtm_set_txpower                          0x00018419   Thumb Code    30  ble_dtm.o(i.dtm_set_txpower)
    dtm_wait                                 0x00018465   Thumb Code   124  ble_dtm.o(i.dtm_wait)
    main                                     0x00018545   Thumb Code   190  main.o(i.main)
    Region$$Table$$Base                      0x000187f4   Number         0  anon$$obj.o(Region$$Table)
    Region$$Table$$Limit                     0x00018814   Number         0  anon$$obj.o(Region$$Table)
    SystemCoreClock                          0x20002000   Data           4  system_nrf51.o(.data)
    __initial_sp                             0x20002870   Data           0  arm_startup_nrf51.o(STACK)



==============================================================================

Memory Map of the image

  Image Entry point : 0x000180c1

  Load Region LR_IROM1 (Base: 0x00018000, Size: 0x00000858, Max: 0x00028000, ABSOLUTE)

    Execution Region ER_IROM1 (Base: 0x00018000, Size: 0x00000814, Max: 0x00028000, ABSOLUTE)

    Base Addr    Size         Type   Attr      Idx    E Section Name        Object

    0x00018000   0x000000c0   Data   RO           66    RESET               arm_startup_nrf51.o
    0x000180c0   0x00000000   Code   RO          207  * .ARM.Collect$$$$00000000  mc_p.l(entry.o)
    0x000180c0   0x00000004   Code   RO          218    .ARM.Collect$$$$00000001  mc_p.l(entry2.o)
    0x000180c4   0x00000004   Code   RO          221    .ARM.Collect$$$$00000004  mc_p.l(entry5.o)
    0x000180c8   0x00000000   Code   RO          223    .ARM.Collect$$$$00000008  mc_p.l(entry7b.o)
    0x000180c8   0x00000000   Code   RO          225    .ARM.Collect$$$$0000000A  mc_p.l(entry8b.o)
    0x000180c8   0x00000008   Code   RO          226    .ARM.Collect$$$$0000000B  mc_p.l(entry9a.o)
    0x000180d0   0x00000000   Code   RO          228    .ARM.Collect$$$$0000000D  mc_p.l(entry10a.o)
    0x000180d0   0x00000000   Code   RO          230    .ARM.Collect$$$$0000000F  mc_p.l(entry11a.o)
    0x000180d0   0x00000004   Code   RO          219    .ARM.Collect$$$$00002712  mc_p.l(entry2.o)
    0x000180d4   0x00000038   Code   RO           67    .text               arm_startup_nrf51.o
    0x0001810c   0x00000024   Code   RO          210    .text               mc_p.l(memcpya.o)
    0x00018130   0x00000024   Code   RO          212    .text               mc_p.l(memseta.o)
    0x00018154   0x0000001a   Code   RO          214    .text               mc_p.l(memcmp.o)
    0x0001816e   0x00000002   PAD
    0x00018170   0x00000024   Code   RO          232    .text               mc_p.l(init.o)
    0x00018194   0x00000054   Code   RO           74    i.SystemInit        system_nrf51.o
    0x000181e8   0x0000000e   Code   RO          236    i.__scatterload_copy  mc_p.l(handlers.o)
    0x000181f6   0x00000002   Code   RO          237    i.__scatterload_null  mc_p.l(handlers.o)
    0x000181f8   0x0000000e   Code   RO          238    i.__scatterload_zeroinit  mc_p.l(handlers.o)
    0x00018206   0x00000002   PAD
    0x00018208   0x00000054   Code   RO          119    i.check_pdu         ble_dtm.o
    0x0001825c   0x0000012c   Code   RO          120    i.dtm_cmd           ble_dtm.o
    0x00018388   0x00000014   Code   RO          121    i.dtm_event_get     ble_dtm.o
    0x0001839c   0x00000038   Code   RO          122    i.dtm_init          ble_dtm.o
    0x000183d4   0x00000044   Code   RO          123    i.dtm_set_timer     ble_dtm.o
    0x00018418   0x00000024   Code   RO          124    i.dtm_set_txpower   ble_dtm.o
    0x0001843c   0x00000028   Code   RO          125    i.dtm_test_done     ble_dtm.o
    0x00018464   0x00000098   Code   RO          126    i.dtm_wait          ble_dtm.o
    0x000184fc   0x00000048   Code   RO           75    i.is_manual_peripheral_setup_needed  system_nrf51.o
    0x00018544   0x000000d8   Code   RO            3    i.main              main.o
    0x0001861c   0x000000bc   Code   RO          127    i.radio_init        ble_dtm.o
    0x000186d8   0x00000058   Code   RO          128    i.radio_prepare     ble_dtm.o
    0x00018730   0x0000003c   Code   RO          129    i.radio_reset       ble_dtm.o
    0x0001876c   0x00000060   Code   RO          130    i.timer_init        ble_dtm.o
    0x000187cc   0x00000025   Data   RO          132    .constdata          ble_dtm.o
    0x000187f1   0x00000003   PAD
    0x000187f4   0x00000020   Data   RO          234    Region$$Table       anon$$obj.o


    Execution Region RW_IRAM1 (Base: 0x20002000, Size: 0x00000870, Max: 0x00006000, ABSOLUTE)

    Base Addr    Size         Type   Attr      Idx    E Section Name        Object

    0x20002000   0x00000004   Data   RW           76    .data               system_nrf51.o
    0x20002004   0x00000040   Data   RW          133    .data               ble_dtm.o
    0x20002044   0x00000027   Zero   RW          131    .bss                ble_dtm.o
    0x2000206b   0x00000005   PAD
    0x20002070   0x00000800   Zero   RW           64    STACK               arm_startup_nrf51.o


==============================================================================

Image component sizes


      Code (inc. data)   RO Data    RW Data    ZI Data      Debug   Object Name

        56         18        192          0       2048        732   arm_startup_nrf51.o
      1188        186         37         64         39      16430   ble_dtm.o
       216         26          0          0          0      27195   main.o
       156         26          0          4          0       2235   system_nrf51.o

    ----------------------------------------------------------------------
      1616        256        264         68       2092      46592   Object Totals
         0          0         32          0          0          0   (incl. Generated)
         0          0          3          0          5          0   (incl. Padding)

    ----------------------------------------------------------------------

      Code (inc. data)   RO Data    RW Data    ZI Data      Debug   Library Member Name

         0          0          0          0          0          0   entry.o
         0          0          0          0          0          0   entry10a.o
         0          0          0          0          0          0   entry11a.o
         8          4          0          0          0          0   entry2.o
         4          0          0          0          0          0   entry5.o
         0          0          0          0          0          0   entry7b.o
         0          0          0          0          0          0   entry8b.o
         8          4          0          0          0          0   entry9a.o
        30          0          0          0          0          0   handlers.o
        36          8          0          0          0         68   init.o
        26          0          0          0          0         72   memcmp.o
        36          0          0          0          0         60   memcpya.o
        36          0          0          0          0        100   memseta.o

    ----------------------------------------------------------------------
       188         16          0          0          0        300   Library Totals
         4          0          0          0          0          0   (incl. Padding)

    ----------------------------------------------------------------------

      Code (inc. data)   RO Data    RW Data    ZI Data      Debug   Library Name

       184         16          0          0          0        300   mc_p.l

    ----------------------------------------------------------------------
       188         16          0          0          0        300   Library Totals

    ----------------------------------------------------------------------

==============================================================================


      Code (inc. data)   RO Data    RW Data    ZI Data      Debug   

      1804        272        264         68       2092      46384   Grand Totals
      1804        272        264         68       2092      46384   ELF Image Totals
      1804        272        264         68          0          0   ROM Totals

==============================================================================

    Total RO  Size (Code + RO Data)                 2068 (   2.02kB)
    Total RW  Size (RW Data + ZI Data)              2160 (   2.11kB)
    Total ROM Size (Code + RO Data + RW Data)       2136 (   2.09kB)

==============================================================================

