###############################################################################
#
# IAR ELF Linker V7.70.2.11706/W32 for ARM                08/Feb/2017  09:26:07
# Copyright 2007-2016 IAR Systems AB.
#
#    Output file  =  
#        D:\Users\pavut.wong\WorkSpace\chip_Nordic\nRF51_SDK_9.0.0_2e23562_1\examples\peripheral\rtc\pca10028\iar\_build\rtc_pca10028.out
#    Map file     =  
#        D:\Users\pavut.wong\WorkSpace\chip_Nordic\nRF51_SDK_9.0.0_2e23562_1\examples\peripheral\rtc\pca10028\iar\_build\rtc_pca10028.map
#    Command line =  
#        D:\Users\pavut.wong\WorkSpace\chip_Nordic\nRF51_SDK_9.0.0_2e23562_1\examples\peripheral\rtc\pca10028\iar\_build\app_error.o
#        D:\Users\pavut.wong\WorkSpace\chip_Nordic\nRF51_SDK_9.0.0_2e23562_1\examples\peripheral\rtc\pca10028\iar\_build\iar_startup_nrf51.o
#        D:\Users\pavut.wong\WorkSpace\chip_Nordic\nRF51_SDK_9.0.0_2e23562_1\examples\peripheral\rtc\pca10028\iar\_build\main.o
#        D:\Users\pavut.wong\WorkSpace\chip_Nordic\nRF51_SDK_9.0.0_2e23562_1\examples\peripheral\rtc\pca10028\iar\_build\nrf_assert.o
#        D:\Users\pavut.wong\WorkSpace\chip_Nordic\nRF51_SDK_9.0.0_2e23562_1\examples\peripheral\rtc\pca10028\iar\_build\nrf_drv_clock.o
#        D:\Users\pavut.wong\WorkSpace\chip_Nordic\nRF51_SDK_9.0.0_2e23562_1\examples\peripheral\rtc\pca10028\iar\_build\nrf_drv_common.o
#        D:\Users\pavut.wong\WorkSpace\chip_Nordic\nRF51_SDK_9.0.0_2e23562_1\examples\peripheral\rtc\pca10028\iar\_build\nrf_drv_rtc.o
#        D:\Users\pavut.wong\WorkSpace\chip_Nordic\nRF51_SDK_9.0.0_2e23562_1\examples\peripheral\rtc\pca10028\iar\_build\system_nrf51.o
#        --redirect _Printf=_PrintfFull --redirect _Scanf=_ScanfFull -o
#        D:\Users\pavut.wong\WorkSpace\chip_Nordic\nRF51_SDK_9.0.0_2e23562_1\examples\peripheral\rtc\pca10028\iar\_build\rtc_pca10028.out
#        --map
#        D:\Users\pavut.wong\WorkSpace\chip_Nordic\nRF51_SDK_9.0.0_2e23562_1\examples\peripheral\rtc\pca10028\iar\_build\rtc_pca10028.map
#        --config
#        D:\Users\pavut.wong\WorkSpace\chip_Nordic\nRF51_SDK_9.0.0_2e23562_1\examples\peripheral\rtc\pca10028\iar\rtc_iar_nrf51.icf
#        --warnings_are_errors --entry __iar_program_start --inline --vfe
#
###############################################################################

*******************************************************************************
*** RUNTIME MODEL ATTRIBUTES
***

CppFlavor       = *
__SystemLibrary = DLib


*******************************************************************************
*** PLACEMENT SUMMARY
***

"A0":  place at 0x00000000 { ro section .intvec };
"P1":  place in [from 0x00000000 to 0x0003ffff] { ro };
"P2":  place in [from 0x20000000 to 0x20007fff] { rw, block CSTACK, block HEAP };
initialize by copy { rw };
 { section .intvec };

  Section            Kind        Address   Size  Object
  -------            ----        -------   ----  ------
"A0":                                      0xc0
  .intvec            ro code  0x00000000   0xc0  iar_startup_nrf51.o [1]
                            - 0x000000c0   0xc0

"P1":                                     0x5d4
  .text              ro code  0x000000c0  0x1ec  nrf_drv_rtc.o [1]
  .text              ro code  0x000002ac   0x5c  nrf_drv_common.o [1]
  .text              ro code  0x00000308  0x104  nrf_drv_clock.o [1]
  .text              ro code  0x0000040c   0xcc  main.o [1]
  .text              ro code  0x000004d8   0x1c  app_error.o [1]
  .text              ro code  0x000004f4   0x7c  system_nrf51.o [1]
  .text              ro code  0x00000570   0x3c  packbits_init_single.o [4]
  .text              ro code  0x000005ac   0x2c  iar_startup_nrf51.o [1]
  .text              ro code  0x000005d8   0x28  data_init.o [4]
  .iar.init_table    const    0x00000600   0x10  - Linker created -
  .text              ro code  0x00000610   0x1a  cmain.o [4]
  .text              ro code  0x0000062a    0x8  exit.o [3]
  .text              ro code  0x00000632    0x2  iar_startup_nrf51.o [1]
  .text              ro code  0x00000634    0xa  cexit.o [4]
  .text              ro code  0x0000063e    0x2  iar_startup_nrf51.o [1]
  .text              ro code  0x00000640    0xc  XXexit.o [4]
  .text              ro code  0x0000064c    0xc  cstartup_M.o [4]
  .text              ro code  0x00000658    0x2  iar_startup_nrf51.o [1]
  .text              ro code  0x0000065a    0x2  iar_startup_nrf51.o [1]
  .text              ro code  0x0000065c    0x2  iar_startup_nrf51.o [1]
  .text              ro code  0x0000065e    0x2  iar_startup_nrf51.o [1]
  .text              ro code  0x00000660    0x2  iar_startup_nrf51.o [1]
  .text              ro code  0x00000662    0x2  iar_startup_nrf51.o [1]
  .text              ro code  0x00000664    0x2  iar_startup_nrf51.o [1]
  .text              ro code  0x00000666    0x2  iar_startup_nrf51.o [1]
  .text              ro code  0x00000668    0x2  iar_startup_nrf51.o [1]
  .text              ro code  0x0000066a    0x2  iar_startup_nrf51.o [1]
  .text              ro code  0x0000066c    0x2  iar_startup_nrf51.o [1]
  .text              ro code  0x0000066e    0x2  iar_startup_nrf51.o [1]
  .text              ro code  0x00000670    0x2  iar_startup_nrf51.o [1]
  .text              ro code  0x00000672    0x2  iar_startup_nrf51.o [1]
  .text              ro code  0x00000674    0x2  iar_startup_nrf51.o [1]
  .text              ro code  0x00000676    0x2  iar_startup_nrf51.o [1]
  .text              ro code  0x00000678    0x2  iar_startup_nrf51.o [1]
  .text              ro code  0x0000067a    0x2  iar_startup_nrf51.o [1]
  .text              ro code  0x0000067c    0x2  iar_startup_nrf51.o [1]
  .text              ro code  0x0000067e    0x2  iar_startup_nrf51.o [1]
  .text              ro code  0x00000680    0x2  iar_startup_nrf51.o [1]
  .text              ro code  0x00000682    0x2  iar_startup_nrf51.o [1]
  .text              ro code  0x00000684    0x2  iar_startup_nrf51.o [1]
  .text              ro code  0x00000686    0x2  iar_startup_nrf51.o [1]
  .text              ro code  0x00000688    0x2  iar_startup_nrf51.o [1]
  .text              ro code  0x0000068a    0x2  iar_startup_nrf51.o [1]
  .text              ro code  0x0000068c    0x2  iar_startup_nrf51.o [1]
  .rodata            const    0x0000068e    0x0  packbits_init_single.o [4]
  Initializer bytes  const    0x0000068e    0x6  <for P2-1>
                            - 0x00000694  0x5d4

"P2", part 1 of 2:                         0x18
  P2-1                        0x20000000   0x18  <Init block>
    .data            inited   0x20000000    0x4  system_nrf51.o [1]
    .bss             inited   0x20000004    0xc  nrf_drv_clock.o [1]
    .bss             inited   0x20000010    0x8  nrf_drv_rtc.o [1]
                            - 0x20000018   0x18

"P2", part 2 of 2:                        0x800
  CSTACK                      0x20000018  0x800  <Block>
    CSTACK           uninit   0x20000018  0x800  <Block tail>
                            - 0x20000818  0x800


*******************************************************************************
*** INIT TABLE
***

          Address     Size
          -------     ----
Copy/packbits (__iar_packbits_init_single3)
    1 source range, total size 0x6 (25% of destination):
          0x0000068e   0x6
    1 destination range, total size 0x18:
          0x20000000  0x18



*******************************************************************************
*** MODULE SUMMARY
***

    Module                  ro code  ro data  rw data
    ------                  -------  -------  -------
D:\Users\pavut.wong\WorkSpace\chip_Nordic\nRF51_SDK_9.0.0_2e23562_1\examples\peripheral\rtc\pca10028\iar\_build: [1]
    app_error.o                  28
    iar_startup_nrf51.o         294
    main.o                      204
    nrf_drv_clock.o             260        3       12
    nrf_drv_common.o             92
    nrf_drv_rtc.o               492        2        8
    system_nrf51.o              124        1        4
    -------------------------------------------------
    Total:                    1 494        6       24

command line: [2]
    -------------------------------------------------
    Total:

dl6M_tlf.a: [3]
    exit.o                        8
    -------------------------------------------------
    Total:                        8

rt6M_tl.a: [4]
    XXexit.o                     12
    cexit.o                      10
    cmain.o                      26
    cstartup_M.o                 12
    data_init.o                  40
    packbits_init_single.o       60
    -------------------------------------------------
    Total:                      160

    Linker created                        16    2 048
-----------------------------------------------------
    Grand Total:              1 662       22    2 072


*******************************************************************************
*** ENTRY LIST
***

Entry                      Address  Size  Type      Object
-----                      -------  ----  ----      ------
.iar.init_table$$Base   0x00000600         --   Gb  - Linker created -
.iar.init_table$$Limit  0x00000610         --   Gb  - Linker created -
?main                   0x00000611        Code  Gb  cmain.o [4]
CSTACK$$Base            0x20000018         --   Gb  - Linker created -
CSTACK$$Limit           0x20000818         --   Gb  - Linker created -
RTC0_IRQHandler         0x00000283   0xc  Code  Gb  nrf_drv_rtc.o [1]
Region$$Table$$Base     0x00000600         --   Gb  - Linker created -
Region$$Table$$Limit    0x00000610         --   Gb  - Linker created -
SystemCoreClock         0x20000000   0x4  Data  Gb  system_nrf51.o [1]
SystemInit              0x000004f5  0x68  Code  Gb  system_nrf51.o [1]
__Vectors               0x00000000         --   Gb  iar_startup_nrf51.o [1]
__Vectors_End           0x000000c0        Data  Gb  iar_startup_nrf51.o [1]
__Vectors_Size {Abs}    0x000000c0         --   Gb  iar_startup_nrf51.o [1]
__cmain                 0x00000611        Code  Gb  cmain.o [4]
__exit                  0x00000641        Code  Gb  XXexit.o [4]
__iar_data_init3        0x000005d9  0x28  Code  Gb  data_init.o [4]
__iar_packbits_init_single3
                        0x00000571  0x3c  Code  Gb  packbits_init_single.o [4]
__iar_program_start     0x0000064d        Code  Gb  cstartup_M.o [4]
__vector_table          0x00000000        Data  Gb  iar_startup_nrf51.o [1]
_call_main              0x0000061d        Code  Gb  cmain.o [4]
_exit                   0x00000635        Code  Gb  cexit.o [4]
_main                   0x00000627        Code  Gb  cmain.o [4]
app_error_handler       0x000004d9  0x1c  Code  Wk  app_error.o [1]
exit                    0x0000062b   0x8  Code  Gb  exit.o [3]
hfclk_control           0x0000035f  0x46  Code  Lc  nrf_drv_clock.o [1]
hfclk_stop              0x00000309  0x10  Code  Lc  nrf_drv_clock.o [1]
lfclk_control           0x00000329  0x36  Code  Lc  nrf_drv_clock.o [1]
lfclk_stop              0x00000319  0x10  Code  Lc  nrf_drv_clock.o [1]
m_cb                    0x20000010   0x4  Data  Lc  nrf_drv_rtc.o [1]
m_clock_cb              0x20000004   0xc  Data  Lc  nrf_drv_clock.o [1]
m_default_config        0x000002a4   0x8  Data  Lc  nrf_drv_rtc.o [1]
m_handlers              0x20000014   0x4  Data  Lc  nrf_drv_rtc.o [1]
main                    0x0000043d  0x82  Code  Gb  main.o [1]
nrf_drv_clock_init      0x000003a5  0x22  Code  Gb  nrf_drv_clock.o [1]
nrf_drv_clock_lfclk_request
                        0x000003c7   0xa  Code  Gb  nrf_drv_clock.o [1]
nrf_drv_common_irq_enable
                        0x000002ad  0x5c  Code  Gb  nrf_drv_common.o [1]
nrf_drv_rtc_cc_set      0x00000153  0x86  Code  Gb  nrf_drv_rtc.o [1]
nrf_drv_rtc_enable      0x0000013d   0xa  Code  Gb  nrf_drv_rtc.o [1]
nrf_drv_rtc_init        0x000000cd  0x70  Code  Gb  nrf_drv_rtc.o [1]
nrf_drv_rtc_int_handler
                        0x000001f7  0x8c  Code  Lc  nrf_drv_rtc.o [1]
nrf_drv_rtc_tick_enable
                        0x000001d9  0x14  Code  Gb  nrf_drv_rtc.o [1]
nrf_gpio_pin_toggle     0x0000040d  0x1a  Code  Lc  main.o [1]
nrf_rtc_cc_set          0x000000c1   0xc  Code  Lc  nrf_drv_rtc.o [1]
rtc                     0x000004d0   0x8  Data  Gb  main.o [1]
rtc_handler             0x00000427  0x16  Code  Lc  main.o [1]


[1] = D:\Users\pavut.wong\WorkSpace\chip_Nordic\nRF51_SDK_9.0.0_2e23562_1\examples\peripheral\rtc\pca10028\iar\_build
[2] = command line
[3] = dl6M_tlf.a
[4] = rt6M_tl.a

  1 662 bytes of readonly  code memory
     22 bytes of readonly  data memory
  2 072 bytes of readwrite data memory

Errors: none
Warnings: none
